 
****************************************
Report : power
        -hier
        -analysis_effort low
Design : seq_mod3_detector
Version: L-2016.03-SP1
Date   : Mon Oct 25 22:30:14 2021
****************************************


Library(s) Used:

    tcbn28hpcplusbwp7t35p140ssg0p81v125c_ccs (File: /root/lib/tcbn28hpcplusbwp7t35p140ssg0p81v125c_ccs.db)


Operating Conditions: ssg0p81v125c   Library: tcbn28hpcplusbwp7t35p140ssg0p81v125c_ccs
Wire Load Model Mode: segmented

Design        Wire Load Model            Library
------------------------------------------------
seq_mod3_detector      ZeroWireload      tcbn28hpcplusbwp7t35p140ssg0p81v125c_ccs


Global Operating Voltage = 0.81 
Power-specific unit information :
    Voltage Units = 1V
    Capacitance Units = 1.000000pf
    Time Units = 1ns
    Dynamic Power Units = 1mW    (derived from V,C,T units)
    Leakage Power Units = 1nW


--------------------------------------------------------------------------------
                                       Switch   Int      Leak     Total
Hierarchy                              Power    Power    Power    Power    %
--------------------------------------------------------------------------------
seq_mod3_detector                      4.87e-04 1.79e-03  190.150 2.46e-03 100.0
1
