Information: Changed wire load model for 'DW01_dec_width3' from '(none)' to '5KGATES'. (OPT-170)
Information: Changed wire load model for '*SUB_UNS_OP_3_1_3' from '(none)' to '5KGATES'. (OPT-170)
Information: Changed wire load model for 'DW01_add_width9' from '(none)' to '5KGATES'. (OPT-170)
Information: Changed wire load model for '*ADD_TC_OP_9_7_9' from '(none)' to '5KGATES'. (OPT-170)
Information: Changed wire load model for 'DW01_sub_width19' from '(none)' to '5KGATES'. (OPT-170)
Information: Changed wire load model for '*SUB_TC_OP_19_19_19' from '(none)' to '5KGATES'. (OPT-170)
Information: Changed wire load model for 'DW01_add_width19' from '(none)' to '5KGATES'. (OPT-170)
Information: Changed wire load model for '*ADD_TC_OP_19_19_19' from '(none)' to '5KGATES'. (OPT-170)
Information: Changed wire load model for 'DW01_sub_width9' from '(none)' to '5KGATES'. (OPT-170)
Information: Changed wire load model for '*SUB_TC_OP_9_7_9' from '(none)' to '5KGATES'. (OPT-170)
Information: Changed wire load model for 'DW01_add_width19' from '(none)' to '5KGATES'. (OPT-170)
Information: Changed wire load model for '*ADD_TC_OP_19_19_19' from '(none)' to '5KGATES'. (OPT-170)
Information: Changed wire load model for 'DW01_sub_width19' from '(none)' to '5KGATES'. (OPT-170)
Information: Changed wire load model for '*SUB_TC_OP_19_19_19' from '(none)' to '5KGATES'. (OPT-170)
Information: Changed wire load model for 'DW01_inc_width3' from '(none)' to '5KGATES'. (OPT-170)
Information: Changed wire load model for '*ADD_UNS_OP_3_1_3' from '(none)' to '5KGATES'. (OPT-170)
Information: Changed wire load model for 'DW01_sub_width19' from '(none)' to '5KGATES'. (OPT-170)
Information: Changed wire load model for '*SUB_UNS_OP_1_19_19' from '(none)' to '5KGATES'. (OPT-170)
Information: Changed wire load model for 'DW01_sub_width19' from '(none)' to '5KGATES'. (OPT-170)
Information: Changed wire load model for '*SUB_UNS_OP_1_19_19' from '(none)' to '5KGATES'. (OPT-170)
Information: Changed wire load model for 'DW01_dec_width3' from '(none)' to '5KGATES'. (OPT-170)
Information: Changed wire load model for '*SUB_UNS_OP_3_1_3' from '(none)' to '5KGATES'. (OPT-170)
Information: Changed wire load model for 'DW01_cmp2_width19' from '(none)' to '5KGATES'. (OPT-170)
Information: Changed wire load model for '*LT_TC_OP_19_19_1' from '(none)' to '5KGATES'. (OPT-170)
Information: Changed wire load model for 'DW01_cmp2_width16' from '(none)' to '5KGATES'. (OPT-170)
Information: Changed wire load model for '*LT_TC_OP_16_16_1' from '(none)' to '5KGATES'. (OPT-170)
Information: Changed wire load model for 'DW01_cmp2_width16' from '(none)' to '5KGATES'. (OPT-170)
Information: Changed wire load model for '*LT_TC_OP_16_16_1' from '(none)' to '5KGATES'. (OPT-170)
Information: Changed wire load model for 'DW_rightsh' from '(none)' to '5KGATES'. (OPT-170)
Information: Changed wire load model for '*ASHR_TC_UNS_OP_19_3_19' from '(none)' to '5KGATES'. (OPT-170)
Information: Changed wire load model for 'DW_rightsh' from '(none)' to '5KGATES'. (OPT-170)
Information: Changed wire load model for '*ASHR_TC_UNS_OP_19_3_19' from '(none)' to '5KGATES'. (OPT-170)
Information: Changed wire load model for 'DW01_cmp6_width3' from '(none)' to '5KGATES'. (OPT-170)
Information: Changed wire load model for '*EQ_UNS_OP_3_3_1' from '(none)' to '5KGATES'. (OPT-170)
Information: Changed wire load model for 'DW01_add_width19' from '(none)' to '5KGATES'. (OPT-170)
Information: Changed wire load model for '*ADD_TC_OP_19_14_19' from '(none)' to '5KGATES'. (OPT-170)
Information: Changed wire load model for 'DW01_add_width19' from '(none)' to '5KGATES'. (OPT-170)
Information: Changed wire load model for '*ADD_TC_OP_19_14_19' from '(none)' to '5KGATES'. (OPT-170)
Information: Changed wire load model for 'DW01_sub_width8' from '(none)' to '5KGATES'. (OPT-170)
Information: Changed wire load model for '*SUB_TC_OP_8_8_8' from '(none)' to '5KGATES'. (OPT-170)
Information: Changed wire load model for 'DW01_inc_width3' from '(none)' to '5KGATES'. (OPT-170)
Information: Changed wire load model for '*ADD_UNS_OP_3_1_3' from '(none)' to '5KGATES'. (OPT-170)
Information: Changed wire load model for 'DW01_dec_width3' from '(none)' to '5KGATES'. (OPT-170)
Information: Changed wire load model for '*SUB_UNS_OP_3_1_3' from '(none)' to '5KGATES'. (OPT-170)
Information: Changed wire load model for 'DW01_cmp6_width3' from '(none)' to '5KGATES'. (OPT-170)
Information: Changed wire load model for '*EQ_UNS_OP_3_3_1' from '(none)' to '5KGATES'. (OPT-170)
Information: Changed wire load model for 'DW01_cmp6_width3' from '(none)' to '5KGATES'. (OPT-170)
Information: Changed wire load model for '*EQ_UNS_OP_3_3_1' from '(none)' to '5KGATES'. (OPT-170)
Information: Changed wire load model for 'DW02_mult' from '(none)' to '5KGATES'. (OPT-170)
Information: Changed wire load model for '*MULT_TC_OP_8_8_16' from '(none)' to '5KGATES'. (OPT-170)
Information: Changed wire load model for 'DW02_mult' from '(none)' to '5KGATES'. (OPT-170)
Information: Changed wire load model for '*MULT_TC_OP_8_8_16' from '(none)' to '5KGATES'. (OPT-170)
Information: Changed wire load model for 'DW01_sub_width9' from '(none)' to '5KGATES'. (OPT-170)
Information: Changed wire load model for '*SUB_TC_OP_8_8_9' from '(none)' to '5KGATES'. (OPT-170)
Information: Changed wire load model for 'DW01_sub_width9' from '(none)' to '5KGATES'. (OPT-170)
Information: Changed wire load model for '*SUB_TC_OP_8_8_9' from '(none)' to '5KGATES'. (OPT-170)
Information: Changed wire load model for 'DW01_inc_width3' from '(none)' to '5KGATES'. (OPT-170)
Information: Changed wire load model for '*ADD_UNS_OP_3_1_3' from '(none)' to '5KGATES'. (OPT-170)
Information: Changed wire load model for 'DW01_inc_width3' from '(none)' to '5KGATES'. (OPT-170)
Information: Changed wire load model for '*ADD_UNS_OP_3_1_3' from '(none)' to '5KGATES'. (OPT-170)
Information: Changed wire load model for 'DW01_inc_width3' from '(none)' to '5KGATES'. (OPT-170)
Information: Changed wire load model for '*ADD_UNS_OP_3_1_3' from '(none)' to '5KGATES'. (OPT-170)
Information: Changed wire load model for 'DW01_dec_width3' from '(none)' to '5KGATES'. (OPT-170)
Information: Changed wire load model for '*SUB_UNS_OP_3_1_3' from '(none)' to '5KGATES'. (OPT-170)
Information: Changed wire load model for 'DW01_add_width8' from '(none)' to '5KGATES'. (OPT-170)
Information: Changed wire load model for '*ADD_TC_OP_7_7_8' from '(none)' to '5KGATES'. (OPT-170)
Information: Changed wire load model for 'DW01_cmp2_width8' from '(none)' to '5KGATES'. (OPT-170)
Information: Changed wire load model for '*LT_TC_OP_8_8_1' from '(none)' to '5KGATES'. (OPT-170)
Information: Changed wire load model for 'DW01_cmp2_width8' from '(none)' to '5KGATES'. (OPT-170)
Information: Changed wire load model for '*LT_TC_OP_8_8_1' from '(none)' to '5KGATES'. (OPT-170)
Information: Changed wire load model for 'DW01_cmp6_width2' from '(none)' to '5KGATES'. (OPT-170)
Information: Changed wire load model for '*EQ_UNS_OP_2_2_1' from '(none)' to '5KGATES'. (OPT-170)
Information: Changed wire load model for 'DW_leftsh' from '(none)' to '5KGATES'. (OPT-170)
Information: Changed wire load model for '*ASH_UNS_UNS_OP_8_3_8' from '(none)' to '5KGATES'. (OPT-170)
Information: Changed wire load model for 'DW01_cmp6_width2' from '(none)' to '5KGATES'. (OPT-170)
Information: Changed wire load model for '*EQ_UNS_OP_2_2_1' from '(none)' to '5KGATES'. (OPT-170)
Information: Changed wire load model for 'DW_leftsh' from '(none)' to '5KGATES'. (OPT-170)
Information: Changed wire load model for '*ASH_UNS_UNS_OP_8_3_8' from '(none)' to '5KGATES'. (OPT-170)
Information: Changed wire load model for 'DW01_cmp6_width2' from '(none)' to '5KGATES'. (OPT-170)
Information: Changed wire load model for '*EQ_UNS_OP_2_2_1' from '(none)' to '5KGATES'. (OPT-170)
Information: Changed wire load model for 'DW01_cmp6_width3' from '(none)' to '5KGATES'. (OPT-170)
Information: Changed wire load model for '*EQ_UNS_OP_3_3_1' from '(none)' to '5KGATES'. (OPT-170)
Information: Changed wire load model for 'DW01_cmp2_width8' from '(none)' to '5KGATES'. (OPT-170)
Information: Changed wire load model for '*LT_TC_OP_8_8_1' from '(none)' to '5KGATES'. (OPT-170)
Information: Updating design information... (UID-85)

Information: Checking generated_clocks...

Information: Checking loops...

Information: Checking no_input_delay...

Information: Checking unconstrained_endpoints...

Information: Checking pulse_clock_cell_type...

Information: Checking no_driving_cell...

Information: Checking partial_input_delay...
1
