 
****************************************
Report : constraint
        -all_violators
Design : cal_phase
Version: L-2016.03-SP1
Date   : Thu Oct 28 14:34:13 2021
****************************************


   min_delay/hold ('clk' group)

                             Required        Actual
   Endpoint                 Path Delay     Path Delay        Slack
   -----------------------------------------------------------------
   ph_last_reg_7_/D             3.49           2.72 f        -0.77  (VIOLATED)
   ph_vld_dly1_reg/D            3.49           2.73 f        -0.76  (VIOLATED)
   res_last_vld_reg/D           3.49           2.73 f        -0.76  (VIOLATED)
   ph_now_reg_7_/D              3.49           2.74 f        -0.75  (VIOLATED)
   ph_last_reg_1_/D             3.49           2.75 f        -0.74  (VIOLATED)
   ph_last_reg_2_/D             3.49           2.75 f        -0.74  (VIOLATED)
   ph_last_reg_3_/D             3.49           2.75 f        -0.74  (VIOLATED)
   ph_now_reg_0_/D              3.49           2.75 f        -0.74  (VIOLATED)
   ph_now_reg_1_/D              3.49           2.75 f        -0.74  (VIOLATED)
   ph_now_reg_2_/D              3.49           2.75 f        -0.74  (VIOLATED)
   ph_now_reg_3_/D              3.49           2.75 f        -0.74  (VIOLATED)
   ph_now_reg_4_/D              3.49           2.75 f        -0.74  (VIOLATED)
   ph_now_reg_5_/D              3.49           2.75 f        -0.74  (VIOLATED)
   ph_now_reg_6_/D              3.49           2.75 f        -0.74  (VIOLATED)
   ph_last_reg_4_/D             3.49           2.76 f        -0.73  (VIOLATED)
   ph_last_reg_5_/D             3.49           2.76 f        -0.73  (VIOLATED)
   ph_last_reg_6_/D             3.49           2.76 f        -0.73  (VIOLATED)
   ph_last_reg_0_/D             3.49           2.76 f        -0.72  (VIOLATED)
   cordic/cal_en_reg/D          3.49           2.80 f        -0.69  (VIOLATED)
   calvn/clk_gate_SumXinReg_reg/main_gate/A
                                3.00           2.33 f        -0.67  (VIOLATED)
   calvn/clk_gate_VnReg_4_reg/main_gate/A
                                3.00           2.33 f        -0.67  (VIOLATED)
   clk_gate_LastA2stZero_reg/main_gate/A
                                3.00           2.33 f        -0.67  (VIOLATED)
   clk_gate_ph_now_reg/main_gate/A
                                3.00           2.33 f        -0.67  (VIOLATED)
   cordic/clk_gate_res_rg_reg/main_gate/A
                                3.00           2.33 f        -0.67  (VIOLATED)
   cordic/clk_gate_xn_reg/main_gate/A
                                3.00           2.33 f        -0.67  (VIOLATED)
   dot/clk_gate_psum2_reg/main_gate/A
                                3.00           2.33 f        -0.67  (VIOLATED)
   calvn/clk_gate_VnReg_4_reg/latch/D
                                3.37           2.71 f        -0.66  (VIOLATED)
   clk_gate_LastA2stZero_reg/latch/D
                                3.37           2.73 f        -0.65  (VIOLATED)
   clk_gate_ph_now_reg/latch/D
                                3.37           2.73 f        -0.65  (VIOLATED)
   dot/clk_gate_psum2_reg/latch/D
                                3.37           2.74 f        -0.64  (VIOLATED)
   calvn/in_vld_dly2_reg/D      3.49           2.88 f        -0.61  (VIOLATED)
   cordic/nozero_flg_reg/E      3.33           2.72 r        -0.60  (VIOLATED)
   LastA2stZero_reg/D           3.49           2.95 f        -0.54  (VIOLATED)
   dot/mac_en_reg/D             3.49           2.99 f        -0.50  (VIOLATED)
   dot/finish_reg/D             3.47           3.00 r        -0.46  (VIOLATED)
   res_last_reg_0_/D            3.49           3.03 r        -0.46  (VIOLATED)
   dot/mac_cnt_reg_0_/D         3.51           3.06 f        -0.45  (VIOLATED)
   dot/mac_cnt_reg_1_/D         3.51           3.06 f        -0.45  (VIOLATED)
   dot/mac_cnt_reg_2_/D         3.51           3.07 f        -0.44  (VIOLATED)
   cordic/cal_cnt_reg_0_/D      3.49           3.12 r        -0.37  (VIOLATED)
   cordic/cal_cnt_reg_1_/D      3.51           3.15 f        -0.36  (VIOLATED)
   res_last_reg_4_/D            3.49           3.14 r        -0.35  (VIOLATED)
   res_last_reg_5_/D            3.49           3.14 r        -0.35  (VIOLATED)
   cordic/xn_reg_17_/D          3.49           3.14 r        -0.35  (VIOLATED)
   cordic/xn_reg_18_/D          3.49           3.14 r        -0.35  (VIOLATED)
   dot/psum1_reg_1_/D           3.49           3.14 r        -0.35  (VIOLATED)
   cordic/cal_cnt_reg_2_/D      3.49           3.15 f        -0.34  (VIOLATED)
   cordic/xn_reg_15_/D          3.49           3.15 r        -0.34  (VIOLATED)
   cordic/xn_reg_16_/D          3.49           3.15 r        -0.34  (VIOLATED)
   res_last_reg_6_/D            3.49           3.17 r        -0.32  (VIOLATED)
   res_last_reg_1_/D            3.49           3.19 r        -0.30  (VIOLATED)
   res_last_reg_2_/D            3.49           3.19 r        -0.30  (VIOLATED)
   res_last_reg_3_/D            3.49           3.19 r        -0.30  (VIOLATED)
   cordic/yn_reg_9_/D           3.49           3.20 f        -0.29  (VIOLATED)
   cordic/yn_reg_13_/D          3.49           3.20 f        -0.29  (VIOLATED)
   cordic/xn_reg_8_/D           3.49           3.20 f        -0.29  (VIOLATED)
   cordic/yn_reg_8_/D           3.49           3.20 f        -0.29  (VIOLATED)
   cordic/yn_reg_10_/D          3.49           3.20 f        -0.29  (VIOLATED)
   cordic/yn_reg_11_/D          3.49           3.21 f        -0.28  (VIOLATED)
   cordic/xn_reg_5_/D           3.49           3.21 f        -0.28  (VIOLATED)
   cordic/xn_reg_6_/D           3.49           3.21 f        -0.28  (VIOLATED)
   cordic/yn_reg_5_/D           3.49           3.21 f        -0.28  (VIOLATED)
   cordic/yn_reg_6_/D           3.49           3.21 f        -0.28  (VIOLATED)
   cordic/yn_reg_12_/D          3.49           3.21 f        -0.28  (VIOLATED)
   cordic/yn_reg_14_/D          3.49           3.21 f        -0.28  (VIOLATED)
   cordic/yn_reg_4_/D           3.49           3.21 f        -0.28  (VIOLATED)
   cordic/yn_reg_7_/D           3.49           3.21 f        -0.28  (VIOLATED)
   cordic/xn_reg_7_/D           3.49           3.21 f        -0.28  (VIOLATED)
   cordic/xn_reg_13_/D          3.49           3.21 f        -0.28  (VIOLATED)
   cordic/xn_reg_10_/D          3.49           3.21 f        -0.28  (VIOLATED)
   cordic/xn_reg_9_/D           3.49           3.21 f        -0.28  (VIOLATED)
   cordic/xn_reg_4_/D           3.49           3.22 f        -0.27  (VIOLATED)
   cordic/xn_reg_14_/D          3.49           3.22 f        -0.27  (VIOLATED)
   cordic/xn_reg_12_/D          3.49           3.22 f        -0.27  (VIOLATED)
   cordic/xn_reg_11_/D          3.49           3.22 f        -0.27  (VIOLATED)
   cordic/clk_gate_res_rg_reg/latch/D
                                3.37           3.11 f        -0.26  (VIOLATED)
   cordic/clk_gate_xn_reg/latch/D
                                3.37           3.11 f        -0.26  (VIOLATED)
   cordic/yn_reg_15_/D          3.49           3.24 f        -0.25  (VIOLATED)
   cordic/yn_reg_18_/D          3.49           3.24 r        -0.25  (VIOLATED)
   cordic/res_rg_reg_0_/D       3.49           3.25 r        -0.24  (VIOLATED)
   cordic/xn_reg_21_/D          3.49           3.26 r        -0.23  (VIOLATED)
   cordic/res_rg_reg_1_/D       3.49           3.26 r        -0.23  (VIOLATED)
   cordic/res_rg_reg_2_/D       3.49           3.26 r        -0.23  (VIOLATED)
   cordic/res_rg_reg_3_/D       3.49           3.26 r        -0.23  (VIOLATED)
   cordic/res_rg_reg_4_/D       3.49           3.26 r        -0.23  (VIOLATED)
   cordic/res_rg_reg_5_/D       3.49           3.26 r        -0.23  (VIOLATED)
   cordic/yn_reg_21_/D          3.49           3.29 f        -0.21  (VIOLATED)
   cordic/yn_reg_17_/D          3.49           3.28 r        -0.21  (VIOLATED)
   cordic/yn_reg_16_/D          3.49           3.28 r        -0.21  (VIOLATED)
   cordic/yn_reg_19_/D          3.49           3.29 f        -0.20  (VIOLATED)
   cordic/yn_reg_20_/D          3.49           3.29 f        -0.20  (VIOLATED)
   cordic/res_rg_reg_7_/D       3.49           3.32 f        -0.17  (VIOLATED)
   cordic/res_rg_reg_6_/D       3.49           3.35 r        -0.14  (VIOLATED)
   dot/psum2_reg_1_/D           3.49           3.35 r        -0.13  (VIOLATED)
   dot/psum1_reg_18_/D          3.49           3.36 r        -0.12  (VIOLATED)
   dot/psum1_reg_6_/D           3.49           3.37 r        -0.12  (VIOLATED)
   dot/psum1_reg_8_/D           3.49           3.37 r        -0.12  (VIOLATED)
   dot/psum1_reg_9_/D           3.49           3.37 r        -0.12  (VIOLATED)
   dot/psum1_reg_2_/D           3.49           3.38 r        -0.11  (VIOLATED)
   dot/psum1_reg_3_/D           3.49           3.38 r        -0.11  (VIOLATED)
   dot/psum1_reg_4_/D           3.49           3.38 r        -0.11  (VIOLATED)
   dot/psum1_reg_5_/D           3.49           3.38 r        -0.11  (VIOLATED)
   dot/psum1_reg_12_/D          3.49           3.38 r        -0.11  (VIOLATED)
   dot/psum1_reg_13_/D          3.49           3.38 r        -0.11  (VIOLATED)
   res_last_reg_8_/D            3.49           3.43 f        -0.06  (VIOLATED)
   calvn/VnReg_0_reg_1_/D       3.49           3.48 f        -0.01  (VIOLATED)
   calvn/VnReg_0_reg_2_/D       3.49           3.48 f        -0.01  (VIOLATED)
   calvn/VnReg_0_reg_3_/D       3.49           3.48 f        -0.01  (VIOLATED)
   calvn/VnReg_0_reg_4_/D       3.49           3.48 f        -0.01  (VIOLATED)
   calvn/VnReg_0_reg_5_/D       3.49           3.48 f        -0.01  (VIOLATED)
   calvn/VnReg_0_reg_6_/D       3.49           3.48 f        -0.01  (VIOLATED)
   dot/psum1_reg_16_/D          3.49           3.49 f         0.00  (VIOLATED: increase significant digits)
   cordic/xn_reg_2_/D           3.49           3.49 r         0.00  (VIOLATED: increase significant digits)


   max_transition

                             Required        Actual
   Net                      Transition     Transition        Slack
   -----------------------------------------------------------------
   en                           0.98           1.00          -0.02  (VIOLATED)
       PIN :   U29/A            0.98           1.00          -0.02  (VIOLATED)
       PIN :   calvn/U53/A      0.98           1.00          -0.02  (VIOLATED)
       PIN :   calvn/U52/A      0.98           1.00          -0.02  (VIOLATED)
   resetn                       0.98           1.00          -0.02  (VIOLATED)
       PIN :   res_last_reg_4_/CLR
                                0.98           1.00          -0.02  (VIOLATED)
       PIN :   U120/A           0.98           1.00          -0.02  (VIOLATED)
       PIN :   U119/A           0.98           1.00          -0.02  (VIOLATED)
       PIN :   res_last_reg_2_/CLR
                                0.98           1.00          -0.02  (VIOLATED)
       PIN :   LastA2stZero_reg/CLR
                                0.98           1.00          -0.02  (VIOLATED)
       PIN :   res_last_reg_5_/CLR
                                0.98           1.00          -0.02  (VIOLATED)
       PIN :   ph_last_reg_2_/CLR
                                0.98           1.00          -0.02  (VIOLATED)
       PIN :   ph_last_reg_4_/CLR
                                0.98           1.00          -0.02  (VIOLATED)
       PIN :   ph_last_reg_5_/CLR
                                0.98           1.00          -0.02  (VIOLATED)
       PIN :   ph_vld_dly1_reg/CLR
                                0.98           1.00          -0.02  (VIOLATED)
       PIN :   res_last_reg_8_/CLR
                                0.98           1.00          -0.02  (VIOLATED)
       PIN :   dot/U294/A       0.98           1.00          -0.02  (VIOLATED)
       PIN :   dot/U290/A       0.98           1.00          -0.02  (VIOLATED)
       PIN :   dot/U171/A       0.98           1.00          -0.02  (VIOLATED)
   v_in_0[0]                    0.98           1.00          -0.02  (VIOLATED)
       PIN :   U102/A           0.98           1.00          -0.02  (VIOLATED)
   v_in_0[1]                    0.98           1.00          -0.02  (VIOLATED)
       PIN :   U48/A            0.98           1.00          -0.02  (VIOLATED)
   v_in_0[2]                    0.98           1.00          -0.02  (VIOLATED)
       PIN :   U49/A            0.98           1.00          -0.02  (VIOLATED)
   v_in_0[3]                    0.98           1.00          -0.02  (VIOLATED)
       PIN :   U57/A            0.98           1.00          -0.02  (VIOLATED)
   v_in_0[4]                    0.98           1.00          -0.02  (VIOLATED)
       PIN :   U47/A            0.98           1.00          -0.02  (VIOLATED)
   v_in_0[5]                    0.98           1.00          -0.02  (VIOLATED)
       PIN :   U51/A            0.98           1.00          -0.02  (VIOLATED)
   v_in_0[6]                    0.98           1.00          -0.02  (VIOLATED)
       PIN :   U50/A            0.98           1.00          -0.02  (VIOLATED)
   v_in_0[7]                    0.98           1.00          -0.02  (VIOLATED)
       PIN :   U56/A            0.98           1.00          -0.02  (VIOLATED)
   v_in_1[0]                    0.98           1.00          -0.02  (VIOLATED)
       PIN :   U116/A           0.98           1.00          -0.02  (VIOLATED)
   v_in_1[1]                    0.98           1.00          -0.02  (VIOLATED)
       PIN :   calvn/U69/A      0.98           1.00          -0.02  (VIOLATED)
   v_in_1[2]                    0.98           1.00          -0.02  (VIOLATED)
       PIN :   calvn/U42/A      0.98           1.00          -0.02  (VIOLATED)
   v_in_1[3]                    0.98           1.00          -0.02  (VIOLATED)
       PIN :   U82/A            0.98           1.00          -0.02  (VIOLATED)
   v_in_1[4]                    0.98           1.00          -0.02  (VIOLATED)
       PIN :   U81/A            0.98           1.00          -0.02  (VIOLATED)
   v_in_1[5]                    0.98           1.00          -0.02  (VIOLATED)
       PIN :   U72/A            0.98           1.00          -0.02  (VIOLATED)
   v_in_1[6]                    0.98           1.00          -0.02  (VIOLATED)
       PIN :   U59/A            0.98           1.00          -0.02  (VIOLATED)
   v_in_1[7]                    0.98           1.00          -0.02  (VIOLATED)
       PIN :   U54/A            0.98           1.00          -0.02  (VIOLATED)
   v_in_2[0]                    0.98           1.00          -0.02  (VIOLATED)
       PIN :   U114/A           0.98           1.00          -0.02  (VIOLATED)
   v_in_2[1]                    0.98           1.00          -0.02  (VIOLATED)
       PIN :   U101/A           0.98           1.00          -0.02  (VIOLATED)
   v_in_2[2]                    0.98           1.00          -0.02  (VIOLATED)
       PIN :   U61/A            0.98           1.00          -0.02  (VIOLATED)
   v_in_2[3]                    0.98           1.00          -0.02  (VIOLATED)
       PIN :   U76/A            0.98           1.00          -0.02  (VIOLATED)
   v_in_2[4]                    0.98           1.00          -0.02  (VIOLATED)
       PIN :   U85/A            0.98           1.00          -0.02  (VIOLATED)
   v_in_2[5]                    0.98           1.00          -0.02  (VIOLATED)
       PIN :   U89/A            0.98           1.00          -0.02  (VIOLATED)
   v_in_2[6]                    0.98           1.00          -0.02  (VIOLATED)
       PIN :   U88/A            0.98           1.00          -0.02  (VIOLATED)
   v_in_2[7]                    0.98           1.00          -0.02  (VIOLATED)
       PIN :   U92/A            0.98           1.00          -0.02  (VIOLATED)
   v_in_3[0]                    0.98           1.00          -0.02  (VIOLATED)
       PIN :   U100/A           0.98           1.00          -0.02  (VIOLATED)
   v_in_3[1]                    0.98           1.00          -0.02  (VIOLATED)
       PIN :   calvn/U40/A      0.98           1.00          -0.02  (VIOLATED)
   v_in_3[2]                    0.98           1.00          -0.02  (VIOLATED)
       PIN :   calvn/U41/A      0.98           1.00          -0.02  (VIOLATED)
   v_in_3[3]                    0.98           1.00          -0.02  (VIOLATED)
       PIN :   U79/A            0.98           1.00          -0.02  (VIOLATED)
   v_in_3[4]                    0.98           1.00          -0.02  (VIOLATED)
       PIN :   U62/A            0.98           1.00          -0.02  (VIOLATED)
   v_in_3[5]                    0.98           1.00          -0.02  (VIOLATED)
       PIN :   U75/A            0.98           1.00          -0.02  (VIOLATED)
   v_in_3[6]                    0.98           1.00          -0.02  (VIOLATED)
       PIN :   U70/A            0.98           1.00          -0.02  (VIOLATED)
   v_in_3[7]                    0.98           1.00          -0.02  (VIOLATED)
       PIN :   U63/A            0.98           1.00          -0.02  (VIOLATED)
   v_in_4[0]                    0.98           1.00          -0.02  (VIOLATED)
       PIN :   U98/A            0.98           1.00          -0.02  (VIOLATED)
   v_in_4[1]                    0.98           1.00          -0.02  (VIOLATED)
       PIN :   U99/A            0.98           1.00          -0.02  (VIOLATED)
   v_in_4[2]                    0.98           1.00          -0.02  (VIOLATED)
       PIN :   U78/A            0.98           1.00          -0.02  (VIOLATED)
   v_in_4[3]                    0.98           1.00          -0.02  (VIOLATED)
       PIN :   U90/A            0.98           1.00          -0.02  (VIOLATED)
   v_in_4[4]                    0.98           1.00          -0.02  (VIOLATED)
       PIN :   U80/A            0.98           1.00          -0.02  (VIOLATED)
   v_in_4[5]                    0.98           1.00          -0.02  (VIOLATED)
       PIN :   U91/A            0.98           1.00          -0.02  (VIOLATED)
   v_in_4[6]                    0.98           1.00          -0.02  (VIOLATED)
       PIN :   U73/A            0.98           1.00          -0.02  (VIOLATED)
   v_in_4[7]                    0.98           1.00          -0.02  (VIOLATED)
       PIN :   U68/A            0.98           1.00          -0.02  (VIOLATED)
   v_in_5[0]                    0.98           1.00          -0.02  (VIOLATED)
       PIN :   U97/A            0.98           1.00          -0.02  (VIOLATED)
   v_in_5[1]                    0.98           1.00          -0.02  (VIOLATED)
       PIN :   U86/A            0.98           1.00          -0.02  (VIOLATED)
   v_in_5[2]                    0.98           1.00          -0.02  (VIOLATED)
       PIN :   U66/A            0.98           1.00          -0.02  (VIOLATED)
   v_in_5[3]                    0.98           1.00          -0.02  (VIOLATED)
       PIN :   U69/A            0.98           1.00          -0.02  (VIOLATED)
   v_in_5[4]                    0.98           1.00          -0.02  (VIOLATED)
       PIN :   U71/A            0.98           1.00          -0.02  (VIOLATED)
   v_in_5[5]                    0.98           1.00          -0.02  (VIOLATED)
       PIN :   U87/A            0.98           1.00          -0.02  (VIOLATED)
   v_in_5[6]                    0.98           1.00          -0.02  (VIOLATED)
       PIN :   U94/A            0.98           1.00          -0.02  (VIOLATED)
   v_in_5[7]                    0.98           1.00          -0.02  (VIOLATED)
       PIN :   U93/A            0.98           1.00          -0.02  (VIOLATED)
   v_in_6[0]                    0.98           1.00          -0.02  (VIOLATED)
       PIN :   U111/A           0.98           1.00          -0.02  (VIOLATED)
   v_in_6[1]                    0.98           1.00          -0.02  (VIOLATED)
       PIN :   U96/A            0.98           1.00          -0.02  (VIOLATED)
   v_in_6[2]                    0.98           1.00          -0.02  (VIOLATED)
       PIN :   U74/A            0.98           1.00          -0.02  (VIOLATED)
   v_in_6[3]                    0.98           1.00          -0.02  (VIOLATED)
       PIN :   U77/A            0.98           1.00          -0.02  (VIOLATED)
   v_in_6[4]                    0.98           1.00          -0.02  (VIOLATED)
       PIN :   U65/A            0.98           1.00          -0.02  (VIOLATED)
   v_in_6[5]                    0.98           1.00          -0.02  (VIOLATED)
       PIN :   U83/A            0.98           1.00          -0.02  (VIOLATED)
   v_in_6[6]                    0.98           1.00          -0.02  (VIOLATED)
       PIN :   U84/A            0.98           1.00          -0.02  (VIOLATED)
   v_in_6[7]                    0.98           1.00          -0.02  (VIOLATED)
       PIN :   U58/A            0.98           1.00          -0.02  (VIOLATED)
   v_in_7[0]                    0.98           1.00          -0.02  (VIOLATED)
       PIN :   U109/A           0.98           1.00          -0.02  (VIOLATED)
   v_in_7[1]                    0.98           1.00          -0.02  (VIOLATED)
       PIN :   U95/A            0.98           1.00          -0.02  (VIOLATED)
   v_in_7[2]                    0.98           1.00          -0.02  (VIOLATED)
       PIN :   U52/A            0.98           1.00          -0.02  (VIOLATED)
   v_in_7[3]                    0.98           1.00          -0.02  (VIOLATED)
       PIN :   U53/A            0.98           1.00          -0.02  (VIOLATED)
   v_in_7[4]                    0.98           1.00          -0.02  (VIOLATED)
       PIN :   U55/A            0.98           1.00          -0.02  (VIOLATED)
   v_in_7[5]                    0.98           1.00          -0.02  (VIOLATED)
       PIN :   U60/A            0.98           1.00          -0.02  (VIOLATED)
   v_in_7[6]                    0.98           1.00          -0.02  (VIOLATED)
       PIN :   U64/A            0.98           1.00          -0.02  (VIOLATED)
   v_in_7[7]                    0.98           1.00          -0.02  (VIOLATED)
       PIN :   U67/A            0.98           1.00          -0.02  (VIOLATED)
   vin_vld                      0.98           1.00          -0.02  (VIOLATED)
       PIN :   calvn/U52/B      0.98           1.00          -0.02  (VIOLATED)

   -----------------------------------------------------------------
   Total                      67                 -1.47  

1
