 
****************************************
Report : constraint
        -all_violators
Design : cal_phase
Version: L-2016.03-SP1
Date   : Tue Dec 21 17:37:10 2021
****************************************


   min_delay/hold ('clk' group)

                             Required        Actual
   Endpoint                 Path Delay     Path Delay        Slack
   -----------------------------------------------------------------
   cordic/cal_en_regNext_reg/D
                                3.49           2.76 f        -0.73  (VIOLATED)
   cordic/res_out_reg_7_/D      3.49           2.76 f        -0.73  (VIOLATED)
   dot/clk_gate_psum2_reg/latch/D
                                3.37           2.69 f        -0.69  (VIOLATED)
   calvn/clk_gate_Vins_0_reg/main_gate/A
                                3.00           2.33 f        -0.67  (VIOLATED)
   calvn/clk_gate_Vins_2_reg/main_gate/A
                                3.00           2.33 f        -0.67  (VIOLATED)
   calvn/clk_gate_Vins_4_reg/main_gate/A
                                3.00           2.33 f        -0.67  (VIOLATED)
   calvn/clk_gate_Vins_6_reg/main_gate/A
                                3.00           2.33 f        -0.67  (VIOLATED)
   calvn/clk_gate_max_v_reg/main_gate/A
                                3.00           2.33 f        -0.67  (VIOLATED)
   calvn/clk_gate_min_v_reg/main_gate/A
                                3.00           2.33 f        -0.67  (VIOLATED)
   calvn/clk_gate_v_cnt_reg/main_gate/A
                                3.00           2.33 f        -0.67  (VIOLATED)
   cordic/clk_gate_res_out_reg/main_gate/A
                                3.00           2.33 f        -0.67  (VIOLATED)
   cordic/clk_gate_res_rg_reg/main_gate/A
                                3.00           2.33 f        -0.67  (VIOLATED)
   cordic/clk_gate_yn_reg/main_gate/A
                                3.00           2.33 f        -0.67  (VIOLATED)
   dot/booth_cos/clk_gate_shiftReg_reg/main_gate/A
                                3.00           2.33 f        -0.67  (VIOLATED)
   dot/booth_sin/clk_gate_shiftReg_reg/main_gate/A
                                3.00           2.33 f        -0.67  (VIOLATED)
   dot/clk_gate_psum2_reg/main_gate/A
                                3.00           2.33 f        -0.67  (VIOLATED)
   cordic/clk_gate_res_out_reg/latch/D
                                3.37           2.73 f        -0.64  (VIOLATED)
   cordic/finish_reg/D          3.36           2.73 f        -0.62  (VIOLATED)
   dot/booth_cos/cal_cnt_reg_0_/D
                                3.49           2.87 f        -0.62  (VIOLATED)
   dot/booth_sin/cal_cnt_reg_0_/D
                                3.49           2.90 f        -0.59  (VIOLATED)
   dot/booth_cos/cal_cnt_reg_1_/D
                                3.49           2.92 f        -0.57  (VIOLATED)
   dot/booth_sin/cal_cnt_reg_1_/D
                                3.49           2.92 f        -0.57  (VIOLATED)
   cordic/cal_en_reg/D          3.49           2.92 r        -0.57  (VIOLATED)
   dot/booth_cos/cal_en_regNext_reg/D
                                3.47           2.91 f        -0.56  (VIOLATED)
   dot/booth_sin/cal_en_regNext_reg/D
                                3.47           2.91 f        -0.56  (VIOLATED)
   dot/mac_en_reg/D             3.49           2.95 f        -0.54  (VIOLATED)
   dot/booth_start_reg/D        3.50           2.98 r        -0.52  (VIOLATED)
   dot/booth_cos/cal_en_reg/D
                                3.49           2.97 f        -0.52  (VIOLATED)
   dot/booth_sin/cal_en_reg/D
                                3.49           2.97 f        -0.52  (VIOLATED)
   calvn/v_cnt_reg_0_/D         3.49           2.99 f        -0.50  (VIOLATED)
   dot/psum1_reg_0_/D           3.49           2.99 f        -0.50  (VIOLATED)
   dot/psum1_reg_1_/D           3.49           2.99 f        -0.50  (VIOLATED)
   dot/psum2_reg_0_/D           3.49           2.99 f        -0.50  (VIOLATED)
   dot/psum2_reg_1_/D           3.49           2.99 f        -0.50  (VIOLATED)
   dot/mac_cnt_reg_2_/D         3.49           3.01 f        -0.48  (VIOLATED)
   cordic/nozero_flg_reg/E      3.28           2.81 f        -0.47  (VIOLATED)
   dot/booth_cos/shiftReg_reg_1_/D
                                3.49           3.02 r        -0.47  (VIOLATED)
   dot/booth_cos/shiftReg_reg_2_/D
                                3.49           3.02 r        -0.47  (VIOLATED)
   dot/booth_sin/shiftReg_reg_1_/D
                                3.49           3.02 r        -0.47  (VIOLATED)
   dot/booth_sin/shiftReg_reg_2_/D
                                3.49           3.02 r        -0.47  (VIOLATED)
   calvn/v_cnt_reg_2_/D         3.49           3.03 f        -0.46  (VIOLATED)
   dot/booth_cos/shiftReg_reg_3_/D
                                3.49           3.06 r        -0.43  (VIOLATED)
   dot/booth_cos/shiftReg_reg_4_/D
                                3.49           3.06 r        -0.43  (VIOLATED)
   dot/booth_cos/shiftReg_reg_5_/D
                                3.49           3.06 r        -0.43  (VIOLATED)
   dot/booth_cos/shiftReg_reg_6_/D
                                3.49           3.06 r        -0.43  (VIOLATED)
   dot/booth_sin/shiftReg_reg_3_/D
                                3.49           3.06 r        -0.43  (VIOLATED)
   dot/booth_sin/shiftReg_reg_4_/D
                                3.49           3.06 r        -0.43  (VIOLATED)
   dot/booth_sin/shiftReg_reg_5_/D
                                3.49           3.06 r        -0.43  (VIOLATED)
   dot/booth_sin/shiftReg_reg_6_/D
                                3.49           3.06 r        -0.43  (VIOLATED)
   dot/psum1_reg_2_/D           3.49           3.06 r        -0.43  (VIOLATED)
   dot/psum1_reg_3_/D           3.49           3.06 r        -0.43  (VIOLATED)
   dot/psum1_reg_4_/D           3.49           3.06 r        -0.43  (VIOLATED)
   dot/psum1_reg_5_/D           3.49           3.06 r        -0.43  (VIOLATED)
   dot/psum2_reg_2_/D           3.49           3.06 r        -0.43  (VIOLATED)
   dot/psum2_reg_3_/D           3.49           3.06 r        -0.43  (VIOLATED)
   dot/psum2_reg_4_/D           3.49           3.06 r        -0.43  (VIOLATED)
   dot/psum2_reg_5_/D           3.49           3.06 r        -0.43  (VIOLATED)
   dot/mac_cnt_reg_0_/D         3.49           3.07 f        -0.42  (VIOLATED)
   cordic/res_out_reg_0_/D      3.49           3.09 f        -0.40  (VIOLATED)
   cordic/res_out_reg_1_/D      3.49           3.09 f        -0.40  (VIOLATED)
   cordic/res_out_reg_2_/D      3.49           3.09 f        -0.40  (VIOLATED)
   cordic/res_out_reg_3_/D      3.49           3.09 f        -0.40  (VIOLATED)
   cordic/res_out_reg_6_/D      3.49           3.09 f        -0.40  (VIOLATED)
   cordic/res_out_reg_4_/D      3.49           3.10 f        -0.39  (VIOLATED)
   cordic/res_out_reg_5_/D      3.49           3.10 f        -0.39  (VIOLATED)
   dot/booth_cos/shiftReg_reg_7_/D
                                3.49           3.10 f        -0.39  (VIOLATED)
   dot/booth_cos/shiftReg_reg_8_/D
                                3.49           3.12 f        -0.37  (VIOLATED)
   dot/booth_sin/shiftReg_reg_8_/D
                                3.49           3.12 f        -0.37  (VIOLATED)
   dot/mac_cnt_reg_1_/D         3.49           3.12 f        -0.37  (VIOLATED)
   dot/booth_cos/shiftReg_reg_16_/D
                                3.51           3.15 f        -0.35  (VIOLATED)
   dot/booth_sin/shiftReg_reg_16_/D
                                3.51           3.15 f        -0.35  (VIOLATED)
   dot/psum1_reg_7_/D           3.49           3.14 r        -0.35  (VIOLATED)
   dot/psum2_reg_7_/D           3.49           3.14 r        -0.34  (VIOLATED)
   dot/booth_cos/shiftReg_reg_17_/D
                                3.49           3.15 f        -0.34  (VIOLATED)
   dot/booth_sin/shiftReg_reg_17_/D
                                3.49           3.15 f        -0.34  (VIOLATED)
   dot/booth_sin/shiftReg_reg_7_/D
                                3.49           3.15 f        -0.34  (VIOLATED)
   cordic/cal_cnt_reg_0_/D      3.49           3.16 f        -0.33  (VIOLATED)
   dot/psum1_reg_9_/D           3.49           3.16 r        -0.32  (VIOLATED)
   dot/psum1_reg_11_/D          3.49           3.16 r        -0.32  (VIOLATED)
   dot/psum2_reg_9_/D           3.49           3.16 r        -0.32  (VIOLATED)
   dot/psum2_reg_11_/D          3.49           3.16 r        -0.32  (VIOLATED)
   cordic/cal_cnt_reg_2_/D      3.49           3.17 f        -0.32  (VIOLATED)
   dot/booth_cos/shiftReg_reg_0_/D
                                3.49           3.17 f        -0.32  (VIOLATED)
   dot/booth_sin/shiftReg_reg_0_/D
                                3.49           3.17 f        -0.32  (VIOLATED)
   calvn/clk_gate_min_v_reg/latch/D
                                3.37           3.05 f        -0.32  (VIOLATED)
   dot/psum2_reg_12_/D          3.49           3.17 r        -0.32  (VIOLATED)
   cordic/xn_reg_18_/D          3.49           3.17 r        -0.32  (VIOLATED)
   dot/psum1_reg_6_/D           3.49           3.17 f        -0.32  (VIOLATED)
   dot/psum2_reg_6_/D           3.49           3.17 f        -0.32  (VIOLATED)
   cordic/cal_cnt_reg_1_/D      3.49           3.18 f        -0.31  (VIOLATED)
   dot/psum1_reg_8_/D           3.49           3.19 r        -0.30  (VIOLATED)
   dot/psum1_reg_12_/D          3.49           3.19 r        -0.30  (VIOLATED)
   dot/psum2_reg_8_/D           3.49           3.19 r        -0.30  (VIOLATED)
   dot/psum1_reg_10_/D          3.49           3.20 r        -0.29  (VIOLATED)
   dot/psum2_reg_10_/D          3.49           3.20 r        -0.29  (VIOLATED)
   calvn/clk_gate_max_v_reg/latch/D
                                3.37           3.08 f        -0.29  (VIOLATED)
   cordic/yn_reg_18_/D          3.51           3.22 f        -0.29  (VIOLATED)
   cordic/yn_reg_15_/D          3.49           3.21 f        -0.28  (VIOLATED)
   cordic/yn_reg_16_/D          3.49           3.21 f        -0.28  (VIOLATED)
   cordic/yn_reg_17_/D          3.49           3.21 f        -0.28  (VIOLATED)
   dot/booth_cos/shiftReg_reg_18_/D
                                3.49           3.21 f        -0.28  (VIOLATED)
   dot/booth_sin/shiftReg_reg_18_/D
                                3.49           3.21 f        -0.28  (VIOLATED)
   cordic/clk_gate_res_rg_reg/latch/D
                                3.37           3.10 r        -0.27  (VIOLATED)
   cordic/res_rg_reg_6_/D       3.49           3.23 r        -0.26  (VIOLATED)
   dot/psum1_reg_15_/D          3.49           3.24 r        -0.25  (VIOLATED)
   dot/psum2_reg_15_/D          3.49           3.24 r        -0.25  (VIOLATED)
   calvn/v_cnt_reg_1_/D         3.49           3.27 f        -0.22  (VIOLATED)
   cordic/res_rg_reg_4_/D       3.49           3.27 f        -0.22  (VIOLATED)
   cordic/res_rg_reg_5_/D       3.49           3.27 f        -0.22  (VIOLATED)
   dot/psum2_reg_16_/D          3.49           3.28 r        -0.21  (VIOLATED)
   dot/psum1_reg_13_/D          3.49           3.28 r        -0.21  (VIOLATED)
   dot/psum2_reg_13_/D          3.49           3.28 r        -0.21  (VIOLATED)
   calvn/Vins_5_reg_0_/D        3.49           3.28 f        -0.21  (VIOLATED)
   calvn/Vins_5_reg_1_/D        3.49           3.28 f        -0.21  (VIOLATED)
   calvn/Vins_5_reg_2_/D        3.49           3.28 f        -0.21  (VIOLATED)
   calvn/Vins_5_reg_3_/D        3.49           3.28 f        -0.21  (VIOLATED)
   calvn/Vins_5_reg_4_/D        3.49           3.28 f        -0.21  (VIOLATED)
   calvn/Vins_5_reg_5_/D        3.49           3.28 f        -0.21  (VIOLATED)
   calvn/Vins_5_reg_6_/D        3.49           3.28 f        -0.21  (VIOLATED)
   calvn/Vins_5_reg_7_/D        3.49           3.28 f        -0.21  (VIOLATED)
   cordic/res_rg_reg_2_/D       3.49           3.29 f        -0.20  (VIOLATED)
   cordic/res_rg_reg_3_/D       3.49           3.29 f        -0.20  (VIOLATED)
   cordic/res_rg_reg_1_/D       3.49           3.29 f        -0.20  (VIOLATED)
   cordic/res_rg_reg_0_/D       3.49           3.29 r        -0.20  (VIOLATED)
   dot/psum1_reg_16_/D          3.49           3.29 r        -0.20  (VIOLATED)
   dot/psum1_reg_14_/D          3.49           3.32 f        -0.17  (VIOLATED)
   dot/psum2_reg_14_/D          3.49           3.32 f        -0.17  (VIOLATED)
   calvn/clk_gate_Vins_4_reg/latch/D
                                3.37           3.22 f        -0.16  (VIOLATED)
   dot/booth_cos/clk_gate_shiftReg_reg/latch/D
                                3.37           3.22 r        -0.15  (VIOLATED)
   dot/booth_sin/clk_gate_shiftReg_reg/latch/D
                                3.37           3.22 r        -0.15  (VIOLATED)
   calvn/mean_finish_regNext_reg/D
                                3.49           3.34 f        -0.15  (VIOLATED)
   cordic/xn_reg_15_/D          3.49           3.35 r        -0.14  (VIOLATED)
   cordic/res_rg_reg_8_/D       3.49           3.36 f        -0.12  (VIOLATED)
   calvn/Vins_3_reg_0_/D        3.49           3.37 f        -0.12  (VIOLATED)
   calvn/Vins_3_reg_2_/D        3.49           3.37 f        -0.12  (VIOLATED)
   calvn/Vins_3_reg_3_/D        3.49           3.37 f        -0.12  (VIOLATED)
   calvn/Vins_3_reg_4_/D        3.49           3.37 f        -0.12  (VIOLATED)
   calvn/Vins_3_reg_5_/D        3.49           3.37 f        -0.12  (VIOLATED)
   calvn/Vins_3_reg_6_/D        3.49           3.37 f        -0.12  (VIOLATED)
   calvn/Vins_3_reg_7_/D        3.49           3.37 f        -0.12  (VIOLATED)
   dot/psum2_reg_18_/D          3.49           3.37 r        -0.12  (VIOLATED)
   dot/psum1_reg_17_/D          3.49           3.38 f        -0.11  (VIOLATED)
   dot/psum1_reg_18_/D          3.49           3.38 f        -0.11  (VIOLATED)
   dot/psum2_reg_17_/D          3.49           3.38 f        -0.11  (VIOLATED)
   cordic/res_rg_reg_7_/D       3.49           3.38 r        -0.11  (VIOLATED)
   calvn/Vins_3_reg_1_/D        3.49           3.42 f        -0.07  (VIOLATED)
   cordic/yn_reg_3_/D           3.49           3.42 r        -0.07  (VIOLATED)
   calvn/clk_gate_Vins_2_reg/latch/D
                                3.37           3.30 f        -0.07  (VIOLATED)
   cordic/xn_reg_17_/D          3.49           3.43 f        -0.06  (VIOLATED)
   cordic/clk_gate_yn_reg/latch/D
                                3.37           3.32 r        -0.05  (VIOLATED)
   dot/finish_reg/D             3.49           3.44 f        -0.05  (VIOLATED)
   cordic/xn_reg_14_/D          3.49           3.45 r        -0.04  (VIOLATED)
   cordic/xn_reg_8_/D           3.49           3.45 r        -0.04  (VIOLATED)
   cordic/yn_reg_1_/D           3.49           3.45 r        -0.04  (VIOLATED)
   cordic/xn_reg_9_/D           3.49           3.47 f        -0.02  (VIOLATED)
   cordic/yn_reg_9_/D           3.49           3.47 r        -0.02  (VIOLATED)
   cordic/yn_reg_8_/D           3.49           3.48 r        -0.01  (VIOLATED)
   cordic/yn_reg_2_/D           3.49           3.48 r        -0.01  (VIOLATED)
   cordic/xn_reg_13_/D          3.49           3.48 r        -0.01  (VIOLATED)


   max_transition

                             Required        Actual
   Net                      Transition     Transition        Slack
   -----------------------------------------------------------------
   resetn                       0.98           1.00          -0.02  (VIOLATED)
       PIN :   U31/A            0.98           1.00          -0.02  (VIOLATED)
   rg_bypass_mean               0.98           1.00          -0.02  (VIOLATED)
       PIN :   calvn/U186/D     0.98           1.00          -0.02  (VIOLATED)
       PIN :   calvn/U162/A     0.98           1.00          -0.02  (VIOLATED)
       PIN :   calvn/U160/A     0.98           1.00          -0.02  (VIOLATED)
       PIN :   calvn/U158/A     0.98           1.00          -0.02  (VIOLATED)
       PIN :   calvn/U156/A     0.98           1.00          -0.02  (VIOLATED)
       PIN :   calvn/U154/A     0.98           1.00          -0.02  (VIOLATED)
       PIN :   calvn/U153/A     0.98           1.00          -0.02  (VIOLATED)
       PIN :   calvn/U152/A     0.98           1.00          -0.02  (VIOLATED)
       PIN :   calvn/U150/A     0.98           1.00          -0.02  (VIOLATED)
       PIN :   calvn/U148/A     0.98           1.00          -0.02  (VIOLATED)
       PIN :   calvn/U146/A     0.98           1.00          -0.02  (VIOLATED)
       PIN :   calvn/U144/A     0.98           1.00          -0.02  (VIOLATED)
       PIN :   calvn/U142/A     0.98           1.00          -0.02  (VIOLATED)
       PIN :   calvn/U140/A     0.98           1.00          -0.02  (VIOLATED)
       PIN :   calvn/U138/A     0.98           1.00          -0.02  (VIOLATED)
       PIN :   calvn/U117/A     0.98           1.00          -0.02  (VIOLATED)
       PIN :   calvn/U116/A     0.98           1.00          -0.02  (VIOLATED)
   rg_calphase_en               0.98           1.00          -0.02  (VIOLATED)
       PIN :   U9/A             0.98           1.00          -0.02  (VIOLATED)
       PIN :   calvn/U106/B     0.98           1.00          -0.02  (VIOLATED)
   rg_cordic_iternum[0]         0.98           1.00          -0.02  (VIOLATED)
       PIN :   U16/A            0.98           1.00          -0.02  (VIOLATED)
   rg_cordic_iternum[1]         0.98           1.00          -0.02  (VIOLATED)
       PIN :   U17/A            0.98           1.00          -0.02  (VIOLATED)
   rg_cordic_iternum[2]         0.98           1.00          -0.02  (VIOLATED)
       PIN :   cordic/U475/C
                                0.98           1.00          -0.02  (VIOLATED)
   rg_cos_table_0[0]            0.98           1.00          -0.02  (VIOLATED)
       PIN :   dot/U99/B        0.98           1.00          -0.02  (VIOLATED)
   rg_cos_table_0[1]            0.98           1.00          -0.02  (VIOLATED)
       PIN :   dot/U305/B       0.98           1.00          -0.02  (VIOLATED)
   rg_cos_table_0[2]            0.98           1.00          -0.02  (VIOLATED)
       PIN :   dot/U299/B       0.98           1.00          -0.02  (VIOLATED)
   rg_cos_table_0[3]            0.98           1.00          -0.02  (VIOLATED)
       PIN :   dot/U131/B       0.98           1.00          -0.02  (VIOLATED)
   rg_cos_table_0[4]            0.98           1.00          -0.02  (VIOLATED)
       PIN :   dot/U296/B       0.98           1.00          -0.02  (VIOLATED)
   rg_cos_table_0[5]            0.98           1.00          -0.02  (VIOLATED)
       PIN :   dot/U289/B       0.98           1.00          -0.02  (VIOLATED)
   rg_cos_table_0[6]            0.98           1.00          -0.02  (VIOLATED)
       PIN :   dot/U124/B       0.98           1.00          -0.02  (VIOLATED)
   rg_cos_table_0[7]            0.98           1.00          -0.02  (VIOLATED)
       PIN :   dot/U315/B       0.98           1.00          -0.02  (VIOLATED)
   rg_cos_table_1[0]            0.98           1.00          -0.02  (VIOLATED)
       PIN :   dot/U98/A        0.98           1.00          -0.02  (VIOLATED)
   rg_cos_table_1[1]            0.98           1.00          -0.02  (VIOLATED)
       PIN :   dot/U304/A       0.98           1.00          -0.02  (VIOLATED)
   rg_cos_table_1[2]            0.98           1.00          -0.02  (VIOLATED)
       PIN :   dot/U298/B       0.98           1.00          -0.02  (VIOLATED)
   rg_cos_table_1[3]            0.98           1.00          -0.02  (VIOLATED)
       PIN :   dot/U126/D       0.98           1.00          -0.02  (VIOLATED)
   rg_cos_table_1[4]            0.98           1.00          -0.02  (VIOLATED)
       PIN :   dot/U291/D       0.98           1.00          -0.02  (VIOLATED)
   rg_cos_table_1[5]            0.98           1.00          -0.02  (VIOLATED)
       PIN :   dot/U284/D       0.98           1.00          -0.02  (VIOLATED)
   rg_cos_table_1[6]            0.98           1.00          -0.02  (VIOLATED)
       PIN :   dot/U115/D       0.98           1.00          -0.02  (VIOLATED)
   rg_cos_table_1[7]            0.98           1.00          -0.02  (VIOLATED)
       PIN :   dot/U310/D       0.98           1.00          -0.02  (VIOLATED)
   rg_cos_table_2[0]            0.98           1.00          -0.02  (VIOLATED)
       PIN :   dot/U99/C        0.98           1.00          -0.02  (VIOLATED)
   rg_cos_table_2[1]            0.98           1.00          -0.02  (VIOLATED)
       PIN :   dot/U305/C       0.98           1.00          -0.02  (VIOLATED)
   rg_cos_table_2[2]            0.98           1.00          -0.02  (VIOLATED)
       PIN :   dot/U299/C       0.98           1.00          -0.02  (VIOLATED)
   rg_cos_table_2[3]            0.98           1.00          -0.02  (VIOLATED)
       PIN :   dot/U126/B       0.98           1.00          -0.02  (VIOLATED)
   rg_cos_table_2[4]            0.98           1.00          -0.02  (VIOLATED)
       PIN :   dot/U291/B       0.98           1.00          -0.02  (VIOLATED)
   rg_cos_table_2[5]            0.98           1.00          -0.02  (VIOLATED)
       PIN :   dot/U284/B       0.98           1.00          -0.02  (VIOLATED)
   rg_cos_table_2[6]            0.98           1.00          -0.02  (VIOLATED)
       PIN :   dot/U115/B       0.98           1.00          -0.02  (VIOLATED)
   rg_cos_table_2[7]            0.98           1.00          -0.02  (VIOLATED)
       PIN :   dot/U310/B       0.98           1.00          -0.02  (VIOLATED)
   rg_cos_table_3[0]            0.98           1.00          -0.02  (VIOLATED)
       PIN :   dot/U102/C       0.98           1.00          -0.02  (VIOLATED)
   rg_cos_table_3[1]            0.98           1.00          -0.02  (VIOLATED)
       PIN :   dot/U308/C       0.98           1.00          -0.02  (VIOLATED)
   rg_cos_table_3[2]            0.98           1.00          -0.02  (VIOLATED)
       PIN :   dot/U302/C       0.98           1.00          -0.02  (VIOLATED)
   rg_cos_table_3[3]            0.98           1.00          -0.02  (VIOLATED)
       PIN :   dot/U128/B       0.98           1.00          -0.02  (VIOLATED)
   rg_cos_table_3[4]            0.98           1.00          -0.02  (VIOLATED)
       PIN :   dot/U293/B       0.98           1.00          -0.02  (VIOLATED)
   rg_cos_table_3[5]            0.98           1.00          -0.02  (VIOLATED)
       PIN :   dot/U286/B       0.98           1.00          -0.02  (VIOLATED)
   rg_cos_table_3[6]            0.98           1.00          -0.02  (VIOLATED)
       PIN :   dot/U119/B       0.98           1.00          -0.02  (VIOLATED)
   rg_cos_table_3[7]            0.98           1.00          -0.02  (VIOLATED)
       PIN :   dot/U312/B       0.98           1.00          -0.02  (VIOLATED)
   rg_cos_table_4[0]            0.98           1.00          -0.02  (VIOLATED)
       PIN :   dot/U98/C        0.98           1.00          -0.02  (VIOLATED)
   rg_cos_table_4[1]            0.98           1.00          -0.02  (VIOLATED)
       PIN :   dot/U304/C       0.98           1.00          -0.02  (VIOLATED)
   rg_cos_table_4[2]            0.98           1.00          -0.02  (VIOLATED)
       PIN :   dot/U298/C       0.98           1.00          -0.02  (VIOLATED)
   rg_cos_table_4[3]            0.98           1.00          -0.02  (VIOLATED)
       PIN :   dot/U127/B       0.98           1.00          -0.02  (VIOLATED)
   rg_cos_table_4[4]            0.98           1.00          -0.02  (VIOLATED)
       PIN :   dot/U292/B       0.98           1.00          -0.02  (VIOLATED)
   rg_cos_table_4[5]            0.98           1.00          -0.02  (VIOLATED)
       PIN :   dot/U285/B       0.98           1.00          -0.02  (VIOLATED)
   rg_cos_table_4[6]            0.98           1.00          -0.02  (VIOLATED)
       PIN :   dot/U118/B       0.98           1.00          -0.02  (VIOLATED)
   rg_cos_table_4[7]            0.98           1.00          -0.02  (VIOLATED)
       PIN :   dot/U311/B       0.98           1.00          -0.02  (VIOLATED)
   rg_cos_table_5[0]            0.98           1.00          -0.02  (VIOLATED)
       PIN :   dot/U101/B       0.98           1.00          -0.02  (VIOLATED)
   rg_cos_table_5[1]            0.98           1.00          -0.02  (VIOLATED)
       PIN :   dot/U307/B       0.98           1.00          -0.02  (VIOLATED)
   rg_cos_table_5[2]            0.98           1.00          -0.02  (VIOLATED)
       PIN :   dot/U301/B       0.98           1.00          -0.02  (VIOLATED)
   rg_cos_table_5[3]            0.98           1.00          -0.02  (VIOLATED)
       PIN :   dot/U129/B       0.98           1.00          -0.02  (VIOLATED)
   rg_cos_table_5[4]            0.98           1.00          -0.02  (VIOLATED)
       PIN :   dot/U294/B       0.98           1.00          -0.02  (VIOLATED)
   rg_cos_table_5[5]            0.98           1.00          -0.02  (VIOLATED)
       PIN :   dot/U287/B       0.98           1.00          -0.02  (VIOLATED)
   rg_cos_table_5[6]            0.98           1.00          -0.02  (VIOLATED)
       PIN :   dot/U122/B       0.98           1.00          -0.02  (VIOLATED)
   rg_cos_table_5[7]            0.98           1.00          -0.02  (VIOLATED)
       PIN :   dot/U313/B       0.98           1.00          -0.02  (VIOLATED)
   rg_cos_table_6[0]            0.98           1.00          -0.02  (VIOLATED)
       PIN :   dot/U102/B       0.98           1.00          -0.02  (VIOLATED)
   rg_cos_table_6[1]            0.98           1.00          -0.02  (VIOLATED)
       PIN :   dot/U308/B       0.98           1.00          -0.02  (VIOLATED)
   rg_cos_table_6[2]            0.98           1.00          -0.02  (VIOLATED)
       PIN :   dot/U302/B       0.98           1.00          -0.02  (VIOLATED)
   rg_cos_table_6[3]            0.98           1.00          -0.02  (VIOLATED)
       PIN :   dot/U127/D       0.98           1.00          -0.02  (VIOLATED)
   rg_cos_table_6[4]            0.98           1.00          -0.02  (VIOLATED)
       PIN :   dot/U292/D       0.98           1.00          -0.02  (VIOLATED)
   rg_cos_table_6[5]            0.98           1.00          -0.02  (VIOLATED)
       PIN :   dot/U285/D       0.98           1.00          -0.02  (VIOLATED)
   rg_cos_table_6[6]            0.98           1.00          -0.02  (VIOLATED)
       PIN :   dot/U118/D       0.98           1.00          -0.02  (VIOLATED)
   rg_cos_table_6[7]            0.98           1.00          -0.02  (VIOLATED)
       PIN :   dot/U311/D       0.98           1.00          -0.02  (VIOLATED)
   rg_cos_table_7[0]            0.98           1.00          -0.02  (VIOLATED)
       PIN :   dot/U101/C       0.98           1.00          -0.02  (VIOLATED)
   rg_cos_table_7[1]            0.98           1.00          -0.02  (VIOLATED)
       PIN :   dot/U307/C       0.98           1.00          -0.02  (VIOLATED)
   rg_cos_table_7[2]            0.98           1.00          -0.02  (VIOLATED)
       PIN :   dot/U301/C       0.98           1.00          -0.02  (VIOLATED)
   rg_cos_table_7[3]            0.98           1.00          -0.02  (VIOLATED)
       PIN :   dot/U129/D       0.98           1.00          -0.02  (VIOLATED)
   rg_cos_table_7[4]            0.98           1.00          -0.02  (VIOLATED)
       PIN :   dot/U294/D       0.98           1.00          -0.02  (VIOLATED)
   rg_cos_table_7[5]            0.98           1.00          -0.02  (VIOLATED)
       PIN :   dot/U287/D       0.98           1.00          -0.02  (VIOLATED)
   rg_cos_table_7[6]            0.98           1.00          -0.02  (VIOLATED)
       PIN :   dot/U122/D       0.98           1.00          -0.02  (VIOLATED)
   rg_cos_table_7[7]            0.98           1.00          -0.02  (VIOLATED)
       PIN :   dot/U313/D       0.98           1.00          -0.02  (VIOLATED)
   rg_leakage_table_0[0]        0.98           1.00          -0.02  (VIOLATED)
       PIN :   calvn/U99/B      0.98           1.00          -0.02  (VIOLATED)
   rg_leakage_table_0[1]        0.98           1.00          -0.02  (VIOLATED)
       PIN :   calvn/U98/B      0.98           1.00          -0.02  (VIOLATED)
   rg_leakage_table_0[2]        0.98           1.00          -0.02  (VIOLATED)
       PIN :   calvn/U39/B      0.98           1.00          -0.02  (VIOLATED)
   rg_leakage_table_0[3]        0.98           1.00          -0.02  (VIOLATED)
       PIN :   calvn/U37/B      0.98           1.00          -0.02  (VIOLATED)
   rg_leakage_table_0[4]        0.98           1.00          -0.02  (VIOLATED)
       PIN :   calvn/U30/B      0.98           1.00          -0.02  (VIOLATED)
   rg_leakage_table_0[5]        0.98           1.00          -0.02  (VIOLATED)
       PIN :   calvn/U31/B      0.98           1.00          -0.02  (VIOLATED)
   rg_leakage_table_0[6]        0.98           1.00          -0.02  (VIOLATED)
       PIN :   calvn/U33/B      0.98           1.00          -0.02  (VIOLATED)
   rg_leakage_table_0[7]        0.98           1.00          -0.02  (VIOLATED)
       PIN :   calvn/U35/B      0.98           1.00          -0.02  (VIOLATED)
   rg_leakage_table_1[0]        0.98           1.00          -0.02  (VIOLATED)
       PIN :   calvn/U165/B     0.98           1.00          -0.02  (VIOLATED)
   rg_leakage_table_1[1]        0.98           1.00          -0.02  (VIOLATED)
       PIN :   calvn/U49/B      0.98           1.00          -0.02  (VIOLATED)
   rg_leakage_table_1[2]        0.98           1.00          -0.02  (VIOLATED)
       PIN :   calvn/U75/B      0.98           1.00          -0.02  (VIOLATED)
   rg_leakage_table_1[3]        0.98           1.00          -0.02  (VIOLATED)
       PIN :   calvn/U34/B      0.98           1.00          -0.02  (VIOLATED)
   rg_leakage_table_1[4]        0.98           1.00          -0.02  (VIOLATED)
       PIN :   calvn/U36/B      0.98           1.00          -0.02  (VIOLATED)
   rg_leakage_table_1[5]        0.98           1.00          -0.02  (VIOLATED)
       PIN :   calvn/U74/B      0.98           1.00          -0.02  (VIOLATED)
   rg_leakage_table_1[6]        0.98           1.00          -0.02  (VIOLATED)
       PIN :   calvn/U38/B      0.98           1.00          -0.02  (VIOLATED)
   rg_leakage_table_1[7]        0.98           1.00          -0.02  (VIOLATED)
       PIN :   calvn/U40/B      0.98           1.00          -0.02  (VIOLATED)
   rg_leakage_table_2[0]        0.98           1.00          -0.02  (VIOLATED)
       PIN :   calvn/U99/D      0.98           1.00          -0.02  (VIOLATED)
   rg_leakage_table_2[1]        0.98           1.00          -0.02  (VIOLATED)
       PIN :   calvn/U98/D      0.98           1.00          -0.02  (VIOLATED)
   rg_leakage_table_2[2]        0.98           1.00          -0.02  (VIOLATED)
       PIN :   calvn/U39/D      0.98           1.00          -0.02  (VIOLATED)
   rg_leakage_table_2[3]        0.98           1.00          -0.02  (VIOLATED)
       PIN :   calvn/U37/D      0.98           1.00          -0.02  (VIOLATED)
   rg_leakage_table_2[4]        0.98           1.00          -0.02  (VIOLATED)
       PIN :   calvn/U30/D      0.98           1.00          -0.02  (VIOLATED)
   rg_leakage_table_2[5]        0.98           1.00          -0.02  (VIOLATED)
       PIN :   calvn/U31/D      0.98           1.00          -0.02  (VIOLATED)
   rg_leakage_table_2[6]        0.98           1.00          -0.02  (VIOLATED)
       PIN :   calvn/U33/D      0.98           1.00          -0.02  (VIOLATED)
   rg_leakage_table_2[7]        0.98           1.00          -0.02  (VIOLATED)
       PIN :   calvn/U35/D      0.98           1.00          -0.02  (VIOLATED)
   rg_leakage_table_3[0]        0.98           1.00          -0.02  (VIOLATED)
       PIN :   calvn/U165/D     0.98           1.00          -0.02  (VIOLATED)
   rg_leakage_table_3[1]        0.98           1.00          -0.02  (VIOLATED)
       PIN :   calvn/U49/D      0.98           1.00          -0.02  (VIOLATED)
   rg_leakage_table_3[2]        0.98           1.00          -0.02  (VIOLATED)
       PIN :   calvn/U75/D      0.98           1.00          -0.02  (VIOLATED)
   rg_leakage_table_3[3]        0.98           1.00          -0.02  (VIOLATED)
       PIN :   calvn/U34/D      0.98           1.00          -0.02  (VIOLATED)
   rg_leakage_table_3[4]        0.98           1.00          -0.02  (VIOLATED)
       PIN :   calvn/U36/D      0.98           1.00          -0.02  (VIOLATED)
   rg_leakage_table_3[5]        0.98           1.00          -0.02  (VIOLATED)
       PIN :   calvn/U74/D      0.98           1.00          -0.02  (VIOLATED)
   rg_leakage_table_3[6]        0.98           1.00          -0.02  (VIOLATED)
       PIN :   calvn/U38/D      0.98           1.00          -0.02  (VIOLATED)
   rg_leakage_table_3[7]        0.98           1.00          -0.02  (VIOLATED)
       PIN :   calvn/U40/D      0.98           1.00          -0.02  (VIOLATED)
   rg_leakage_table_4[0]        0.98           1.00          -0.02  (VIOLATED)
       PIN :   calvn/U100/D     0.98           1.00          -0.02  (VIOLATED)
   rg_leakage_table_4[1]        0.98           1.00          -0.02  (VIOLATED)
       PIN :   calvn/U50/D      0.98           1.00          -0.02  (VIOLATED)
   rg_leakage_table_4[2]        0.98           1.00          -0.02  (VIOLATED)
       PIN :   calvn/U51/D      0.98           1.00          -0.02  (VIOLATED)
   rg_leakage_table_4[3]        0.98           1.00          -0.02  (VIOLATED)
       PIN :   calvn/U97/D      0.98           1.00          -0.02  (VIOLATED)
   rg_leakage_table_4[4]        0.98           1.00          -0.02  (VIOLATED)
       PIN :   calvn/U96/D      0.98           1.00          -0.02  (VIOLATED)
   rg_leakage_table_4[5]        0.98           1.00          -0.02  (VIOLATED)
       PIN :   calvn/U95/D      0.98           1.00          -0.02  (VIOLATED)
   rg_leakage_table_4[6]        0.98           1.00          -0.02  (VIOLATED)
       PIN :   calvn/U84/D      0.98           1.00          -0.02  (VIOLATED)
   rg_leakage_table_4[7]        0.98           1.00          -0.02  (VIOLATED)
       PIN :   calvn/U85/D      0.98           1.00          -0.02  (VIOLATED)
   rg_leakage_table_5[0]        0.98           1.00          -0.02  (VIOLATED)
       PIN :   calvn/U166/D     0.98           1.00          -0.02  (VIOLATED)
   rg_leakage_table_5[1]        0.98           1.00          -0.02  (VIOLATED)
       PIN :   calvn/U55/D      0.98           1.00          -0.02  (VIOLATED)
   rg_leakage_table_5[2]        0.98           1.00          -0.02  (VIOLATED)
       PIN :   calvn/U32/D      0.98           1.00          -0.02  (VIOLATED)
   rg_leakage_table_5[3]        0.98           1.00          -0.02  (VIOLATED)
       PIN :   calvn/U52/D      0.98           1.00          -0.02  (VIOLATED)
   rg_leakage_table_5[4]        0.98           1.00          -0.02  (VIOLATED)
       PIN :   calvn/U164/D     0.98           1.00          -0.02  (VIOLATED)
   rg_leakage_table_5[5]        0.98           1.00          -0.02  (VIOLATED)
       PIN :   calvn/U163/D     0.98           1.00          -0.02  (VIOLATED)
   rg_leakage_table_5[6]        0.98           1.00          -0.02  (VIOLATED)
       PIN :   calvn/U54/D      0.98           1.00          -0.02  (VIOLATED)
   rg_leakage_table_5[7]        0.98           1.00          -0.02  (VIOLATED)
       PIN :   calvn/U53/D      0.98           1.00          -0.02  (VIOLATED)
   rg_leakage_table_6[0]        0.98           1.00          -0.02  (VIOLATED)
       PIN :   calvn/U100/B     0.98           1.00          -0.02  (VIOLATED)
   rg_leakage_table_6[1]        0.98           1.00          -0.02  (VIOLATED)
       PIN :   calvn/U50/B      0.98           1.00          -0.02  (VIOLATED)
   rg_leakage_table_6[2]        0.98           1.00          -0.02  (VIOLATED)
       PIN :   calvn/U51/B      0.98           1.00          -0.02  (VIOLATED)
   rg_leakage_table_6[3]        0.98           1.00          -0.02  (VIOLATED)
       PIN :   calvn/U97/B      0.98           1.00          -0.02  (VIOLATED)
   rg_leakage_table_6[4]        0.98           1.00          -0.02  (VIOLATED)
       PIN :   calvn/U96/B      0.98           1.00          -0.02  (VIOLATED)
   rg_leakage_table_6[5]        0.98           1.00          -0.02  (VIOLATED)
       PIN :   calvn/U95/B      0.98           1.00          -0.02  (VIOLATED)
   rg_leakage_table_6[6]        0.98           1.00          -0.02  (VIOLATED)
       PIN :   calvn/U84/B      0.98           1.00          -0.02  (VIOLATED)
   rg_leakage_table_6[7]        0.98           1.00          -0.02  (VIOLATED)
       PIN :   calvn/U85/B      0.98           1.00          -0.02  (VIOLATED)
   rg_leakage_table_7[0]        0.98           1.00          -0.02  (VIOLATED)
       PIN :   calvn/U166/B     0.98           1.00          -0.02  (VIOLATED)
   rg_leakage_table_7[1]        0.98           1.00          -0.02  (VIOLATED)
       PIN :   calvn/U55/B      0.98           1.00          -0.02  (VIOLATED)
   rg_leakage_table_7[2]        0.98           1.00          -0.02  (VIOLATED)
       PIN :   calvn/U32/B      0.98           1.00          -0.02  (VIOLATED)
   rg_leakage_table_7[3]        0.98           1.00          -0.02  (VIOLATED)
       PIN :   calvn/U52/B      0.98           1.00          -0.02  (VIOLATED)
   rg_leakage_table_7[4]        0.98           1.00          -0.02  (VIOLATED)
       PIN :   calvn/U164/B     0.98           1.00          -0.02  (VIOLATED)
   rg_leakage_table_7[5]        0.98           1.00          -0.02  (VIOLATED)
       PIN :   calvn/U163/B     0.98           1.00          -0.02  (VIOLATED)
   rg_leakage_table_7[6]        0.98           1.00          -0.02  (VIOLATED)
       PIN :   calvn/U54/B      0.98           1.00          -0.02  (VIOLATED)
   rg_leakage_table_7[7]        0.98           1.00          -0.02  (VIOLATED)
       PIN :   calvn/U53/B      0.98           1.00          -0.02  (VIOLATED)
   rg_sin_table_0[0]            0.98           1.00          -0.02  (VIOLATED)
       PIN :   dot/U88/B        0.98           1.00          -0.02  (VIOLATED)
   rg_sin_table_0[1]            0.98           1.00          -0.02  (VIOLATED)
       PIN :   dot/U273/B       0.98           1.00          -0.02  (VIOLATED)
   rg_sin_table_0[2]            0.98           1.00          -0.02  (VIOLATED)
       PIN :   dot/U267/B       0.98           1.00          -0.02  (VIOLATED)
   rg_sin_table_0[3]            0.98           1.00          -0.02  (VIOLATED)
       PIN :   dot/U112/B       0.98           1.00          -0.02  (VIOLATED)
   rg_sin_table_0[4]            0.98           1.00          -0.02  (VIOLATED)
       PIN :   dot/U264/B       0.98           1.00          -0.02  (VIOLATED)
   rg_sin_table_0[5]            0.98           1.00          -0.02  (VIOLATED)
       PIN :   dot/U257/B       0.98           1.00          -0.02  (VIOLATED)
   rg_sin_table_0[6]            0.98           1.00          -0.02  (VIOLATED)
       PIN :   dot/U250/B       0.98           1.00          -0.02  (VIOLATED)
   rg_sin_table_0[7]            0.98           1.00          -0.02  (VIOLATED)
       PIN :   dot/U283/B       0.98           1.00          -0.02  (VIOLATED)
   rg_sin_table_1[0]            0.98           1.00          -0.02  (VIOLATED)
       PIN :   dot/U82/B        0.98           1.00          -0.02  (VIOLATED)
   rg_sin_table_1[1]            0.98           1.00          -0.02  (VIOLATED)
       PIN :   dot/U272/B       0.98           1.00          -0.02  (VIOLATED)
   rg_sin_table_1[2]            0.98           1.00          -0.02  (VIOLATED)
       PIN :   dot/U266/B       0.98           1.00          -0.02  (VIOLATED)
   rg_sin_table_1[3]            0.98           1.00          -0.02  (VIOLATED)
       PIN :   dot/U107/D       0.98           1.00          -0.02  (VIOLATED)
   rg_sin_table_1[4]            0.98           1.00          -0.02  (VIOLATED)
       PIN :   dot/U259/D       0.98           1.00          -0.02  (VIOLATED)
   rg_sin_table_1[5]            0.98           1.00          -0.02  (VIOLATED)
       PIN :   dot/U252/D       0.98           1.00          -0.02  (VIOLATED)
   rg_sin_table_1[6]            0.98           1.00          -0.02  (VIOLATED)
       PIN :   dot/U245/D       0.98           1.00          -0.02  (VIOLATED)
   rg_sin_table_1[7]            0.98           1.00          -0.02  (VIOLATED)
       PIN :   dot/U278/D       0.98           1.00          -0.02  (VIOLATED)
   rg_sin_table_2[0]            0.98           1.00          -0.02  (VIOLATED)
       PIN :   dot/U88/C        0.98           1.00          -0.02  (VIOLATED)
   rg_sin_table_2[1]            0.98           1.00          -0.02  (VIOLATED)
       PIN :   dot/U273/C       0.98           1.00          -0.02  (VIOLATED)
   rg_sin_table_2[2]            0.98           1.00          -0.02  (VIOLATED)
       PIN :   dot/U267/C       0.98           1.00          -0.02  (VIOLATED)
   rg_sin_table_2[3]            0.98           1.00          -0.02  (VIOLATED)
       PIN :   dot/U107/B       0.98           1.00          -0.02  (VIOLATED)
   rg_sin_table_2[4]            0.98           1.00          -0.02  (VIOLATED)
       PIN :   dot/U259/B       0.98           1.00          -0.02  (VIOLATED)
   rg_sin_table_2[5]            0.98           1.00          -0.02  (VIOLATED)
       PIN :   dot/U252/B       0.98           1.00          -0.02  (VIOLATED)
   rg_sin_table_2[6]            0.98           1.00          -0.02  (VIOLATED)
       PIN :   dot/U245/B       0.98           1.00          -0.02  (VIOLATED)
   rg_sin_table_2[7]            0.98           1.00          -0.02  (VIOLATED)
       PIN :   dot/U278/B       0.98           1.00          -0.02  (VIOLATED)
   rg_sin_table_3[0]            0.98           1.00          -0.02  (VIOLATED)
       PIN :   dot/U95/C        0.98           1.00          -0.02  (VIOLATED)
   rg_sin_table_3[1]            0.98           1.00          -0.02  (VIOLATED)
       PIN :   dot/U276/C       0.98           1.00          -0.02  (VIOLATED)
   rg_sin_table_3[2]            0.98           1.00          -0.02  (VIOLATED)
       PIN :   dot/U270/C       0.98           1.00          -0.02  (VIOLATED)
   rg_sin_table_3[3]            0.98           1.00          -0.02  (VIOLATED)
       PIN :   dot/U109/B       0.98           1.00          -0.02  (VIOLATED)
   rg_sin_table_3[4]            0.98           1.00          -0.02  (VIOLATED)
       PIN :   dot/U261/B       0.98           1.00          -0.02  (VIOLATED)
   rg_sin_table_3[5]            0.98           1.00          -0.02  (VIOLATED)
       PIN :   dot/U254/B       0.98           1.00          -0.02  (VIOLATED)
   rg_sin_table_3[6]            0.98           1.00          -0.02  (VIOLATED)
       PIN :   dot/U247/B       0.98           1.00          -0.02  (VIOLATED)
   rg_sin_table_3[7]            0.98           1.00          -0.02  (VIOLATED)
       PIN :   dot/U280/B       0.98           1.00          -0.02  (VIOLATED)
   rg_sin_table_4[0]            0.98           1.00          -0.02  (VIOLATED)
       PIN :   dot/U82/C        0.98           1.00          -0.02  (VIOLATED)
   rg_sin_table_4[1]            0.98           1.00          -0.02  (VIOLATED)
       PIN :   dot/U272/C       0.98           1.00          -0.02  (VIOLATED)
   rg_sin_table_4[2]            0.98           1.00          -0.02  (VIOLATED)
       PIN :   dot/U266/C       0.98           1.00          -0.02  (VIOLATED)
   rg_sin_table_4[3]            0.98           1.00          -0.02  (VIOLATED)
       PIN :   dot/U108/B       0.98           1.00          -0.02  (VIOLATED)
   rg_sin_table_4[4]            0.98           1.00          -0.02  (VIOLATED)
       PIN :   dot/U260/B       0.98           1.00          -0.02  (VIOLATED)
   rg_sin_table_4[5]            0.98           1.00          -0.02  (VIOLATED)
       PIN :   dot/U253/B       0.98           1.00          -0.02  (VIOLATED)
   rg_sin_table_4[6]            0.98           1.00          -0.02  (VIOLATED)
       PIN :   dot/U246/B       0.98           1.00          -0.02  (VIOLATED)
   rg_sin_table_4[7]            0.98           1.00          -0.02  (VIOLATED)
       PIN :   dot/U279/B       0.98           1.00          -0.02  (VIOLATED)
   rg_sin_table_5[0]            0.98           1.00          -0.02  (VIOLATED)
       PIN :   dot/U93/B        0.98           1.00          -0.02  (VIOLATED)
   rg_sin_table_5[1]            0.98           1.00          -0.02  (VIOLATED)
       PIN :   dot/U275/B       0.98           1.00          -0.02  (VIOLATED)
   rg_sin_table_5[2]            0.98           1.00          -0.02  (VIOLATED)
       PIN :   dot/U269/B       0.98           1.00          -0.02  (VIOLATED)
   rg_sin_table_5[3]            0.98           1.00          -0.02  (VIOLATED)
       PIN :   dot/U110/B       0.98           1.00          -0.02  (VIOLATED)
   rg_sin_table_5[4]            0.98           1.00          -0.02  (VIOLATED)
       PIN :   dot/U262/B       0.98           1.00          -0.02  (VIOLATED)
   rg_sin_table_5[5]            0.98           1.00          -0.02  (VIOLATED)
       PIN :   dot/U255/B       0.98           1.00          -0.02  (VIOLATED)
   rg_sin_table_5[6]            0.98           1.00          -0.02  (VIOLATED)
       PIN :   dot/U248/B       0.98           1.00          -0.02  (VIOLATED)
   rg_sin_table_5[7]            0.98           1.00          -0.02  (VIOLATED)
       PIN :   dot/U281/B       0.98           1.00          -0.02  (VIOLATED)
   rg_sin_table_6[0]            0.98           1.00          -0.02  (VIOLATED)
       PIN :   dot/U95/B        0.98           1.00          -0.02  (VIOLATED)
   rg_sin_table_6[1]            0.98           1.00          -0.02  (VIOLATED)
       PIN :   dot/U276/B       0.98           1.00          -0.02  (VIOLATED)
   rg_sin_table_6[2]            0.98           1.00          -0.02  (VIOLATED)
       PIN :   dot/U270/B       0.98           1.00          -0.02  (VIOLATED)
   rg_sin_table_6[3]            0.98           1.00          -0.02  (VIOLATED)
       PIN :   dot/U108/D       0.98           1.00          -0.02  (VIOLATED)
   rg_sin_table_6[4]            0.98           1.00          -0.02  (VIOLATED)
       PIN :   dot/U260/D       0.98           1.00          -0.02  (VIOLATED)
   rg_sin_table_6[5]            0.98           1.00          -0.02  (VIOLATED)
       PIN :   dot/U253/D       0.98           1.00          -0.02  (VIOLATED)
   rg_sin_table_6[6]            0.98           1.00          -0.02  (VIOLATED)
       PIN :   dot/U246/D       0.98           1.00          -0.02  (VIOLATED)
   rg_sin_table_6[7]            0.98           1.00          -0.02  (VIOLATED)
       PIN :   dot/U279/D       0.98           1.00          -0.02  (VIOLATED)
   rg_sin_table_7[0]            0.98           1.00          -0.02  (VIOLATED)
       PIN :   dot/U93/C        0.98           1.00          -0.02  (VIOLATED)
   rg_sin_table_7[1]            0.98           1.00          -0.02  (VIOLATED)
       PIN :   dot/U275/C       0.98           1.00          -0.02  (VIOLATED)
   rg_sin_table_7[2]            0.98           1.00          -0.02  (VIOLATED)
       PIN :   dot/U269/C       0.98           1.00          -0.02  (VIOLATED)
   rg_sin_table_7[3]            0.98           1.00          -0.02  (VIOLATED)
       PIN :   dot/U110/D       0.98           1.00          -0.02  (VIOLATED)
   rg_sin_table_7[4]            0.98           1.00          -0.02  (VIOLATED)
       PIN :   dot/U262/D       0.98           1.00          -0.02  (VIOLATED)
   rg_sin_table_7[5]            0.98           1.00          -0.02  (VIOLATED)
       PIN :   dot/U255/D       0.98           1.00          -0.02  (VIOLATED)
   rg_sin_table_7[6]            0.98           1.00          -0.02  (VIOLATED)
       PIN :   dot/U248/D       0.98           1.00          -0.02  (VIOLATED)
   rg_sin_table_7[7]            0.98           1.00          -0.02  (VIOLATED)
       PIN :   dot/U281/D       0.98           1.00          -0.02  (VIOLATED)
   valid_num[0]                 0.98           1.00          -0.02  (VIOLATED)
       PIN :   U19/A            0.98           1.00          -0.02  (VIOLATED)
   valid_num[1]                 0.98           1.00          -0.02  (VIOLATED)
       PIN :   U21/A            0.98           1.00          -0.02  (VIOLATED)
   valid_num[2]                 0.98           1.00          -0.02  (VIOLATED)
       PIN :   calvn/U110/C     0.98           1.00          -0.02  (VIOLATED)
   vin1[0]                      0.98           1.00          -0.02  (VIOLATED)
       PIN :   U10/A            0.98           1.00          -0.02  (VIOLATED)
   vin1[1]                      0.98           1.00          -0.02  (VIOLATED)
       PIN :   calvn/U145/B     0.98           1.00          -0.02  (VIOLATED)
       PIN :   calvn/U141/D     0.98           1.00          -0.02  (VIOLATED)
       PIN :   calvn/U126/A     0.98           1.00          -0.02  (VIOLATED)
       PIN :   calvn/U108/A     0.98           1.00          -0.02  (VIOLATED)
   vin1[2]                      0.98           1.00          -0.02  (VIOLATED)
       PIN :   U25/A            0.98           1.00          -0.02  (VIOLATED)
   vin1[3]                      0.98           1.00          -0.02  (VIOLATED)
       PIN :   U6/A             0.98           1.00          -0.02  (VIOLATED)
   vin1[4]                      0.98           1.00          -0.02  (VIOLATED)
       PIN :   U14/A            0.98           1.00          -0.02  (VIOLATED)
   vin1[5]                      0.98           1.00          -0.02  (VIOLATED)
       PIN :   U29/A            0.98           1.00          -0.02  (VIOLATED)
   vin1[6]                      0.98           1.00          -0.02  (VIOLATED)
       PIN :   U23/A            0.98           1.00          -0.02  (VIOLATED)
   vin1[7]                      0.98           1.00          -0.02  (VIOLATED)
       PIN :   U8/A             0.98           1.00          -0.02  (VIOLATED)
   vin2[0]                      0.98           1.00          -0.02  (VIOLATED)
       PIN :   calvn/U127/CI
                                0.98           1.00          -0.02  (VIOLATED)
       PIN :   calvn/U137/D     0.98           1.00          -0.02  (VIOLATED)
       PIN :   calvn/U139/B     0.98           1.00          -0.02  (VIOLATED)
       PIN :   calvn/U168/B     0.98           1.00          -0.02  (VIOLATED)
       PIN :   calvn/U209/A     0.98           1.00          -0.02  (VIOLATED)
   vin2[1]                      0.98           1.00          -0.02  (VIOLATED)
       PIN :   calvn/U127/B     0.98           1.00          -0.02  (VIOLATED)
       PIN :   calvn/U141/B     0.98           1.00          -0.02  (VIOLATED)
       PIN :   calvn/U145/D     0.98           1.00          -0.02  (VIOLATED)
       PIN :   calvn/U204/A     0.98           1.00          -0.02  (VIOLATED)
   vin2[2]                      0.98           1.00          -0.02  (VIOLATED)
       PIN :   U7/A             0.98           1.00          -0.02  (VIOLATED)
   vin2[3]                      0.98           1.00          -0.02  (VIOLATED)
       PIN :   U26/A            0.98           1.00          -0.02  (VIOLATED)
   vin2[4]                      0.98           1.00          -0.02  (VIOLATED)
       PIN :   U24/A            0.98           1.00          -0.02  (VIOLATED)
   vin2[5]                      0.98           1.00          -0.02  (VIOLATED)
       PIN :   U18/A            0.98           1.00          -0.02  (VIOLATED)
   vin2[6]                      0.98           1.00          -0.02  (VIOLATED)
       PIN :   U22/A            0.98           1.00          -0.02  (VIOLATED)
   vin2[7]                      0.98           1.00          -0.02  (VIOLATED)
       PIN :   U20/A            0.98           1.00          -0.02  (VIOLATED)
   vin_vld                      0.98           1.00          -0.02  (VIOLATED)
       PIN :   calvn/U106/A     0.98           1.00          -0.02  (VIOLATED)

   -----------------------------------------------------------------
   Total                      218                -4.80  

1
