 
****************************************
Report : timing
        -path full
        -delay max
        -nets
        -max_paths 1
        -transition_time
Design : cal_phase
Version: L-2016.03-SP1
Date   : Tue Dec 21 17:29:47 2021
****************************************

Operating Conditions: slow_125_1.62   Library: ssc_core_slow
Wire Load Model Mode: enclosed

  Startpoint: vin1[3] (input port clocked by clk)
  Endpoint: calvn/clk_gate_min_v_reg/latch
            (negative level-sensitive latch clocked by clk)
  Path Group: INPUT_GROUP
  Path Type: max

  Des/Clust/Port     Wire Load Model       Library
  ------------------------------------------------
  cal_phase          5KGATES               ssc_core_slow
  cal_vn             5KGATES               ssc_core_slow

Attributes:
    d - dont_touch
    u - dont_use
   mo - map_only
   so - size_only
    i - ideal_net or ideal_network
  inf - infeasible path

  Point                                       Fanout     Trans      Incr       Path      Attributes
  ---------------------------------------------------------------------------------------------------------
  clock clk (rise edge)                                             0.00       0.00
  clock network delay (ideal)                                       2.00       2.00
  input external delay                                              4.00       6.00 f
  vin1[3] (in)                                            1.00      0.00       6.00 f
  vin1[3] (net)                                 1                   0.00       6.00 f
  U7/Y (buf1a6)                                           0.17      0.39       6.39 f
  n20 (net)                                     4                   0.00       6.39 f
  calvn/vin1[3] (cal_vn)                                            0.00       6.39 f
  calvn/vin1[3] (net)                                               0.00       6.39 f
  calvn/U202/Y (inv1a1)                                   0.56      0.31       6.70 r
  calvn/n166 (net)                              2                   0.00       6.70 r
  calvn/U203/Y (or2c1)                                    0.36      0.23       6.93 f
  calvn/n131 (net)                              1                   0.00       6.93 f
  calvn/U56/Y (or3d2)                                     0.24      0.18       7.12 r
  calvn/n135 (net)                              1                   0.00       7.12 r
  calvn/U208/Y (or3d3)                                    0.22      0.14       7.26 f
  calvn/n138 (net)                              1                   0.00       7.26 f
  calvn/U210/Y (or3d3)                                    0.22      0.13       7.38 r
  calvn/n141 (net)                              1                   0.00       7.38 r
  calvn/U211/Y (or3d3)                                    0.22      0.14       7.52 f
  calvn/n143 (net)                              1                   0.00       7.52 f
  calvn/U213/Y (or2c3)                                    0.25      0.17       7.69 r
  calvn/n145 (net)                              1                   0.00       7.69 r
  calvn/U214/Y (or2c9)                                    0.44      0.25       7.93 f
  calvn/n154 (net)                             10                   0.00       7.93 f
  calvn/U226/Y (mx2d3)                                    0.15      0.23       8.17 f
  calvn/n190 (net)                              2                   0.00       8.17 f
  calvn/U263/Y (and2c1)                                   0.94      0.49       8.66 r
  calvn/n192 (net)                              1                   0.00       8.66 r
  calvn/U264/Y (oa4a2)                                    0.26      0.38       9.04 r
  calvn/n195 (net)                              2                   0.00       9.04 r
  calvn/U265/Y (or2c1)                                    0.33      0.21       9.25 f
  calvn/n197 (net)                              1                   0.00       9.25 f
  calvn/U267/Y (ao2i3)                                    0.33      0.15       9.40 r
  calvn/n200 (net)                              1                   0.00       9.40 r
  calvn/U268/Y (ao2i3)                                    0.25      0.17       9.57 f
  calvn/n207 (net)                              1                   0.00       9.57 f
  calvn/U272/Y (or3d3)                                    0.22      0.14       9.71 r
  calvn/n208 (net)                              1                   0.00       9.71 r
  calvn/U273/Y (ao1f3)                                    0.14      0.11       9.82 f
  calvn/n210 (net)                              1                   0.00       9.82 f
  calvn/U274/CO (fac2a1)                                  0.36      0.20      10.02 r
  calvn/n213 (net)                              1                   0.00      10.02 r
  calvn/U275/Y (ao1d2)                                    0.22      0.21      10.23 r
  calvn/N255 (net)                              1                   0.00      10.23 r
  calvn/clk_gate_min_v_reg/EN (SNPS_CLOCK_GATE_HIGH_cal_vn_10)      0.00      10.23 r
  calvn/clk_gate_min_v_reg/EN (net)                                 0.00      10.23 r
  calvn/clk_gate_min_v_reg/latch/D (ldf1b3)               0.22      0.00      10.23 r
  data arrival time                                                           10.23

  clock clk (fall edge)                                             5.00       5.00
  clock network delay (ideal)                                       2.00       7.00
  clock uncertainty                                                -1.00       6.00
  calvn/clk_gate_min_v_reg/latch/G (ldf1b3)                         0.00       6.00 f
  time borrowed from endpoint                                       4.23      10.23
  data required time                                                          10.23
  ---------------------------------------------------------------------------------------------------------
  data required time                                                          10.23
  data arrival time                                                          -10.23
  ---------------------------------------------------------------------------------------------------------
  slack (MET)                                                                  0.00

  Time Borrowing Information
  ------------------------------------------------------------------------
  clk nominal pulse width                                           5.00   
  library setup time                                               -0.49   
  ------------------------------------------------------------------------
  max time borrow                                                   4.51   
  ------------------------------------------------------------------------
  actual time borrow                                                4.23   
  clock uncertainty                                                -1.00   
  ------------------------------------------------------------------------
  time given to startpoint                                          3.23   
  ------------------------------------------------------------------------


  Startpoint: cordic/finish_reg
              (rising edge-triggered flip-flop clocked by clk)
  Endpoint: phase_vld (output port clocked by clk)
  Path Group: OUTPUT_GROUP
  Path Type: max

  Des/Clust/Port     Wire Load Model       Library
  ------------------------------------------------
  cal_phase          5KGATES               ssc_core_slow

Attributes:
    d - dont_touch
    u - dont_use
   mo - map_only
   so - size_only
    i - ideal_net or ideal_network
  inf - infeasible path

  Point                        Fanout     Trans      Incr       Path      Attributes
  ------------------------------------------------------------------------------------------
  clock clk (rise edge)                              0.00       0.00
  clock network delay (ideal)                        2.00       2.00
  cordic/finish_reg/CLK (fdef2a3)          1.00      0.00       2.00 r
  cordic/finish_reg/Q (fdef2a3)            0.65      1.00       3.00 r
  cordic/res_vld (net)           1                   0.00       3.00 r
  cordic/res_vld (cordic_int)                        0.00       3.00 r
  phase_vld (net)                                    0.00       3.00 r
  phase_vld (out)                          0.65      0.00       3.00 r
  data arrival time                                             3.00

  clock clk (rise edge)                             10.00      10.00
  clock network delay (ideal)                        2.00      12.00
  clock uncertainty                                 -1.00      11.00
  output external delay                             -6.00       5.00
  data required time                                            5.00
  ------------------------------------------------------------------------------------------
  data required time                                            5.00
  data arrival time                                            -3.00
  ------------------------------------------------------------------------------------------
  slack (MET)                                                   2.00


  Startpoint: cordic/cal_cnt_reg_1_
              (rising edge-triggered flip-flop clocked by clk)
  Endpoint: cordic/xn_reg_18_
            (rising edge-triggered flip-flop clocked by clk)
  Path Group: clk
  Path Type: max

  Des/Clust/Port     Wire Load Model       Library
  ------------------------------------------------
  cordic_int         5KGATES               ssc_core_slow

Attributes:
    d - dont_touch
    u - dont_use
   mo - map_only
   so - size_only
    i - ideal_net or ideal_network
  inf - infeasible path

  Point                        Fanout     Trans      Incr       Path      Attributes
  ------------------------------------------------------------------------------------------
  clock clk (rise edge)                              0.00       0.00
  clock network delay (ideal)                        2.00       2.00
  cordic/cal_cnt_reg_1_/CLK (fdf2a6)       1.00      0.00       2.00 r
  cordic/cal_cnt_reg_1_/Q (fdf2a6)         0.53      0.87       2.87 r
  cordic/cal_cnt[1] (net)       10                   0.00       2.87 r
  cordic/U243/Y (and2a3)                   0.33      0.32       3.20 r
  cordic/n77 (net)               3                   0.00       3.20 r
  cordic/U12/Y (clk1b6)                    0.43      0.31       3.50 f
  cordic/n659 (net)             17                   0.00       3.50 f
  cordic/U337/Y (and2c1)                   0.96      0.57       4.07 r
  cordic/n120 (net)              1                   0.00       4.07 r
  cordic/U339/Y (oa2i2)                    0.36      0.26       4.32 f
  cordic/n156 (net)              2                   0.00       4.32 f
  cordic/U369/Y (oa1f3)                    0.27      0.20       4.52 r
  cordic/n159 (net)              1                   0.00       4.52 r
  cordic/U371/Y (ao1f2)                    0.23      0.15       4.67 f
  cordic/n160 (net)              1                   0.00       4.67 f
  cordic/U372/Y (xor2a2)                   0.22      0.30       4.97 f
  cordic/n429 (net)              1                   0.00       4.97 f
  cordic/U580/CO (fa1a2)                   0.22      0.38       5.35 f
  cordic/n442 (net)              2                   0.00       5.35 f
  cordic/U373/Y (ao1d2)                    0.20      0.15       5.50 r
  cordic/n165 (net)              1                   0.00       5.50 r
  cordic/U375/Y (or2c3)                    0.26      0.18       5.68 f
  cordic/n454 (net)              2                   0.00       5.68 f
  cordic/U111/Y (ao1f2)                    0.40      0.15       5.83 r
  cordic/n167 (net)              1                   0.00       5.83 r
  cordic/U376/Y (or2c3)                    0.21      0.15       5.98 f
  cordic/n467 (net)              1                   0.00       5.98 f
  cordic/U605/CO (fa1a2)                   0.20      0.37       6.34 f
  cordic/n479 (net)              1                   0.00       6.34 f
  cordic/U612/CO (fa1a2)                   0.23      0.39       6.73 f
  cordic/n493 (net)              2                   0.00       6.73 f
  cordic/U107/Y (ao1e3)                    0.31      0.12       6.85 r
  cordic/n170 (net)              1                   0.00       6.85 r
  cordic/U105/Y (or2c3)                    0.21      0.15       7.00 f
  cordic/n504 (net)              1                   0.00       7.00 f
  cordic/U104/CO (fa1a3)                   0.18      0.38       7.38 f
  cordic/n517 (net)              2                   0.00       7.38 f
  cordic/U102/Y (ao1d2)                    0.19      0.14       7.51 r
  cordic/n174 (net)              1                   0.00       7.51 r
  cordic/U100/Y (or2c3)                    0.24      0.15       7.66 f
  cordic/n529 (net)              2                   0.00       7.66 f
  cordic/U377/Y (ao1d3)                    0.16      0.13       7.79 r
  cordic/n178 (net)              1                   0.00       7.79 r
  cordic/U98/Y (or2c3)                     0.21      0.13       7.92 f
  cordic/n540 (net)              1                   0.00       7.92 f
  cordic/U97/CO (fa1a3)                    0.19      0.38       8.30 f
  cordic/n555 (net)              2                   0.00       8.30 f
  cordic/U378/Y (ao1d3)                    0.19      0.14       8.44 r
  cordic/n182 (net)              1                   0.00       8.44 r
  cordic/U379/Y (or2c6)                    0.18      0.10       8.53 f
  cordic/n587 (net)              2                   0.00       8.53 f
  cordic/U380/Y (ao1d3)                    0.19      0.14       8.67 r
  cordic/n186 (net)              1                   0.00       8.67 r
  cordic/U381/Y (or2c6)                    0.17      0.09       8.76 f
  cordic/n598 (net)              1                   0.00       8.76 f
  cordic/U685/CO (fa1a3)                   0.19      0.37       9.13 f
  cordic/n614 (net)              2                   0.00       9.13 f
  cordic/U92/Y (ao1d3)                     0.19      0.14       9.27 r
  cordic/n190 (net)              1                   0.00       9.27 r
  cordic/U382/Y (or2c6)                    0.17      0.09       9.37 f
  cordic/n627 (net)              1                   0.00       9.37 f
  cordic/U699/CO (fa1a3)                   0.22      0.39       9.76 f
  cordic/n636 (net)              2                   0.00       9.76 f
  cordic/U383/Y (ao1d6)                    0.14      0.11       9.87 r
  cordic/n194 (net)              1                   0.00       9.87 r
  cordic/U384/Y (or2c6)                    0.17      0.08       9.95 f
  cordic/n643 (net)              1                   0.00       9.95 f
  cordic/U706/CO (fa1a2)                   0.20      0.36      10.31 f
  cordic/n651 (net)              1                   0.00      10.31 f
  cordic/U708/CO (fa1a2)                   0.15      0.33      10.64 f
  cordic/n196 (net)              1                   0.00      10.64 f
  cordic/U385/Y (xor2a2)                   0.17      0.27      10.90 f
  cordic/N323 (net)              1                   0.00      10.90 f
  cordic/xn_reg_18_/D (fdf2a3)             0.17      0.00      10.90 f
  data arrival time                                            10.90

  clock clk (rise edge)                             10.00      10.00
  clock network delay (ideal)                        2.00      12.00
  clock uncertainty                                 -1.00      11.00
  cordic/xn_reg_18_/CLK (fdf2a3)                     0.00      11.00 r
  library setup time                                -0.10      10.90
  data required time                                           10.90
  ------------------------------------------------------------------------------------------
  data required time                                           10.90
  data arrival time                                           -10.90
  ------------------------------------------------------------------------------------------
  slack (MET)                                                   0.00


1
