 
****************************************
Report : constraint
        -all_violators
Design : cal_phase
Version: L-2016.03-SP1
Date   : Tue Dec 21 17:29:46 2021
****************************************


   min_delay/hold ('clk' group)

                             Required        Actual
   Endpoint                 Path Delay     Path Delay        Slack
   -----------------------------------------------------------------
   cordic/res_out_reg_7_/D      3.49           2.76 f        -0.73  (VIOLATED)
   cordic/cal_en_regNext_reg/D
                                3.49           2.78 f        -0.71  (VIOLATED)
   dot/booth_cos/io_din_vld_regNext_reg/D
                                3.49           2.79 f        -0.70  (VIOLATED)
   dot/booth_sin/io_din_vld_regNext_reg/D
                                3.49           2.79 f        -0.70  (VIOLATED)
   calvn/clk_gate_Vins_0_reg/main_gate/A
                                3.00           2.33 f        -0.67  (VIOLATED)
   calvn/clk_gate_Vins_2_reg/main_gate/A
                                3.00           2.33 f        -0.67  (VIOLATED)
   calvn/clk_gate_Vins_4_reg/main_gate/A
                                3.00           2.33 f        -0.67  (VIOLATED)
   calvn/clk_gate_Vins_6_reg/main_gate/A
                                3.00           2.33 f        -0.67  (VIOLATED)
   calvn/clk_gate_max_v_reg/main_gate/A
                                3.00           2.33 f        -0.67  (VIOLATED)
   calvn/clk_gate_min_v_reg/main_gate/A
                                3.00           2.33 f        -0.67  (VIOLATED)
   calvn/clk_gate_v_cnt_reg/main_gate/A
                                3.00           2.33 f        -0.67  (VIOLATED)
   cordic/clk_gate_res_out_reg/main_gate/A
                                3.00           2.33 f        -0.67  (VIOLATED)
   cordic/clk_gate_res_rg_reg/main_gate/A
                                3.00           2.33 f        -0.67  (VIOLATED)
   cordic/clk_gate_yn_reg/main_gate/A
                                3.00           2.33 f        -0.67  (VIOLATED)
   dot/booth_cos/clk_gate_PsumReg_reg/main_gate/A
                                3.00           2.33 f        -0.67  (VIOLATED)
   dot/booth_sin/clk_gate_PsumReg_reg/main_gate/A
                                3.00           2.33 f        -0.67  (VIOLATED)
   dot/clk_gate_psum2_reg/main_gate/A
                                3.00           2.33 f        -0.67  (VIOLATED)
   cordic/clk_gate_res_out_reg/latch/D
                                3.37           2.73 f        -0.64  (VIOLATED)
   cordic/finish_reg/D          3.36           2.73 f        -0.62  (VIOLATED)
   dot/booth_cos/clk_gate_PsumReg_reg/latch/D
                                3.37           2.79 f        -0.59  (VIOLATED)
   dot/booth_sin/clk_gate_PsumReg_reg/latch/D
                                3.37           2.79 f        -0.59  (VIOLATED)
   cordic/cal_en_reg/D          3.49           2.92 r        -0.57  (VIOLATED)
   dot/clk_gate_psum2_reg/latch/D
                                3.37           2.82 f        -0.55  (VIOLATED)
   dot/mac_cnt_reg_0_/D         3.49           2.95 f        -0.54  (VIOLATED)
   cordic/clk_gate_res_rg_reg/latch/D
                                3.37           2.87 f        -0.50  (VIOLATED)
   dot/psum1_reg_2_/D           3.49           3.00 r        -0.48  (VIOLATED)
   dot/psum1_reg_3_/D           3.49           3.00 r        -0.48  (VIOLATED)
   dot/psum1_reg_4_/D           3.49           3.00 r        -0.48  (VIOLATED)
   dot/psum1_reg_5_/D           3.49           3.00 r        -0.48  (VIOLATED)
   dot/psum2_reg_2_/D           3.49           3.00 r        -0.48  (VIOLATED)
   dot/psum2_reg_3_/D           3.49           3.00 r        -0.48  (VIOLATED)
   dot/psum2_reg_4_/D           3.49           3.00 r        -0.48  (VIOLATED)
   dot/psum2_reg_5_/D           3.49           3.00 r        -0.48  (VIOLATED)
   dot/psum1_reg_6_/D           3.49           3.02 r        -0.47  (VIOLATED)
   dot/psum1_reg_7_/D           3.49           3.02 r        -0.47  (VIOLATED)
   dot/psum1_reg_8_/D           3.49           3.02 r        -0.47  (VIOLATED)
   dot/psum1_reg_9_/D           3.49           3.02 r        -0.47  (VIOLATED)
   dot/psum1_reg_10_/D          3.49           3.02 r        -0.47  (VIOLATED)
   dot/psum1_reg_11_/D          3.49           3.02 r        -0.47  (VIOLATED)
   dot/psum1_reg_12_/D          3.49           3.02 r        -0.47  (VIOLATED)
   dot/psum2_reg_6_/D           3.49           3.02 r        -0.47  (VIOLATED)
   dot/psum2_reg_7_/D           3.49           3.02 r        -0.47  (VIOLATED)
   dot/psum2_reg_8_/D           3.49           3.02 r        -0.47  (VIOLATED)
   dot/psum2_reg_9_/D           3.49           3.02 r        -0.47  (VIOLATED)
   dot/psum2_reg_10_/D          3.49           3.02 r        -0.47  (VIOLATED)
   dot/psum2_reg_11_/D          3.49           3.02 r        -0.47  (VIOLATED)
   dot/psum2_reg_12_/D          3.49           3.02 r        -0.47  (VIOLATED)
   calvn/v_cnt_reg_2_/D         3.49           3.03 f        -0.46  (VIOLATED)
   dot/mac_en_reg/D             3.49           3.03 r        -0.46  (VIOLATED)
   cordic/nozero_flg_reg/E      3.33           2.87 r        -0.45  (VIOLATED)
   dot/booth_start_reg/D        3.49           3.05 r        -0.44  (VIOLATED)
   dot/mac_cnt_reg_2_/D         3.49           3.08 f        -0.41  (VIOLATED)
   dot/psum2_reg_0_/D           3.49           3.08 r        -0.41  (VIOLATED)
   cordic/res_out_reg_0_/D      3.49           3.09 f        -0.40  (VIOLATED)
   cordic/res_out_reg_1_/D      3.49           3.09 f        -0.40  (VIOLATED)
   cordic/res_out_reg_2_/D      3.49           3.09 f        -0.40  (VIOLATED)
   cordic/res_out_reg_3_/D      3.49           3.09 f        -0.40  (VIOLATED)
   cordic/res_out_reg_4_/D      3.49           3.09 f        -0.40  (VIOLATED)
   cordic/res_out_reg_5_/D      3.49           3.09 f        -0.40  (VIOLATED)
   cordic/res_out_reg_6_/D      3.49           3.09 f        -0.40  (VIOLATED)
   calvn/v_cnt_reg_0_/D         3.49           3.09 r        -0.40  (VIOLATED)
   dot/psum1_reg_1_/D           3.49           3.09 f        -0.40  (VIOLATED)
   dot/psum2_reg_1_/D           3.49           3.09 f        -0.40  (VIOLATED)
   cordic/cal_cnt_reg_2_/D      3.51           3.11 f        -0.39  (VIOLATED)
   dot/mac_cnt_reg_1_/D         3.49           3.13 f        -0.36  (VIOLATED)
   cordic/cal_cnt_reg_0_/D      3.49           3.14 f        -0.35  (VIOLATED)
   dot/psum1_reg_0_/D           3.49           3.14 f        -0.35  (VIOLATED)
   cordic/cal_cnt_reg_1_/D      3.49           3.16 f        -0.33  (VIOLATED)
   cordic/xn_reg_18_/D          3.49           3.17 r        -0.32  (VIOLATED)
   dot/finish_reg/D             3.49           3.19 f        -0.30  (VIOLATED)
   calvn/clk_gate_max_v_reg/latch/D
                                3.37           3.08 f        -0.29  (VIOLATED)
   calvn/clk_gate_min_v_reg/latch/D
                                3.37           3.09 f        -0.28  (VIOLATED)
   cordic/yn_reg_15_/D          3.49           3.22 f        -0.27  (VIOLATED)
   cordic/yn_reg_16_/D          3.49           3.22 f        -0.27  (VIOLATED)
   cordic/yn_reg_17_/D          3.49           3.22 f        -0.27  (VIOLATED)
   cordic/res_rg_reg_5_/D       3.49           3.22 r        -0.27  (VIOLATED)
   cordic/res_rg_reg_6_/D       3.49           3.23 r        -0.26  (VIOLATED)
   cordic/yn_reg_18_/D          3.51           3.26 f        -0.25  (VIOLATED)
   dot/psum1_reg_15_/D          3.49           3.24 r        -0.25  (VIOLATED)
   dot/psum2_reg_15_/D          3.49           3.24 r        -0.25  (VIOLATED)
   dot/psum1_reg_16_/D          3.49           3.28 r        -0.21  (VIOLATED)
   dot/psum2_reg_16_/D          3.49           3.28 r        -0.21  (VIOLATED)
   dot/psum1_reg_13_/D          3.49           3.28 r        -0.21  (VIOLATED)
   dot/psum2_reg_13_/D          3.49           3.28 r        -0.21  (VIOLATED)
   cordic/clk_gate_yn_reg/latch/D
                                3.37           3.17 f        -0.20  (VIOLATED)
   cordic/res_rg_reg_2_/D       3.49           3.29 f        -0.20  (VIOLATED)
   cordic/res_rg_reg_3_/D       3.49           3.29 f        -0.20  (VIOLATED)
   cordic/res_rg_reg_4_/D       3.49           3.29 f        -0.20  (VIOLATED)
   cordic/res_rg_reg_1_/D       3.49           3.29 f        -0.20  (VIOLATED)
   cordic/res_rg_reg_0_/D       3.49           3.29 r        -0.20  (VIOLATED)
   calvn/mean_finish_regNext_reg/D
                                3.49           3.31 f        -0.18  (VIOLATED)
   dot/psum1_reg_14_/D          3.49           3.32 f        -0.17  (VIOLATED)
   dot/psum2_reg_18_/D          3.49           3.33 r        -0.15  (VIOLATED)
   dot/psum2_reg_14_/D          3.49           3.35 r        -0.14  (VIOLATED)
   cordic/res_rg_reg_8_/D       3.49           3.36 f        -0.12  (VIOLATED)
   dot/psum1_reg_17_/D          3.49           3.38 f        -0.11  (VIOLATED)
   dot/psum1_reg_18_/D          3.49           3.38 f        -0.11  (VIOLATED)
   dot/psum2_reg_17_/D          3.49           3.38 f        -0.11  (VIOLATED)
   cordic/res_rg_reg_7_/D       3.49           3.38 r        -0.11  (VIOLATED)
   cordic/xn_reg_9_/D           3.49           3.40 r        -0.09  (VIOLATED)
   cordic/xn_reg_15_/D          3.49           3.42 f        -0.07  (VIOLATED)
   cordic/yn_reg_3_/D           3.49           3.42 r        -0.07  (VIOLATED)
   cordic/xn_reg_17_/D          3.49           3.43 f        -0.06  (VIOLATED)
   cordic/xn_reg_8_/D           3.49           3.44 r        -0.05  (VIOLATED)
   cordic/yn_reg_1_/D           3.49           3.45 r        -0.04  (VIOLATED)
   calvn/Vins_1_reg_2_/D        3.49           3.45 f        -0.04  (VIOLATED)
   cordic/yn_reg_9_/D           3.49           3.45 r        -0.04  (VIOLATED)
   cordic/xn_reg_14_/D          3.49           3.45 r        -0.04  (VIOLATED)
   cordic/xn_reg_1_/D           3.49           3.46 r        -0.03  (VIOLATED)
   cordic/yn_reg_8_/D           3.49           3.47 r        -0.02  (VIOLATED)
   calvn/v_cnt_reg_1_/D         3.49           3.48 f        -0.01  (VIOLATED)
   cordic/xn_reg_12_/D          3.49           3.48 r        -0.01  (VIOLATED)
   cordic/xn_reg_13_/D          3.49           3.48 r        -0.01  (VIOLATED)
   calvn/clk_gate_Vins_4_reg/latch/D
                                3.37           3.36 f        -0.01  (VIOLATED)
   calvn/Vins_3_reg_0_/D        3.49           3.48 f        -0.01  (VIOLATED)
   cordic/yn_reg_5_/D           3.49           3.48 r        -0.01  (VIOLATED)
   cordic/yn_reg_2_/D           3.49           3.48 r        -0.01  (VIOLATED)
   cordic/xn_reg_6_/D           3.49           3.49 r         0.00  (VIOLATED: increase significant digits)


   max_transition

                             Required        Actual
   Net                      Transition     Transition        Slack
   -----------------------------------------------------------------
   resetn                       0.98           1.00          -0.02  (VIOLATED)
       PIN :   U32/A            0.98           1.00          -0.02  (VIOLATED)
   rg_bypass_mean               0.98           1.00          -0.02  (VIOLATED)
       PIN :   calvn/U286/B     0.98           1.00          -0.02  (VIOLATED)
       PIN :   calvn/U285/B     0.98           1.00          -0.02  (VIOLATED)
       PIN :   calvn/U284/B     0.98           1.00          -0.02  (VIOLATED)
       PIN :   calvn/U283/B     0.98           1.00          -0.02  (VIOLATED)
       PIN :   calvn/U282/B     0.98           1.00          -0.02  (VIOLATED)
       PIN :   calvn/U281/B     0.98           1.00          -0.02  (VIOLATED)
       PIN :   calvn/U280/B     0.98           1.00          -0.02  (VIOLATED)
       PIN :   calvn/U254/D     0.98           1.00          -0.02  (VIOLATED)
       PIN :   calvn/U229/B     0.98           1.00          -0.02  (VIOLATED)
       PIN :   calvn/U227/B     0.98           1.00          -0.02  (VIOLATED)
       PIN :   calvn/U225/B     0.98           1.00          -0.02  (VIOLATED)
       PIN :   calvn/U220/B     0.98           1.00          -0.02  (VIOLATED)
       PIN :   calvn/U219/B     0.98           1.00          -0.02  (VIOLATED)
       PIN :   calvn/U218/B     0.98           1.00          -0.02  (VIOLATED)
       PIN :   calvn/U216/A     0.98           1.00          -0.02  (VIOLATED)
       PIN :   calvn/U190/A     0.98           1.00          -0.02  (VIOLATED)
   rg_calphase_en               0.98           1.00          -0.02  (VIOLATED)
       PIN :   U8/A             0.98           1.00          -0.02  (VIOLATED)
       PIN :   calvn/U153/B     0.98           1.00          -0.02  (VIOLATED)
   rg_cordic_iternum[0]         0.98           1.00          -0.02  (VIOLATED)
       PIN :   U15/A            0.98           1.00          -0.02  (VIOLATED)
   rg_cordic_iternum[1]         0.98           1.00          -0.02  (VIOLATED)
       PIN :   U16/A            0.98           1.00          -0.02  (VIOLATED)
   rg_cordic_iternum[2]         0.98           1.00          -0.02  (VIOLATED)
       PIN :   cordic/U559/C
                                0.98           1.00          -0.02  (VIOLATED)
   rg_cos_table_0[0]            0.98           1.00          -0.02  (VIOLATED)
       PIN :   dot/U292/B       0.98           1.00          -0.02  (VIOLATED)
   rg_cos_table_0[1]            0.98           1.00          -0.02  (VIOLATED)
       PIN :   dot/U298/B       0.98           1.00          -0.02  (VIOLATED)
   rg_cos_table_0[2]            0.98           1.00          -0.02  (VIOLATED)
       PIN :   dot/U316/B       0.98           1.00          -0.02  (VIOLATED)
   rg_cos_table_0[3]            0.98           1.00          -0.02  (VIOLATED)
       PIN :   dot/U310/B       0.98           1.00          -0.02  (VIOLATED)
   rg_cos_table_0[4]            0.98           1.00          -0.02  (VIOLATED)
       PIN :   dot/U304/B       0.98           1.00          -0.02  (VIOLATED)
   rg_cos_table_0[5]            0.98           1.00          -0.02  (VIOLATED)
       PIN :   dot/U322/B       0.98           1.00          -0.02  (VIOLATED)
   rg_cos_table_0[6]            0.98           1.00          -0.02  (VIOLATED)
       PIN :   dot/U328/B       0.98           1.00          -0.02  (VIOLATED)
   rg_cos_table_0[7]            0.98           1.00          -0.02  (VIOLATED)
       PIN :   dot/U334/B       0.98           1.00          -0.02  (VIOLATED)
   rg_cos_table_1[0]            0.98           1.00          -0.02  (VIOLATED)
       PIN :   dot/U295/B       0.98           1.00          -0.02  (VIOLATED)
   rg_cos_table_1[1]            0.98           1.00          -0.02  (VIOLATED)
       PIN :   dot/U301/B       0.98           1.00          -0.02  (VIOLATED)
   rg_cos_table_1[2]            0.98           1.00          -0.02  (VIOLATED)
       PIN :   dot/U319/B       0.98           1.00          -0.02  (VIOLATED)
   rg_cos_table_1[3]            0.98           1.00          -0.02  (VIOLATED)
       PIN :   dot/U313/B       0.98           1.00          -0.02  (VIOLATED)
   rg_cos_table_1[4]            0.98           1.00          -0.02  (VIOLATED)
       PIN :   dot/U307/B       0.98           1.00          -0.02  (VIOLATED)
   rg_cos_table_1[5]            0.98           1.00          -0.02  (VIOLATED)
       PIN :   dot/U325/B       0.98           1.00          -0.02  (VIOLATED)
   rg_cos_table_1[6]            0.98           1.00          -0.02  (VIOLATED)
       PIN :   dot/U331/B       0.98           1.00          -0.02  (VIOLATED)
   rg_cos_table_1[7]            0.98           1.00          -0.02  (VIOLATED)
       PIN :   dot/U337/B       0.98           1.00          -0.02  (VIOLATED)
   rg_cos_table_2[0]            0.98           1.00          -0.02  (VIOLATED)
       PIN :   dot/U295/C       0.98           1.00          -0.02  (VIOLATED)
   rg_cos_table_2[1]            0.98           1.00          -0.02  (VIOLATED)
       PIN :   dot/U301/C       0.98           1.00          -0.02  (VIOLATED)
   rg_cos_table_2[2]            0.98           1.00          -0.02  (VIOLATED)
       PIN :   dot/U319/C       0.98           1.00          -0.02  (VIOLATED)
   rg_cos_table_2[3]            0.98           1.00          -0.02  (VIOLATED)
       PIN :   dot/U313/C       0.98           1.00          -0.02  (VIOLATED)
   rg_cos_table_2[4]            0.98           1.00          -0.02  (VIOLATED)
       PIN :   dot/U307/C       0.98           1.00          -0.02  (VIOLATED)
   rg_cos_table_2[5]            0.98           1.00          -0.02  (VIOLATED)
       PIN :   dot/U325/C       0.98           1.00          -0.02  (VIOLATED)
   rg_cos_table_2[6]            0.98           1.00          -0.02  (VIOLATED)
       PIN :   dot/U331/C       0.98           1.00          -0.02  (VIOLATED)
   rg_cos_table_2[7]            0.98           1.00          -0.02  (VIOLATED)
       PIN :   dot/U337/C       0.98           1.00          -0.02  (VIOLATED)
   rg_cos_table_3[0]            0.98           1.00          -0.02  (VIOLATED)
       PIN :   dot/U292/C       0.98           1.00          -0.02  (VIOLATED)
   rg_cos_table_3[1]            0.98           1.00          -0.02  (VIOLATED)
       PIN :   dot/U298/C       0.98           1.00          -0.02  (VIOLATED)
   rg_cos_table_3[2]            0.98           1.00          -0.02  (VIOLATED)
       PIN :   dot/U316/C       0.98           1.00          -0.02  (VIOLATED)
   rg_cos_table_3[3]            0.98           1.00          -0.02  (VIOLATED)
       PIN :   dot/U310/C       0.98           1.00          -0.02  (VIOLATED)
   rg_cos_table_3[4]            0.98           1.00          -0.02  (VIOLATED)
       PIN :   dot/U304/C       0.98           1.00          -0.02  (VIOLATED)
   rg_cos_table_3[5]            0.98           1.00          -0.02  (VIOLATED)
       PIN :   dot/U322/C       0.98           1.00          -0.02  (VIOLATED)
   rg_cos_table_3[6]            0.98           1.00          -0.02  (VIOLATED)
       PIN :   dot/U328/C       0.98           1.00          -0.02  (VIOLATED)
   rg_cos_table_3[7]            0.98           1.00          -0.02  (VIOLATED)
       PIN :   dot/U334/C       0.98           1.00          -0.02  (VIOLATED)
   rg_cos_table_4[0]            0.98           1.00          -0.02  (VIOLATED)
       PIN :   dot/U296/C       0.98           1.00          -0.02  (VIOLATED)
   rg_cos_table_4[1]            0.98           1.00          -0.02  (VIOLATED)
       PIN :   dot/U302/C       0.98           1.00          -0.02  (VIOLATED)
   rg_cos_table_4[2]            0.98           1.00          -0.02  (VIOLATED)
       PIN :   dot/U320/C       0.98           1.00          -0.02  (VIOLATED)
   rg_cos_table_4[3]            0.98           1.00          -0.02  (VIOLATED)
       PIN :   dot/U314/C       0.98           1.00          -0.02  (VIOLATED)
   rg_cos_table_4[4]            0.98           1.00          -0.02  (VIOLATED)
       PIN :   dot/U308/C       0.98           1.00          -0.02  (VIOLATED)
   rg_cos_table_4[5]            0.98           1.00          -0.02  (VIOLATED)
       PIN :   dot/U326/C       0.98           1.00          -0.02  (VIOLATED)
   rg_cos_table_4[6]            0.98           1.00          -0.02  (VIOLATED)
       PIN :   dot/U332/C       0.98           1.00          -0.02  (VIOLATED)
   rg_cos_table_4[7]            0.98           1.00          -0.02  (VIOLATED)
       PIN :   dot/U338/C       0.98           1.00          -0.02  (VIOLATED)
   rg_cos_table_5[0]            0.98           1.00          -0.02  (VIOLATED)
       PIN :   dot/U293/C       0.98           1.00          -0.02  (VIOLATED)
   rg_cos_table_5[1]            0.98           1.00          -0.02  (VIOLATED)
       PIN :   dot/U299/C       0.98           1.00          -0.02  (VIOLATED)
   rg_cos_table_5[2]            0.98           1.00          -0.02  (VIOLATED)
       PIN :   dot/U317/C       0.98           1.00          -0.02  (VIOLATED)
   rg_cos_table_5[3]            0.98           1.00          -0.02  (VIOLATED)
       PIN :   dot/U311/C       0.98           1.00          -0.02  (VIOLATED)
   rg_cos_table_5[4]            0.98           1.00          -0.02  (VIOLATED)
       PIN :   dot/U305/C       0.98           1.00          -0.02  (VIOLATED)
   rg_cos_table_5[5]            0.98           1.00          -0.02  (VIOLATED)
       PIN :   dot/U323/C       0.98           1.00          -0.02  (VIOLATED)
   rg_cos_table_5[6]            0.98           1.00          -0.02  (VIOLATED)
       PIN :   dot/U329/C       0.98           1.00          -0.02  (VIOLATED)
   rg_cos_table_5[7]            0.98           1.00          -0.02  (VIOLATED)
       PIN :   dot/U335/C       0.98           1.00          -0.02  (VIOLATED)
   rg_cos_table_6[0]            0.98           1.00          -0.02  (VIOLATED)
       PIN :   dot/U296/B       0.98           1.00          -0.02  (VIOLATED)
   rg_cos_table_6[1]            0.98           1.00          -0.02  (VIOLATED)
       PIN :   dot/U302/B       0.98           1.00          -0.02  (VIOLATED)
   rg_cos_table_6[2]            0.98           1.00          -0.02  (VIOLATED)
       PIN :   dot/U320/B       0.98           1.00          -0.02  (VIOLATED)
   rg_cos_table_6[3]            0.98           1.00          -0.02  (VIOLATED)
       PIN :   dot/U314/B       0.98           1.00          -0.02  (VIOLATED)
   rg_cos_table_6[4]            0.98           1.00          -0.02  (VIOLATED)
       PIN :   dot/U308/B       0.98           1.00          -0.02  (VIOLATED)
   rg_cos_table_6[5]            0.98           1.00          -0.02  (VIOLATED)
       PIN :   dot/U326/B       0.98           1.00          -0.02  (VIOLATED)
   rg_cos_table_6[6]            0.98           1.00          -0.02  (VIOLATED)
       PIN :   dot/U332/B       0.98           1.00          -0.02  (VIOLATED)
   rg_cos_table_6[7]            0.98           1.00          -0.02  (VIOLATED)
       PIN :   dot/U338/B       0.98           1.00          -0.02  (VIOLATED)
   rg_cos_table_7[0]            0.98           1.00          -0.02  (VIOLATED)
       PIN :   dot/U293/B       0.98           1.00          -0.02  (VIOLATED)
   rg_cos_table_7[1]            0.98           1.00          -0.02  (VIOLATED)
       PIN :   dot/U299/B       0.98           1.00          -0.02  (VIOLATED)
   rg_cos_table_7[2]            0.98           1.00          -0.02  (VIOLATED)
       PIN :   dot/U317/B       0.98           1.00          -0.02  (VIOLATED)
   rg_cos_table_7[3]            0.98           1.00          -0.02  (VIOLATED)
       PIN :   dot/U311/B       0.98           1.00          -0.02  (VIOLATED)
   rg_cos_table_7[4]            0.98           1.00          -0.02  (VIOLATED)
       PIN :   dot/U305/B       0.98           1.00          -0.02  (VIOLATED)
   rg_cos_table_7[5]            0.98           1.00          -0.02  (VIOLATED)
       PIN :   dot/U323/B       0.98           1.00          -0.02  (VIOLATED)
   rg_cos_table_7[6]            0.98           1.00          -0.02  (VIOLATED)
       PIN :   dot/U329/B       0.98           1.00          -0.02  (VIOLATED)
   rg_cos_table_7[7]            0.98           1.00          -0.02  (VIOLATED)
       PIN :   dot/U335/B       0.98           1.00          -0.02  (VIOLATED)
   rg_leakage_table_0[0]        0.98           1.00          -0.02  (VIOLATED)
       PIN :   calvn/U117/B     0.98           1.00          -0.02  (VIOLATED)
   rg_leakage_table_0[1]        0.98           1.00          -0.02  (VIOLATED)
       PIN :   calvn/U115/B     0.98           1.00          -0.02  (VIOLATED)
   rg_leakage_table_0[2]        0.98           1.00          -0.02  (VIOLATED)
       PIN :   calvn/U113/B     0.98           1.00          -0.02  (VIOLATED)
   rg_leakage_table_0[3]        0.98           1.00          -0.02  (VIOLATED)
       PIN :   calvn/U111/B     0.98           1.00          -0.02  (VIOLATED)
   rg_leakage_table_0[4]        0.98           1.00          -0.02  (VIOLATED)
       PIN :   calvn/U68/B      0.98           1.00          -0.02  (VIOLATED)
   rg_leakage_table_0[5]        0.98           1.00          -0.02  (VIOLATED)
       PIN :   calvn/U31/B      0.98           1.00          -0.02  (VIOLATED)
   rg_leakage_table_0[6]        0.98           1.00          -0.02  (VIOLATED)
       PIN :   calvn/U87/B      0.98           1.00          -0.02  (VIOLATED)
   rg_leakage_table_0[7]        0.98           1.00          -0.02  (VIOLATED)
       PIN :   calvn/U103/B     0.98           1.00          -0.02  (VIOLATED)
   rg_leakage_table_1[0]        0.98           1.00          -0.02  (VIOLATED)
       PIN :   calvn/U137/B     0.98           1.00          -0.02  (VIOLATED)
   rg_leakage_table_1[1]        0.98           1.00          -0.02  (VIOLATED)
       PIN :   calvn/U135/B     0.98           1.00          -0.02  (VIOLATED)
   rg_leakage_table_1[2]        0.98           1.00          -0.02  (VIOLATED)
       PIN :   calvn/U133/B     0.98           1.00          -0.02  (VIOLATED)
   rg_leakage_table_1[3]        0.98           1.00          -0.02  (VIOLATED)
       PIN :   calvn/U32/B      0.98           1.00          -0.02  (VIOLATED)
   rg_leakage_table_1[4]        0.98           1.00          -0.02  (VIOLATED)
       PIN :   calvn/U33/B      0.98           1.00          -0.02  (VIOLATED)
   rg_leakage_table_1[5]        0.98           1.00          -0.02  (VIOLATED)
       PIN :   calvn/U130/B     0.98           1.00          -0.02  (VIOLATED)
   rg_leakage_table_1[6]        0.98           1.00          -0.02  (VIOLATED)
       PIN :   calvn/U34/B      0.98           1.00          -0.02  (VIOLATED)
   rg_leakage_table_1[7]        0.98           1.00          -0.02  (VIOLATED)
       PIN :   calvn/U67/B      0.98           1.00          -0.02  (VIOLATED)
   rg_leakage_table_2[0]        0.98           1.00          -0.02  (VIOLATED)
       PIN :   calvn/U117/D     0.98           1.00          -0.02  (VIOLATED)
   rg_leakage_table_2[1]        0.98           1.00          -0.02  (VIOLATED)
       PIN :   calvn/U115/D     0.98           1.00          -0.02  (VIOLATED)
   rg_leakage_table_2[2]        0.98           1.00          -0.02  (VIOLATED)
       PIN :   calvn/U113/D     0.98           1.00          -0.02  (VIOLATED)
   rg_leakage_table_2[3]        0.98           1.00          -0.02  (VIOLATED)
       PIN :   calvn/U111/D     0.98           1.00          -0.02  (VIOLATED)
   rg_leakage_table_2[4]        0.98           1.00          -0.02  (VIOLATED)
       PIN :   calvn/U68/D      0.98           1.00          -0.02  (VIOLATED)
   rg_leakage_table_2[5]        0.98           1.00          -0.02  (VIOLATED)
       PIN :   calvn/U31/D      0.98           1.00          -0.02  (VIOLATED)
   rg_leakage_table_2[6]        0.98           1.00          -0.02  (VIOLATED)
       PIN :   calvn/U87/D      0.98           1.00          -0.02  (VIOLATED)
   rg_leakage_table_2[7]        0.98           1.00          -0.02  (VIOLATED)
       PIN :   calvn/U103/D     0.98           1.00          -0.02  (VIOLATED)
   rg_leakage_table_3[0]        0.98           1.00          -0.02  (VIOLATED)
       PIN :   calvn/U137/D     0.98           1.00          -0.02  (VIOLATED)
   rg_leakage_table_3[1]        0.98           1.00          -0.02  (VIOLATED)
       PIN :   calvn/U135/D     0.98           1.00          -0.02  (VIOLATED)
   rg_leakage_table_3[2]        0.98           1.00          -0.02  (VIOLATED)
       PIN :   calvn/U133/D     0.98           1.00          -0.02  (VIOLATED)
   rg_leakage_table_3[3]        0.98           1.00          -0.02  (VIOLATED)
       PIN :   calvn/U32/D      0.98           1.00          -0.02  (VIOLATED)
   rg_leakage_table_3[4]        0.98           1.00          -0.02  (VIOLATED)
       PIN :   calvn/U33/D      0.98           1.00          -0.02  (VIOLATED)
   rg_leakage_table_3[5]        0.98           1.00          -0.02  (VIOLATED)
       PIN :   calvn/U130/D     0.98           1.00          -0.02  (VIOLATED)
   rg_leakage_table_3[6]        0.98           1.00          -0.02  (VIOLATED)
       PIN :   calvn/U34/D      0.98           1.00          -0.02  (VIOLATED)
   rg_leakage_table_3[7]        0.98           1.00          -0.02  (VIOLATED)
       PIN :   calvn/U67/D      0.98           1.00          -0.02  (VIOLATED)
   rg_leakage_table_4[0]        0.98           1.00          -0.02  (VIOLATED)
       PIN :   calvn/U118/D     0.98           1.00          -0.02  (VIOLATED)
   rg_leakage_table_4[1]        0.98           1.00          -0.02  (VIOLATED)
       PIN :   calvn/U116/D     0.98           1.00          -0.02  (VIOLATED)
   rg_leakage_table_4[2]        0.98           1.00          -0.02  (VIOLATED)
       PIN :   calvn/U114/D     0.98           1.00          -0.02  (VIOLATED)
   rg_leakage_table_4[3]        0.98           1.00          -0.02  (VIOLATED)
       PIN :   calvn/U112/D     0.98           1.00          -0.02  (VIOLATED)
   rg_leakage_table_4[4]        0.98           1.00          -0.02  (VIOLATED)
       PIN :   calvn/U110/D     0.98           1.00          -0.02  (VIOLATED)
   rg_leakage_table_4[5]        0.98           1.00          -0.02  (VIOLATED)
       PIN :   calvn/U108/D     0.98           1.00          -0.02  (VIOLATED)
   rg_leakage_table_4[6]        0.98           1.00          -0.02  (VIOLATED)
       PIN :   calvn/U107/D     0.98           1.00          -0.02  (VIOLATED)
   rg_leakage_table_4[7]        0.98           1.00          -0.02  (VIOLATED)
       PIN :   calvn/U106/D     0.98           1.00          -0.02  (VIOLATED)
   rg_leakage_table_5[0]        0.98           1.00          -0.02  (VIOLATED)
       PIN :   calvn/U138/D     0.98           1.00          -0.02  (VIOLATED)
   rg_leakage_table_5[1]        0.98           1.00          -0.02  (VIOLATED)
       PIN :   calvn/U136/D     0.98           1.00          -0.02  (VIOLATED)
   rg_leakage_table_5[2]        0.98           1.00          -0.02  (VIOLATED)
       PIN :   calvn/U134/D     0.98           1.00          -0.02  (VIOLATED)
   rg_leakage_table_5[3]        0.98           1.00          -0.02  (VIOLATED)
       PIN :   calvn/U55/D      0.98           1.00          -0.02  (VIOLATED)
   rg_leakage_table_5[4]        0.98           1.00          -0.02  (VIOLATED)
       PIN :   calvn/U132/D     0.98           1.00          -0.02  (VIOLATED)
   rg_leakage_table_5[5]        0.98           1.00          -0.02  (VIOLATED)
       PIN :   calvn/U131/D     0.98           1.00          -0.02  (VIOLATED)
   rg_leakage_table_5[6]        0.98           1.00          -0.02  (VIOLATED)
       PIN :   calvn/U129/D     0.98           1.00          -0.02  (VIOLATED)
   rg_leakage_table_5[7]        0.98           1.00          -0.02  (VIOLATED)
       PIN :   calvn/U128/D     0.98           1.00          -0.02  (VIOLATED)
   rg_leakage_table_6[0]        0.98           1.00          -0.02  (VIOLATED)
       PIN :   calvn/U118/B     0.98           1.00          -0.02  (VIOLATED)
   rg_leakage_table_6[1]        0.98           1.00          -0.02  (VIOLATED)
       PIN :   calvn/U116/B     0.98           1.00          -0.02  (VIOLATED)
   rg_leakage_table_6[2]        0.98           1.00          -0.02  (VIOLATED)
       PIN :   calvn/U114/B     0.98           1.00          -0.02  (VIOLATED)
   rg_leakage_table_6[3]        0.98           1.00          -0.02  (VIOLATED)
       PIN :   calvn/U112/B     0.98           1.00          -0.02  (VIOLATED)
   rg_leakage_table_6[4]        0.98           1.00          -0.02  (VIOLATED)
       PIN :   calvn/U110/B     0.98           1.00          -0.02  (VIOLATED)
   rg_leakage_table_6[5]        0.98           1.00          -0.02  (VIOLATED)
       PIN :   calvn/U108/B     0.98           1.00          -0.02  (VIOLATED)
   rg_leakage_table_6[6]        0.98           1.00          -0.02  (VIOLATED)
       PIN :   calvn/U107/B     0.98           1.00          -0.02  (VIOLATED)
   rg_leakage_table_6[7]        0.98           1.00          -0.02  (VIOLATED)
       PIN :   calvn/U106/B     0.98           1.00          -0.02  (VIOLATED)
   rg_leakage_table_7[0]        0.98           1.00          -0.02  (VIOLATED)
       PIN :   calvn/U138/B     0.98           1.00          -0.02  (VIOLATED)
   rg_leakage_table_7[1]        0.98           1.00          -0.02  (VIOLATED)
       PIN :   calvn/U136/B     0.98           1.00          -0.02  (VIOLATED)
   rg_leakage_table_7[2]        0.98           1.00          -0.02  (VIOLATED)
       PIN :   calvn/U134/B     0.98           1.00          -0.02  (VIOLATED)
   rg_leakage_table_7[3]        0.98           1.00          -0.02  (VIOLATED)
       PIN :   calvn/U55/B      0.98           1.00          -0.02  (VIOLATED)
   rg_leakage_table_7[4]        0.98           1.00          -0.02  (VIOLATED)
       PIN :   calvn/U132/B     0.98           1.00          -0.02  (VIOLATED)
   rg_leakage_table_7[5]        0.98           1.00          -0.02  (VIOLATED)
       PIN :   calvn/U131/B     0.98           1.00          -0.02  (VIOLATED)
   rg_leakage_table_7[6]        0.98           1.00          -0.02  (VIOLATED)
       PIN :   calvn/U129/B     0.98           1.00          -0.02  (VIOLATED)
   rg_leakage_table_7[7]        0.98           1.00          -0.02  (VIOLATED)
       PIN :   calvn/U128/B     0.98           1.00          -0.02  (VIOLATED)
   rg_sin_table_0[0]            0.98           1.00          -0.02  (VIOLATED)
       PIN :   dot/U247/B       0.98           1.00          -0.02  (VIOLATED)
   rg_sin_table_0[1]            0.98           1.00          -0.02  (VIOLATED)
       PIN :   dot/U253/B       0.98           1.00          -0.02  (VIOLATED)
   rg_sin_table_0[2]            0.98           1.00          -0.02  (VIOLATED)
       PIN :   dot/U269/B       0.98           1.00          -0.02  (VIOLATED)
   rg_sin_table_0[3]            0.98           1.00          -0.02  (VIOLATED)
       PIN :   dot/U53/B        0.98           1.00          -0.02  (VIOLATED)
   rg_sin_table_0[4]            0.98           1.00          -0.02  (VIOLATED)
       PIN :   dot/U52/B        0.98           1.00          -0.02  (VIOLATED)
   rg_sin_table_0[5]            0.98           1.00          -0.02  (VIOLATED)
       PIN :   dot/U31/B        0.98           1.00          -0.02  (VIOLATED)
   rg_sin_table_0[6]            0.98           1.00          -0.02  (VIOLATED)
       PIN :   dot/U275/B       0.98           1.00          -0.02  (VIOLATED)
   rg_sin_table_0[7]            0.98           1.00          -0.02  (VIOLATED)
       PIN :   dot/U286/B       0.98           1.00          -0.02  (VIOLATED)
   rg_sin_table_1[0]            0.98           1.00          -0.02  (VIOLATED)
       PIN :   dot/U250/B       0.98           1.00          -0.02  (VIOLATED)
   rg_sin_table_1[1]            0.98           1.00          -0.02  (VIOLATED)
       PIN :   dot/U256/B       0.98           1.00          -0.02  (VIOLATED)
   rg_sin_table_1[2]            0.98           1.00          -0.02  (VIOLATED)
       PIN :   dot/U272/B       0.98           1.00          -0.02  (VIOLATED)
   rg_sin_table_1[3]            0.98           1.00          -0.02  (VIOLATED)
       PIN :   dot/U266/B       0.98           1.00          -0.02  (VIOLATED)
   rg_sin_table_1[4]            0.98           1.00          -0.02  (VIOLATED)
       PIN :   dot/U261/B       0.98           1.00          -0.02  (VIOLATED)
   rg_sin_table_1[5]            0.98           1.00          -0.02  (VIOLATED)
       PIN :   dot/U283/B       0.98           1.00          -0.02  (VIOLATED)
   rg_sin_table_1[6]            0.98           1.00          -0.02  (VIOLATED)
       PIN :   dot/U278/B       0.98           1.00          -0.02  (VIOLATED)
   rg_sin_table_1[7]            0.98           1.00          -0.02  (VIOLATED)
       PIN :   dot/U289/B       0.98           1.00          -0.02  (VIOLATED)
   rg_sin_table_2[0]            0.98           1.00          -0.02  (VIOLATED)
       PIN :   dot/U250/C       0.98           1.00          -0.02  (VIOLATED)
   rg_sin_table_2[1]            0.98           1.00          -0.02  (VIOLATED)
       PIN :   dot/U256/C       0.98           1.00          -0.02  (VIOLATED)
   rg_sin_table_2[2]            0.98           1.00          -0.02  (VIOLATED)
       PIN :   dot/U272/C       0.98           1.00          -0.02  (VIOLATED)
   rg_sin_table_2[3]            0.98           1.00          -0.02  (VIOLATED)
       PIN :   dot/U266/C       0.98           1.00          -0.02  (VIOLATED)
   rg_sin_table_2[4]            0.98           1.00          -0.02  (VIOLATED)
       PIN :   dot/U261/C       0.98           1.00          -0.02  (VIOLATED)
   rg_sin_table_2[5]            0.98           1.00          -0.02  (VIOLATED)
       PIN :   dot/U283/C       0.98           1.00          -0.02  (VIOLATED)
   rg_sin_table_2[6]            0.98           1.00          -0.02  (VIOLATED)
       PIN :   dot/U278/C       0.98           1.00          -0.02  (VIOLATED)
   rg_sin_table_2[7]            0.98           1.00          -0.02  (VIOLATED)
       PIN :   dot/U289/C       0.98           1.00          -0.02  (VIOLATED)
   rg_sin_table_3[0]            0.98           1.00          -0.02  (VIOLATED)
       PIN :   dot/U247/C       0.98           1.00          -0.02  (VIOLATED)
   rg_sin_table_3[1]            0.98           1.00          -0.02  (VIOLATED)
       PIN :   dot/U253/C       0.98           1.00          -0.02  (VIOLATED)
   rg_sin_table_3[2]            0.98           1.00          -0.02  (VIOLATED)
       PIN :   dot/U269/C       0.98           1.00          -0.02  (VIOLATED)
   rg_sin_table_3[3]            0.98           1.00          -0.02  (VIOLATED)
       PIN :   dot/U53/C        0.98           1.00          -0.02  (VIOLATED)
   rg_sin_table_3[4]            0.98           1.00          -0.02  (VIOLATED)
       PIN :   dot/U52/C        0.98           1.00          -0.02  (VIOLATED)
   rg_sin_table_3[5]            0.98           1.00          -0.02  (VIOLATED)
       PIN :   dot/U31/C        0.98           1.00          -0.02  (VIOLATED)
   rg_sin_table_3[6]            0.98           1.00          -0.02  (VIOLATED)
       PIN :   dot/U275/C       0.98           1.00          -0.02  (VIOLATED)
   rg_sin_table_3[7]            0.98           1.00          -0.02  (VIOLATED)
       PIN :   dot/U286/C       0.98           1.00          -0.02  (VIOLATED)
   rg_sin_table_4[0]            0.98           1.00          -0.02  (VIOLATED)
       PIN :   dot/U251/C       0.98           1.00          -0.02  (VIOLATED)
   rg_sin_table_4[1]            0.98           1.00          -0.02  (VIOLATED)
       PIN :   dot/U257/C       0.98           1.00          -0.02  (VIOLATED)
   rg_sin_table_4[2]            0.98           1.00          -0.02  (VIOLATED)
       PIN :   dot/U273/C       0.98           1.00          -0.02  (VIOLATED)
   rg_sin_table_4[3]            0.98           1.00          -0.02  (VIOLATED)
       PIN :   dot/U267/C       0.98           1.00          -0.02  (VIOLATED)
   rg_sin_table_4[4]            0.98           1.00          -0.02  (VIOLATED)
       PIN :   dot/U262/C       0.98           1.00          -0.02  (VIOLATED)
   rg_sin_table_4[5]            0.98           1.00          -0.02  (VIOLATED)
       PIN :   dot/U284/C       0.98           1.00          -0.02  (VIOLATED)
   rg_sin_table_4[6]            0.98           1.00          -0.02  (VIOLATED)
       PIN :   dot/U279/C       0.98           1.00          -0.02  (VIOLATED)
   rg_sin_table_4[7]            0.98           1.00          -0.02  (VIOLATED)
       PIN :   dot/U290/C       0.98           1.00          -0.02  (VIOLATED)
   rg_sin_table_5[0]            0.98           1.00          -0.02  (VIOLATED)
       PIN :   dot/U248/C       0.98           1.00          -0.02  (VIOLATED)
   rg_sin_table_5[1]            0.98           1.00          -0.02  (VIOLATED)
       PIN :   dot/U254/C       0.98           1.00          -0.02  (VIOLATED)
   rg_sin_table_5[2]            0.98           1.00          -0.02  (VIOLATED)
       PIN :   dot/U270/C       0.98           1.00          -0.02  (VIOLATED)
   rg_sin_table_5[3]            0.98           1.00          -0.02  (VIOLATED)
       PIN :   dot/U264/C       0.98           1.00          -0.02  (VIOLATED)
   rg_sin_table_5[4]            0.98           1.00          -0.02  (VIOLATED)
       PIN :   dot/U259/C       0.98           1.00          -0.02  (VIOLATED)
   rg_sin_table_5[5]            0.98           1.00          -0.02  (VIOLATED)
       PIN :   dot/U281/C       0.98           1.00          -0.02  (VIOLATED)
   rg_sin_table_5[6]            0.98           1.00          -0.02  (VIOLATED)
       PIN :   dot/U276/C       0.98           1.00          -0.02  (VIOLATED)
   rg_sin_table_5[7]            0.98           1.00          -0.02  (VIOLATED)
       PIN :   dot/U287/C       0.98           1.00          -0.02  (VIOLATED)
   rg_sin_table_6[0]            0.98           1.00          -0.02  (VIOLATED)
       PIN :   dot/U251/B       0.98           1.00          -0.02  (VIOLATED)
   rg_sin_table_6[1]            0.98           1.00          -0.02  (VIOLATED)
       PIN :   dot/U257/B       0.98           1.00          -0.02  (VIOLATED)
   rg_sin_table_6[2]            0.98           1.00          -0.02  (VIOLATED)
       PIN :   dot/U273/B       0.98           1.00          -0.02  (VIOLATED)
   rg_sin_table_6[3]            0.98           1.00          -0.02  (VIOLATED)
       PIN :   dot/U267/B       0.98           1.00          -0.02  (VIOLATED)
   rg_sin_table_6[4]            0.98           1.00          -0.02  (VIOLATED)
       PIN :   dot/U262/B       0.98           1.00          -0.02  (VIOLATED)
   rg_sin_table_6[5]            0.98           1.00          -0.02  (VIOLATED)
       PIN :   dot/U284/B       0.98           1.00          -0.02  (VIOLATED)
   rg_sin_table_6[6]            0.98           1.00          -0.02  (VIOLATED)
       PIN :   dot/U279/B       0.98           1.00          -0.02  (VIOLATED)
   rg_sin_table_6[7]            0.98           1.00          -0.02  (VIOLATED)
       PIN :   dot/U290/B       0.98           1.00          -0.02  (VIOLATED)
   rg_sin_table_7[0]            0.98           1.00          -0.02  (VIOLATED)
       PIN :   dot/U248/B       0.98           1.00          -0.02  (VIOLATED)
   rg_sin_table_7[1]            0.98           1.00          -0.02  (VIOLATED)
       PIN :   dot/U254/B       0.98           1.00          -0.02  (VIOLATED)
   rg_sin_table_7[2]            0.98           1.00          -0.02  (VIOLATED)
       PIN :   dot/U270/B       0.98           1.00          -0.02  (VIOLATED)
   rg_sin_table_7[3]            0.98           1.00          -0.02  (VIOLATED)
       PIN :   dot/U264/B       0.98           1.00          -0.02  (VIOLATED)
   rg_sin_table_7[4]            0.98           1.00          -0.02  (VIOLATED)
       PIN :   dot/U259/B       0.98           1.00          -0.02  (VIOLATED)
   rg_sin_table_7[5]            0.98           1.00          -0.02  (VIOLATED)
       PIN :   dot/U281/B       0.98           1.00          -0.02  (VIOLATED)
   rg_sin_table_7[6]            0.98           1.00          -0.02  (VIOLATED)
       PIN :   dot/U276/B       0.98           1.00          -0.02  (VIOLATED)
   rg_sin_table_7[7]            0.98           1.00          -0.02  (VIOLATED)
       PIN :   dot/U287/B       0.98           1.00          -0.02  (VIOLATED)
   valid_num[0]                 0.98           1.00          -0.02  (VIOLATED)
       PIN :   U14/A            0.98           1.00          -0.02  (VIOLATED)
   valid_num[1]                 0.98           1.00          -0.02  (VIOLATED)
       PIN :   U13/A            0.98           1.00          -0.02  (VIOLATED)
   valid_num[2]                 0.98           1.00          -0.02  (VIOLATED)
       PIN :   calvn/U151/C     0.98           1.00          -0.02  (VIOLATED)
   vin1[0]                      0.98           1.00          -0.02  (VIOLATED)
       PIN :   U9/A             0.98           1.00          -0.02  (VIOLATED)
   vin1[1]                      0.98           1.00          -0.02  (VIOLATED)
       PIN :   calvn/U193/A     0.98           1.00          -0.02  (VIOLATED)
       PIN :   calvn/U160/A     0.98           1.00          -0.02  (VIOLATED)
       PIN :   calvn/U200/B     0.98           1.00          -0.02  (VIOLATED)
   vin1[2]                      0.98           1.00          -0.02  (VIOLATED)
       PIN :   U25/A            0.98           1.00          -0.02  (VIOLATED)
   vin1[3]                      0.98           1.00          -0.02  (VIOLATED)
       PIN :   U7/A             0.98           1.00          -0.02  (VIOLATED)
   vin1[4]                      0.98           1.00          -0.02  (VIOLATED)
       PIN :   U17/A            0.98           1.00          -0.02  (VIOLATED)
   vin1[5]                      0.98           1.00          -0.02  (VIOLATED)
       PIN :   U22/A            0.98           1.00          -0.02  (VIOLATED)
   vin1[6]                      0.98           1.00          -0.02  (VIOLATED)
       PIN :   U18/A            0.98           1.00          -0.02  (VIOLATED)
   vin1[7]                      0.98           1.00          -0.02  (VIOLATED)
       PIN :   U10/A            0.98           1.00          -0.02  (VIOLATED)
   vin2[0]                      0.98           1.00          -0.02  (VIOLATED)
       PIN :   U24/A            0.98           1.00          -0.02  (VIOLATED)
   vin2[1]                      0.98           1.00          -0.02  (VIOLATED)
       PIN :   U26/A            0.98           1.00          -0.02  (VIOLATED)
   vin2[2]                      0.98           1.00          -0.02  (VIOLATED)
       PIN :   U6/A             0.98           1.00          -0.02  (VIOLATED)
   vin2[3]                      0.98           1.00          -0.02  (VIOLATED)
       PIN :   U29/A            0.98           1.00          -0.02  (VIOLATED)
   vin2[4]                      0.98           1.00          -0.02  (VIOLATED)
       PIN :   U21/A            0.98           1.00          -0.02  (VIOLATED)
   vin2[5]                      0.98           1.00          -0.02  (VIOLATED)
       PIN :   U23/A            0.98           1.00          -0.02  (VIOLATED)
   vin2[6]                      0.98           1.00          -0.02  (VIOLATED)
       PIN :   U20/A            0.98           1.00          -0.02  (VIOLATED)
   vin2[7]                      0.98           1.00          -0.02  (VIOLATED)
       PIN :   U19/A            0.98           1.00          -0.02  (VIOLATED)
   vin_vld                      0.98           1.00          -0.02  (VIOLATED)
       PIN :   calvn/U153/A     0.98           1.00          -0.02  (VIOLATED)

   -----------------------------------------------------------------
   Total                      218                -4.80  

   max_capacitance

                             Required        Actual
   Net                      Capacitance    Capacitance       Slack
   -----------------------------------------------------------------
   calvn/n93                    0.02           0.02           0.00  (VIOLATED: increase significant digits)

   -----------------------------------------------------------------
   Total                      1                  -0.00  

1
