 
****************************************
Report : reference
Design : cal_phase
Version: L-2016.03-SP1
Date   : Sun Nov 28 21:28:00 2021
****************************************

Attributes:
    b - black box (unknown)
   bo - allows boundary optimization
    d - dont_touch
   mo - map_only
    h - hierarchical
    n - noncombinational
    r - removable
    s - synthetic operator
    u - contains unmapped logic

Reference          Library       Unit Area   Count    Total Area   Attributes
-----------------------------------------------------------------------------
AO21D1BWP7T35P140  tcbn28hpcplusbwp7t35p140ssg0p81v125c_ccs
                                  0.490000       2      0.980000  
AO22D0BWP7T35P140  tcbn28hpcplusbwp7t35p140ssg0p81v125c_ccs
                                  0.686000       8      5.488000  
DEL025D1BWP7T35P140
                   tcbn28hpcplusbwp7t35p140ssg0p81v125c_ccs
                                  0.294000       2      0.588000  
DFCNQD1BWP7T35P140 tcbn28hpcplusbwp7t35p140ssg0p81v125c_ccs
                                  1.862000      29     53.998000  n
FA1D1BWP7T35P140   tcbn28hpcplusbwp7t35p140ssg0p81v125c_ccs
                                  1.666000       8     13.328000  r
HA1D1BWP7T35P140   tcbn28hpcplusbwp7t35p140ssg0p81v125c_ccs
                                  1.274000       8     10.192000  r
IND2D1BWP7T35P140  tcbn28hpcplusbwp7t35p140ssg0p81v125c_ccs
                                  0.392000       1      0.392000  
INR3D0BWP7T35P140  tcbn28hpcplusbwp7t35p140ssg0p81v125c_ccs
                                  0.490000       1      0.490000  
INVD1BWP7T35P140   tcbn28hpcplusbwp7t35p140ssg0p81v125c_ccs
                                  0.196000     144     28.223999  
MUX2D1BWP7T35P140  tcbn28hpcplusbwp7t35p140ssg0p81v125c_ccs
                                  0.686000       1      0.686000  
NR2D1BWP7T35P140   tcbn28hpcplusbwp7t35p140ssg0p81v125c_ccs
                                  0.294000       3      0.882000  
NR4D0BWP7T35P140   tcbn28hpcplusbwp7t35p140ssg0p81v125c_ccs
                                  0.490000       1      0.490000  
OR2D1BWP7T35P140   tcbn28hpcplusbwp7t35p140ssg0p81v125c_ccs
                                  0.392000       1      0.392000  
SNPS_CLOCK_GATE_HIGH_cal_phase_0
                                  1.470000       1      1.470000  b, h
SNPS_CLOCK_GATE_HIGH_cal_phase_1
                                  1.470000       1      1.470000  b, h
TIELBWP7T35P140    tcbn28hpcplusbwp7t35p140ssg0p81v125c_ccs
                                  0.196000       1      0.196000  
XNR2D0BWP7T35P140  tcbn28hpcplusbwp7t35p140ssg0p81v125c_ccs
                                  0.686000       1      0.686000  
cal_vn                          386.610000       1    386.610000  b, h, n
cordic_int                      414.637999       1    414.637999  b, h, n
dotVn                           389.256001       1    389.256001  b, h, n
-----------------------------------------------------------------------------
Total 20 references                                  1310.455999
1
