 
****************************************
Report : clock_gating
        -ungated
        -verbose
Design : cal_phase
Version: L-2016.03-SP1
Date   : Wed Dec 15 15:23:38 2021
****************************************


--------------------------------------------------------------------------------
                             Ungated Register Report
--------------------------------------------------------------------------------
           Ungated Register     |  Reason                  |  What Next?
--------------------------------------------------------------------------------
    dot/mac_en_reg              |  Min bitwidth not met    |  -
    dot/finish_reg              |  Always enabled register |  -
    dot/mac_cnt_reg_0_          |  Always enabled register |  -
    dot/mac_cnt_reg_1_          |  Min bitwidth not met    |  -
    dot/mac_cnt_reg_2_          |  Min bitwidth not met    |  -
    cordic/cal_en_regNext_reg   |  Always enabled register |  -
    cordic/finish_reg           |  Always enabled register |  -
    cordic/nozero_flg_reg       |  Min bitwidth not met    |  -
    cordic/cal_en_reg           |  Min bitwidth not met    |  -
                                |                          |
--------------------------------------------------------------------------------


                             Clock Gating Summary
          ------------------------------------------------------------
          |    Number of Clock gating elements    |       11         |
          |                                       |                  |
          |    Number of Gated registers          |   171 (95.00%)   |
          |                                       |                  |
          |    Number of Ungated registers        |     9 (5.00%)    |
          |                                       |                  |
          |    Total number of registers          |      180         |
          ------------------------------------------------------------



1
