Information: Updating design information... (UID-85)
 
****************************************
Report : constraint
        -all_violators
Design : cal_phase
Version: L-2016.03-SP1
Date   : Wed Dec 15 15:23:35 2021
****************************************


   min_delay/hold ('clk' group)

                             Required        Actual
   Endpoint                 Path Delay     Path Delay        Slack
   -----------------------------------------------------------------
   cordic/cal_en_regNext_reg/D
                                3.49           2.79 f        -0.70  (VIOLATED)
   cordic/cal_en_reg/D          3.49           2.81 r        -0.68  (VIOLATED)
   calvn/clk_gate_Vins_1_reg/main_gate/A
                                3.00           2.33 f        -0.67  (VIOLATED)
   calvn/clk_gate_Vins_3_reg/main_gate/A
                                3.00           2.33 f        -0.67  (VIOLATED)
   calvn/clk_gate_Vins_4_reg/main_gate/A
                                3.00           2.33 f        -0.67  (VIOLATED)
   calvn/clk_gate_Vins_6_reg/main_gate/A
                                3.00           2.33 f        -0.67  (VIOLATED)
   calvn/clk_gate_max_v_reg/main_gate/A
                                3.00           2.33 f        -0.67  (VIOLATED)
   calvn/clk_gate_min_v_reg/main_gate/A
                                3.00           2.33 f        -0.67  (VIOLATED)
   calvn/clk_gate_v_cnt_reg/main_gate/A
                                3.00           2.33 f        -0.67  (VIOLATED)
   cordic/clk_gate_cal_cnt_reg/main_gate/A
                                3.00           2.33 f        -0.67  (VIOLATED)
   cordic/clk_gate_res_rg_reg/main_gate/A
                                3.00           2.33 f        -0.67  (VIOLATED)
   cordic/clk_gate_yn_reg/main_gate/A
                                3.00           2.33 f        -0.67  (VIOLATED)
   dot/clk_gate_psum2_reg/main_gate/A
                                3.00           2.33 f        -0.67  (VIOLATED)
   dot/clk_gate_psum2_reg/latch/D
                                3.37           2.77 f        -0.61  (VIOLATED)
   dot/mac_cnt_reg_0_/D         3.49           2.96 f        -0.53  (VIOLATED)
   cordic/xn_reg_0_/D           3.49           2.99 f        -0.50  (VIOLATED)
   cordic/yn_reg_0_/D           3.49           3.00 f        -0.49  (VIOLATED)
   dot/finish_reg/D             3.47           2.99 r        -0.48  (VIOLATED)
   cordic/xn_reg_1_/D           3.49           3.04 f        -0.45  (VIOLATED)
   cordic/nozero_flg_reg/D      3.49           3.04 f        -0.45  (VIOLATED)
   cordic/yn_reg_1_/D           3.49           3.05 f        -0.44  (VIOLATED)
   cordic/yn_reg_18_/D          3.51           3.08 f        -0.43  (VIOLATED)
   cordic/xn_reg_2_/D           3.49           3.08 f        -0.41  (VIOLATED)
   calvn/v_cnt_reg_0_/D         3.49           3.09 r        -0.40  (VIOLATED)
   cordic/xn_reg_6_/D           3.49           3.10 f        -0.39  (VIOLATED)
   cordic/xn_reg_12_/D          3.49           3.10 f        -0.39  (VIOLATED)
   cordic/yn_reg_2_/D           3.49           3.10 f        -0.39  (VIOLATED)
   cordic/xn_reg_8_/D           3.49           3.11 f        -0.38  (VIOLATED)
   cordic/xn_reg_9_/D           3.49           3.11 f        -0.38  (VIOLATED)
   cordic/yn_reg_16_/D          3.49           3.11 f        -0.38  (VIOLATED)
   cordic/xn_reg_16_/D          3.49           3.11 f        -0.38  (VIOLATED)
   cordic/yn_reg_6_/D           3.49           3.11 f        -0.38  (VIOLATED)
   cordic/yn_reg_12_/D          3.49           3.11 f        -0.38  (VIOLATED)
   cordic/xn_reg_5_/D           3.49           3.12 f        -0.37  (VIOLATED)
   cordic/xn_reg_10_/D          3.49           3.12 f        -0.37  (VIOLATED)
   cordic/yn_reg_10_/D          3.49           3.12 f        -0.37  (VIOLATED)
   cordic/yn_reg_8_/D           3.49           3.12 f        -0.37  (VIOLATED)
   cordic/yn_reg_9_/D           3.49           3.12 f        -0.37  (VIOLATED)
   cordic/xn_reg_4_/D           3.49           3.13 f        -0.36  (VIOLATED)
   cordic/xn_reg_7_/D           3.49           3.13 f        -0.36  (VIOLATED)
   cordic/yn_reg_7_/D           3.49           3.13 f        -0.36  (VIOLATED)
   cordic/xn_reg_3_/D           3.49           3.13 f        -0.36  (VIOLATED)
   cordic/yn_reg_4_/D           3.49           3.13 f        -0.36  (VIOLATED)
   cordic/yn_reg_17_/D          3.49           3.14 f        -0.35  (VIOLATED)
   cordic/yn_reg_3_/D           3.49           3.14 f        -0.35  (VIOLATED)
   cordic/yn_reg_5_/D           3.49           3.14 f        -0.35  (VIOLATED)
   cordic/yn_reg_11_/D          3.49           3.15 f        -0.34  (VIOLATED)
   cordic/xn_reg_17_/D          3.49           3.15 f        -0.34  (VIOLATED)
   cordic/xn_reg_11_/D          3.49           3.16 f        -0.33  (VIOLATED)
   dot/mac_en_reg/D             3.49           3.18 r        -0.31  (VIOLATED)
   cordic/xn_reg_13_/D          3.49           3.18 f        -0.31  (VIOLATED)
   dot/mac_cnt_reg_1_/D         3.49           3.18 f        -0.31  (VIOLATED)
   cordic/xn_reg_15_/D          3.49           3.18 f        -0.31  (VIOLATED)
   cordic/yn_reg_15_/D          3.49           3.19 f        -0.30  (VIOLATED)
   cordic/yn_reg_13_/D          3.49           3.19 f        -0.30  (VIOLATED)
   cordic/xn_reg_18_/D          3.49           3.19 f        -0.30  (VIOLATED)
   calvn/clk_gate_max_v_reg/latch/D
                                3.37           3.08 r        -0.29  (VIOLATED)
   dot/mac_cnt_reg_2_/D         3.49           3.21 f        -0.28  (VIOLATED)
   cordic/res_rg_reg_0_/D       3.49           3.21 r        -0.28  (VIOLATED)
   cordic/clk_gate_res_rg_reg/latch/D
                                3.37           3.09 r        -0.28  (VIOLATED)
   cordic/res_rg_reg_1_/D       3.49           3.22 r        -0.27  (VIOLATED)
   cordic/res_rg_reg_2_/D       3.49           3.22 r        -0.27  (VIOLATED)
   cordic/res_rg_reg_3_/D       3.49           3.22 r        -0.27  (VIOLATED)
   cordic/res_rg_reg_4_/D       3.49           3.22 r        -0.27  (VIOLATED)
   cordic/res_rg_reg_5_/D       3.49           3.22 r        -0.27  (VIOLATED)
   cordic/clk_gate_yn_reg/latch/D
                                3.37           3.13 f        -0.25  (VIOLATED)
   cordic/res_rg_reg_6_/D       3.49           3.25 r        -0.24  (VIOLATED)
   calvn/v_cnt_reg_2_/D         3.49           3.29 f        -0.20  (VIOLATED)
   cordic/res_rg_reg_7_/D       3.49           3.31 r        -0.18  (VIOLATED)
   cordic/cal_cnt_reg_0_/D      3.49           3.32 f        -0.17  (VIOLATED)
   cordic/res_rg_reg_8_/D       3.49           3.33 f        -0.17  (VIOLATED)
   cordic/xn_reg_14_/D          3.49           3.33 r        -0.16  (VIOLATED)
   calvn/clk_gate_min_v_reg/latch/D
                                3.37           3.22 f        -0.16  (VIOLATED)
   cordic/cal_cnt_reg_2_/D      3.49           3.33 f        -0.16  (VIOLATED)
   cordic/yn_reg_14_/D          3.49           3.34 r        -0.15  (VIOLATED)
   cordic/cal_cnt_reg_1_/D      3.49           3.34 f        -0.15  (VIOLATED)
   calvn/Vins_7_reg_0_/D        3.49           3.37 f        -0.12  (VIOLATED)
   calvn/Vins_7_reg_1_/D        3.49           3.37 f        -0.12  (VIOLATED)
   calvn/Vins_7_reg_2_/D        3.49           3.37 f        -0.12  (VIOLATED)
   calvn/Vins_7_reg_3_/D        3.49           3.37 f        -0.12  (VIOLATED)
   calvn/Vins_7_reg_4_/D        3.49           3.37 f        -0.12  (VIOLATED)
   calvn/Vins_7_reg_5_/D        3.49           3.37 f        -0.12  (VIOLATED)
   calvn/Vins_7_reg_6_/D        3.49           3.37 f        -0.12  (VIOLATED)
   dot/psum1_reg_15_/D          3.52           3.42 r        -0.10  (VIOLATED)
   calvn/clk_gate_Vins_6_reg/latch/D
                                3.37           3.28 f        -0.09  (VIOLATED)
   dot/psum2_reg_17_/D          3.50           3.42 r        -0.09  (VIOLATED)
   dot/psum1_reg_17_/D          3.50           3.42 r        -0.08  (VIOLATED)
   cordic/clk_gate_cal_cnt_reg/latch/D
                                3.37           3.30 f        -0.08  (VIOLATED)
   dot/psum2_reg_18_/D          3.50           3.46 r        -0.04  (VIOLATED)
   calvn/v_cnt_reg_1_/D         3.49           3.45 f        -0.04  (VIOLATED)


   max_transition

                             Required        Actual
   Net                      Transition     Transition        Slack
   -----------------------------------------------------------------
   resetn                       0.98           1.00          -0.02  (VIOLATED)
       PIN :   U46/A            0.98           1.00          -0.02  (VIOLATED)
   rg_bypass_mean               0.98           1.00          -0.02  (VIOLATED)
       PIN :   U22/A            0.98           1.00          -0.02  (VIOLATED)
       PIN :   dot/U395/S       0.98           1.00          -0.02  (VIOLATED)
       PIN :   dot/U104/S       0.98           1.00          -0.02  (VIOLATED)
       PIN :   dot/U420/S       0.98           1.00          -0.02  (VIOLATED)
       PIN :   dot/U212/S       0.98           1.00          -0.02  (VIOLATED)
       PIN :   dot/U292/S       0.98           1.00          -0.02  (VIOLATED)
       PIN :   dot/U262/S       0.98           1.00          -0.02  (VIOLATED)
       PIN :   dot/U250/S       0.98           1.00          -0.02  (VIOLATED)
       PIN :   dot/U284/S       0.98           1.00          -0.02  (VIOLATED)
   rg_calphase_en               0.98           1.00          -0.02  (VIOLATED)
       PIN :   U6/A             0.98           1.00          -0.02  (VIOLATED)
       PIN :   calvn/U173/A     0.98           1.00          -0.02  (VIOLATED)
   rg_cordic_iternum[0]         0.98           1.00          -0.02  (VIOLATED)
       PIN :   cordic/U671/B
                                0.98           1.00          -0.02  (VIOLATED)
   rg_cordic_iternum[1]         0.98           1.00          -0.02  (VIOLATED)
       PIN :   cordic/U673/B
                                0.98           1.00          -0.02  (VIOLATED)
   rg_cordic_iternum[2]         0.98           1.00          -0.02  (VIOLATED)
       PIN :   cordic/U672/B
                                0.98           1.00          -0.02  (VIOLATED)
   rg_cos_table_0[0]            0.98           1.00          -0.02  (VIOLATED)
       PIN :   dot/U607/B       0.98           1.00          -0.02  (VIOLATED)
   rg_cos_table_0[1]            0.98           1.00          -0.02  (VIOLATED)
       PIN :   dot/U614/B       0.98           1.00          -0.02  (VIOLATED)
   rg_cos_table_0[2]            0.98           1.00          -0.02  (VIOLATED)
       PIN :   dot/U591/B       0.98           1.00          -0.02  (VIOLATED)
   rg_cos_table_0[3]            0.98           1.00          -0.02  (VIOLATED)
       PIN :   dot/U598/B       0.98           1.00          -0.02  (VIOLATED)
   rg_cos_table_0[4]            0.98           1.00          -0.02  (VIOLATED)
       PIN :   dot/U577/B       0.98           1.00          -0.02  (VIOLATED)
   rg_cos_table_0[5]            0.98           1.00          -0.02  (VIOLATED)
       PIN :   dot/U584/B       0.98           1.00          -0.02  (VIOLATED)
   rg_cos_table_0[6]            0.98           1.00          -0.02  (VIOLATED)
       PIN :   dot/U629/B       0.98           1.00          -0.02  (VIOLATED)
   rg_cos_table_0[7]            0.98           1.00          -0.02  (VIOLATED)
       PIN :   dot/U645/B       0.98           1.00          -0.02  (VIOLATED)
   rg_cos_table_1[0]            0.98           1.00          -0.02  (VIOLATED)
       PIN :   dot/U608/B       0.98           1.00          -0.02  (VIOLATED)
   rg_cos_table_1[1]            0.98           1.00          -0.02  (VIOLATED)
       PIN :   dot/U615/B       0.98           1.00          -0.02  (VIOLATED)
   rg_cos_table_1[2]            0.98           1.00          -0.02  (VIOLATED)
       PIN :   dot/U592/B       0.98           1.00          -0.02  (VIOLATED)
   rg_cos_table_1[3]            0.98           1.00          -0.02  (VIOLATED)
       PIN :   dot/U599/B       0.98           1.00          -0.02  (VIOLATED)
   rg_cos_table_1[4]            0.98           1.00          -0.02  (VIOLATED)
       PIN :   dot/U578/B       0.98           1.00          -0.02  (VIOLATED)
   rg_cos_table_1[5]            0.98           1.00          -0.02  (VIOLATED)
       PIN :   dot/U585/B       0.98           1.00          -0.02  (VIOLATED)
   rg_cos_table_1[6]            0.98           1.00          -0.02  (VIOLATED)
       PIN :   dot/U630/B       0.98           1.00          -0.02  (VIOLATED)
   rg_cos_table_1[7]            0.98           1.00          -0.02  (VIOLATED)
       PIN :   dot/U646/B       0.98           1.00          -0.02  (VIOLATED)
   rg_cos_table_2[0]            0.98           1.00          -0.02  (VIOLATED)
       PIN :   dot/U608/C       0.98           1.00          -0.02  (VIOLATED)
   rg_cos_table_2[1]            0.98           1.00          -0.02  (VIOLATED)
       PIN :   dot/U615/C       0.98           1.00          -0.02  (VIOLATED)
   rg_cos_table_2[2]            0.98           1.00          -0.02  (VIOLATED)
       PIN :   dot/U592/C       0.98           1.00          -0.02  (VIOLATED)
   rg_cos_table_2[3]            0.98           1.00          -0.02  (VIOLATED)
       PIN :   dot/U599/C       0.98           1.00          -0.02  (VIOLATED)
   rg_cos_table_2[4]            0.98           1.00          -0.02  (VIOLATED)
       PIN :   dot/U578/C       0.98           1.00          -0.02  (VIOLATED)
   rg_cos_table_2[5]            0.98           1.00          -0.02  (VIOLATED)
       PIN :   dot/U585/C       0.98           1.00          -0.02  (VIOLATED)
   rg_cos_table_2[6]            0.98           1.00          -0.02  (VIOLATED)
       PIN :   dot/U630/C       0.98           1.00          -0.02  (VIOLATED)
   rg_cos_table_2[7]            0.98           1.00          -0.02  (VIOLATED)
       PIN :   dot/U646/C       0.98           1.00          -0.02  (VIOLATED)
   rg_cos_table_3[0]            0.98           1.00          -0.02  (VIOLATED)
       PIN :   dot/U607/C       0.98           1.00          -0.02  (VIOLATED)
   rg_cos_table_3[1]            0.98           1.00          -0.02  (VIOLATED)
       PIN :   dot/U614/C       0.98           1.00          -0.02  (VIOLATED)
   rg_cos_table_3[2]            0.98           1.00          -0.02  (VIOLATED)
       PIN :   dot/U591/C       0.98           1.00          -0.02  (VIOLATED)
   rg_cos_table_3[3]            0.98           1.00          -0.02  (VIOLATED)
       PIN :   dot/U598/C       0.98           1.00          -0.02  (VIOLATED)
   rg_cos_table_3[4]            0.98           1.00          -0.02  (VIOLATED)
       PIN :   dot/U577/C       0.98           1.00          -0.02  (VIOLATED)
   rg_cos_table_3[5]            0.98           1.00          -0.02  (VIOLATED)
       PIN :   dot/U584/C       0.98           1.00          -0.02  (VIOLATED)
   rg_cos_table_3[6]            0.98           1.00          -0.02  (VIOLATED)
       PIN :   dot/U629/C       0.98           1.00          -0.02  (VIOLATED)
   rg_cos_table_3[7]            0.98           1.00          -0.02  (VIOLATED)
       PIN :   dot/U645/C       0.98           1.00          -0.02  (VIOLATED)
   rg_cos_table_4[0]            0.98           1.00          -0.02  (VIOLATED)
       PIN :   dot/U603/C       0.98           1.00          -0.02  (VIOLATED)
   rg_cos_table_4[1]            0.98           1.00          -0.02  (VIOLATED)
       PIN :   dot/U611/C       0.98           1.00          -0.02  (VIOLATED)
   rg_cos_table_4[2]            0.98           1.00          -0.02  (VIOLATED)
       PIN :   dot/U588/C       0.98           1.00          -0.02  (VIOLATED)
   rg_cos_table_4[3]            0.98           1.00          -0.02  (VIOLATED)
       PIN :   dot/U595/C       0.98           1.00          -0.02  (VIOLATED)
   rg_cos_table_4[4]            0.98           1.00          -0.02  (VIOLATED)
       PIN :   dot/U574/C       0.98           1.00          -0.02  (VIOLATED)
   rg_cos_table_4[5]            0.98           1.00          -0.02  (VIOLATED)
       PIN :   dot/U581/C       0.98           1.00          -0.02  (VIOLATED)
   rg_cos_table_4[6]            0.98           1.00          -0.02  (VIOLATED)
       PIN :   dot/U626/C       0.98           1.00          -0.02  (VIOLATED)
   rg_cos_table_4[7]            0.98           1.00          -0.02  (VIOLATED)
       PIN :   dot/U642/C       0.98           1.00          -0.02  (VIOLATED)
   rg_cos_table_5[0]            0.98           1.00          -0.02  (VIOLATED)
       PIN :   dot/U605/C       0.98           1.00          -0.02  (VIOLATED)
   rg_cos_table_5[1]            0.98           1.00          -0.02  (VIOLATED)
       PIN :   dot/U612/C       0.98           1.00          -0.02  (VIOLATED)
   rg_cos_table_5[2]            0.98           1.00          -0.02  (VIOLATED)
       PIN :   dot/U589/C       0.98           1.00          -0.02  (VIOLATED)
   rg_cos_table_5[3]            0.98           1.00          -0.02  (VIOLATED)
       PIN :   dot/U596/C       0.98           1.00          -0.02  (VIOLATED)
   rg_cos_table_5[4]            0.98           1.00          -0.02  (VIOLATED)
       PIN :   dot/U575/C       0.98           1.00          -0.02  (VIOLATED)
   rg_cos_table_5[5]            0.98           1.00          -0.02  (VIOLATED)
       PIN :   dot/U582/C       0.98           1.00          -0.02  (VIOLATED)
   rg_cos_table_5[6]            0.98           1.00          -0.02  (VIOLATED)
       PIN :   dot/U627/C       0.98           1.00          -0.02  (VIOLATED)
   rg_cos_table_5[7]            0.98           1.00          -0.02  (VIOLATED)
       PIN :   dot/U643/C       0.98           1.00          -0.02  (VIOLATED)
   rg_cos_table_6[0]            0.98           1.00          -0.02  (VIOLATED)
       PIN :   dot/U603/A       0.98           1.00          -0.02  (VIOLATED)
   rg_cos_table_6[1]            0.98           1.00          -0.02  (VIOLATED)
       PIN :   dot/U611/B       0.98           1.00          -0.02  (VIOLATED)
   rg_cos_table_6[2]            0.98           1.00          -0.02  (VIOLATED)
       PIN :   dot/U588/B       0.98           1.00          -0.02  (VIOLATED)
   rg_cos_table_6[3]            0.98           1.00          -0.02  (VIOLATED)
       PIN :   dot/U595/B       0.98           1.00          -0.02  (VIOLATED)
   rg_cos_table_6[4]            0.98           1.00          -0.02  (VIOLATED)
       PIN :   dot/U574/B       0.98           1.00          -0.02  (VIOLATED)
   rg_cos_table_6[5]            0.98           1.00          -0.02  (VIOLATED)
       PIN :   dot/U581/B       0.98           1.00          -0.02  (VIOLATED)
   rg_cos_table_6[6]            0.98           1.00          -0.02  (VIOLATED)
       PIN :   dot/U626/B       0.98           1.00          -0.02  (VIOLATED)
   rg_cos_table_6[7]            0.98           1.00          -0.02  (VIOLATED)
       PIN :   dot/U642/B       0.98           1.00          -0.02  (VIOLATED)
   rg_cos_table_7[0]            0.98           1.00          -0.02  (VIOLATED)
       PIN :   dot/U605/A       0.98           1.00          -0.02  (VIOLATED)
   rg_cos_table_7[1]            0.98           1.00          -0.02  (VIOLATED)
       PIN :   dot/U612/B       0.98           1.00          -0.02  (VIOLATED)
   rg_cos_table_7[2]            0.98           1.00          -0.02  (VIOLATED)
       PIN :   dot/U589/B       0.98           1.00          -0.02  (VIOLATED)
   rg_cos_table_7[3]            0.98           1.00          -0.02  (VIOLATED)
       PIN :   dot/U596/B       0.98           1.00          -0.02  (VIOLATED)
   rg_cos_table_7[4]            0.98           1.00          -0.02  (VIOLATED)
       PIN :   dot/U575/B       0.98           1.00          -0.02  (VIOLATED)
   rg_cos_table_7[5]            0.98           1.00          -0.02  (VIOLATED)
       PIN :   dot/U582/B       0.98           1.00          -0.02  (VIOLATED)
   rg_cos_table_7[6]            0.98           1.00          -0.02  (VIOLATED)
       PIN :   dot/U627/B       0.98           1.00          -0.02  (VIOLATED)
   rg_cos_table_7[7]            0.98           1.00          -0.02  (VIOLATED)
       PIN :   dot/U643/B       0.98           1.00          -0.02  (VIOLATED)
   rg_leakage_table_0[0]        0.98           1.00          -0.02  (VIOLATED)
       PIN :   calvn/U114/C     0.98           1.00          -0.02  (VIOLATED)
   rg_leakage_table_0[1]        0.98           1.00          -0.02  (VIOLATED)
       PIN :   calvn/U81/C      0.98           1.00          -0.02  (VIOLATED)
   rg_leakage_table_0[2]        0.98           1.00          -0.02  (VIOLATED)
       PIN :   calvn/U84/C      0.98           1.00          -0.02  (VIOLATED)
   rg_leakage_table_0[3]        0.98           1.00          -0.02  (VIOLATED)
       PIN :   calvn/U97/C      0.98           1.00          -0.02  (VIOLATED)
   rg_leakage_table_0[4]        0.98           1.00          -0.02  (VIOLATED)
       PIN :   calvn/U82/C      0.98           1.00          -0.02  (VIOLATED)
   rg_leakage_table_0[5]        0.98           1.00          -0.02  (VIOLATED)
       PIN :   calvn/U72/C      0.98           1.00          -0.02  (VIOLATED)
   rg_leakage_table_0[6]        0.98           1.00          -0.02  (VIOLATED)
       PIN :   calvn/U79/C      0.98           1.00          -0.02  (VIOLATED)
   rg_leakage_table_0[7]        0.98           1.00          -0.02  (VIOLATED)
       PIN :   calvn/U78/C      0.98           1.00          -0.02  (VIOLATED)
   rg_leakage_table_1[0]        0.98           1.00          -0.02  (VIOLATED)
       PIN :   calvn/U236/B     0.98           1.00          -0.02  (VIOLATED)
   rg_leakage_table_1[1]        0.98           1.00          -0.02  (VIOLATED)
       PIN :   calvn/U99/B      0.98           1.00          -0.02  (VIOLATED)
   rg_leakage_table_1[2]        0.98           1.00          -0.02  (VIOLATED)
       PIN :   calvn/U98/B      0.98           1.00          -0.02  (VIOLATED)
   rg_leakage_table_1[3]        0.98           1.00          -0.02  (VIOLATED)
       PIN :   calvn/U96/B      0.98           1.00          -0.02  (VIOLATED)
   rg_leakage_table_1[4]        0.98           1.00          -0.02  (VIOLATED)
       PIN :   calvn/U75/B      0.98           1.00          -0.02  (VIOLATED)
   rg_leakage_table_1[5]        0.98           1.00          -0.02  (VIOLATED)
       PIN :   calvn/U95/B      0.98           1.00          -0.02  (VIOLATED)
   rg_leakage_table_1[6]        0.98           1.00          -0.02  (VIOLATED)
       PIN :   calvn/U71/B      0.98           1.00          -0.02  (VIOLATED)
   rg_leakage_table_1[7]        0.98           1.00          -0.02  (VIOLATED)
       PIN :   calvn/U94/B      0.98           1.00          -0.02  (VIOLATED)
   rg_leakage_table_2[0]        0.98           1.00          -0.02  (VIOLATED)
       PIN :   calvn/U115/C     0.98           1.00          -0.02  (VIOLATED)
   rg_leakage_table_2[1]        0.98           1.00          -0.02  (VIOLATED)
       PIN :   calvn/U113/C     0.98           1.00          -0.02  (VIOLATED)
   rg_leakage_table_2[2]        0.98           1.00          -0.02  (VIOLATED)
       PIN :   calvn/U83/C      0.98           1.00          -0.02  (VIOLATED)
   rg_leakage_table_2[3]        0.98           1.00          -0.02  (VIOLATED)
       PIN :   calvn/U112/C     0.98           1.00          -0.02  (VIOLATED)
   rg_leakage_table_2[4]        0.98           1.00          -0.02  (VIOLATED)
       PIN :   calvn/U111/C     0.98           1.00          -0.02  (VIOLATED)
   rg_leakage_table_2[5]        0.98           1.00          -0.02  (VIOLATED)
       PIN :   calvn/U41/C      0.98           1.00          -0.02  (VIOLATED)
   rg_leakage_table_2[6]        0.98           1.00          -0.02  (VIOLATED)
       PIN :   calvn/U80/C      0.98           1.00          -0.02  (VIOLATED)
   rg_leakage_table_2[7]        0.98           1.00          -0.02  (VIOLATED)
       PIN :   calvn/U39/C      0.98           1.00          -0.02  (VIOLATED)
   rg_leakage_table_3[0]        0.98           1.00          -0.02  (VIOLATED)
       PIN :   calvn/U236/D     0.98           1.00          -0.02  (VIOLATED)
   rg_leakage_table_3[1]        0.98           1.00          -0.02  (VIOLATED)
       PIN :   calvn/U99/D      0.98           1.00          -0.02  (VIOLATED)
   rg_leakage_table_3[2]        0.98           1.00          -0.02  (VIOLATED)
       PIN :   calvn/U98/D      0.98           1.00          -0.02  (VIOLATED)
   rg_leakage_table_3[3]        0.98           1.00          -0.02  (VIOLATED)
       PIN :   calvn/U96/D      0.98           1.00          -0.02  (VIOLATED)
   rg_leakage_table_3[4]        0.98           1.00          -0.02  (VIOLATED)
       PIN :   calvn/U75/D      0.98           1.00          -0.02  (VIOLATED)
   rg_leakage_table_3[5]        0.98           1.00          -0.02  (VIOLATED)
       PIN :   calvn/U95/D      0.98           1.00          -0.02  (VIOLATED)
   rg_leakage_table_3[6]        0.98           1.00          -0.02  (VIOLATED)
       PIN :   calvn/U71/D      0.98           1.00          -0.02  (VIOLATED)
   rg_leakage_table_3[7]        0.98           1.00          -0.02  (VIOLATED)
       PIN :   calvn/U94/D      0.98           1.00          -0.02  (VIOLATED)
   rg_leakage_table_4[0]        0.98           1.00          -0.02  (VIOLATED)
       PIN :   calvn/U114/B     0.98           1.00          -0.02  (VIOLATED)
   rg_leakage_table_4[1]        0.98           1.00          -0.02  (VIOLATED)
       PIN :   calvn/U81/B      0.98           1.00          -0.02  (VIOLATED)
   rg_leakage_table_4[2]        0.98           1.00          -0.02  (VIOLATED)
       PIN :   calvn/U84/B      0.98           1.00          -0.02  (VIOLATED)
   rg_leakage_table_4[3]        0.98           1.00          -0.02  (VIOLATED)
       PIN :   calvn/U97/B      0.98           1.00          -0.02  (VIOLATED)
   rg_leakage_table_4[4]        0.98           1.00          -0.02  (VIOLATED)
       PIN :   calvn/U82/B      0.98           1.00          -0.02  (VIOLATED)
   rg_leakage_table_4[5]        0.98           1.00          -0.02  (VIOLATED)
       PIN :   calvn/U72/B      0.98           1.00          -0.02  (VIOLATED)
   rg_leakage_table_4[6]        0.98           1.00          -0.02  (VIOLATED)
       PIN :   calvn/U79/B      0.98           1.00          -0.02  (VIOLATED)
   rg_leakage_table_4[7]        0.98           1.00          -0.02  (VIOLATED)
       PIN :   calvn/U78/B      0.98           1.00          -0.02  (VIOLATED)
   rg_leakage_table_5[0]        0.98           1.00          -0.02  (VIOLATED)
       PIN :   calvn/U237/D     0.98           1.00          -0.02  (VIOLATED)
   rg_leakage_table_5[1]        0.98           1.00          -0.02  (VIOLATED)
       PIN :   calvn/U30/D      0.98           1.00          -0.02  (VIOLATED)
   rg_leakage_table_5[2]        0.98           1.00          -0.02  (VIOLATED)
       PIN :   calvn/U77/D      0.98           1.00          -0.02  (VIOLATED)
   rg_leakage_table_5[3]        0.98           1.00          -0.02  (VIOLATED)
       PIN :   calvn/U76/D      0.98           1.00          -0.02  (VIOLATED)
   rg_leakage_table_5[4]        0.98           1.00          -0.02  (VIOLATED)
       PIN :   calvn/U73/D      0.98           1.00          -0.02  (VIOLATED)
   rg_leakage_table_5[5]        0.98           1.00          -0.02  (VIOLATED)
       PIN :   calvn/U93/D      0.98           1.00          -0.02  (VIOLATED)
   rg_leakage_table_5[6]        0.98           1.00          -0.02  (VIOLATED)
       PIN :   calvn/U29/D      0.98           1.00          -0.02  (VIOLATED)
   rg_leakage_table_5[7]        0.98           1.00          -0.02  (VIOLATED)
       PIN :   calvn/U92/D      0.98           1.00          -0.02  (VIOLATED)
   rg_leakage_table_6[0]        0.98           1.00          -0.02  (VIOLATED)
       PIN :   calvn/U115/B     0.98           1.00          -0.02  (VIOLATED)
   rg_leakage_table_6[1]        0.98           1.00          -0.02  (VIOLATED)
       PIN :   calvn/U113/B     0.98           1.00          -0.02  (VIOLATED)
   rg_leakage_table_6[2]        0.98           1.00          -0.02  (VIOLATED)
       PIN :   calvn/U83/B      0.98           1.00          -0.02  (VIOLATED)
   rg_leakage_table_6[3]        0.98           1.00          -0.02  (VIOLATED)
       PIN :   calvn/U112/B     0.98           1.00          -0.02  (VIOLATED)
   rg_leakage_table_6[4]        0.98           1.00          -0.02  (VIOLATED)
       PIN :   calvn/U111/B     0.98           1.00          -0.02  (VIOLATED)
   rg_leakage_table_6[5]        0.98           1.00          -0.02  (VIOLATED)
       PIN :   calvn/U41/B      0.98           1.00          -0.02  (VIOLATED)
   rg_leakage_table_6[6]        0.98           1.00          -0.02  (VIOLATED)
       PIN :   calvn/U80/B      0.98           1.00          -0.02  (VIOLATED)
   rg_leakage_table_6[7]        0.98           1.00          -0.02  (VIOLATED)
       PIN :   calvn/U39/B      0.98           1.00          -0.02  (VIOLATED)
   rg_leakage_table_7[0]        0.98           1.00          -0.02  (VIOLATED)
       PIN :   calvn/U237/B     0.98           1.00          -0.02  (VIOLATED)
   rg_leakage_table_7[1]        0.98           1.00          -0.02  (VIOLATED)
       PIN :   calvn/U30/B      0.98           1.00          -0.02  (VIOLATED)
   rg_leakage_table_7[2]        0.98           1.00          -0.02  (VIOLATED)
       PIN :   calvn/U77/B      0.98           1.00          -0.02  (VIOLATED)
   rg_leakage_table_7[3]        0.98           1.00          -0.02  (VIOLATED)
       PIN :   calvn/U76/B      0.98           1.00          -0.02  (VIOLATED)
   rg_leakage_table_7[4]        0.98           1.00          -0.02  (VIOLATED)
       PIN :   calvn/U73/B      0.98           1.00          -0.02  (VIOLATED)
   rg_leakage_table_7[5]        0.98           1.00          -0.02  (VIOLATED)
       PIN :   calvn/U93/B      0.98           1.00          -0.02  (VIOLATED)
   rg_leakage_table_7[6]        0.98           1.00          -0.02  (VIOLATED)
       PIN :   calvn/U29/B      0.98           1.00          -0.02  (VIOLATED)
   rg_leakage_table_7[7]        0.98           1.00          -0.02  (VIOLATED)
       PIN :   calvn/U92/B      0.98           1.00          -0.02  (VIOLATED)
   rg_sin_table_0[0]            0.98           1.00          -0.02  (VIOLATED)
       PIN :   dot/U339/B       0.98           1.00          -0.02  (VIOLATED)
   rg_sin_table_0[1]            0.98           1.00          -0.02  (VIOLATED)
       PIN :   dot/U329/B       0.98           1.00          -0.02  (VIOLATED)
   rg_sin_table_0[2]            0.98           1.00          -0.02  (VIOLATED)
       PIN :   dot/U289/B       0.98           1.00          -0.02  (VIOLATED)
   rg_sin_table_0[3]            0.98           1.00          -0.02  (VIOLATED)
       PIN :   dot/U298/B       0.98           1.00          -0.02  (VIOLATED)
   rg_sin_table_0[4]            0.98           1.00          -0.02  (VIOLATED)
       PIN :   dot/U256/B       0.98           1.00          -0.02  (VIOLATED)
   rg_sin_table_0[5]            0.98           1.00          -0.02  (VIOLATED)
       PIN :   dot/U266/B       0.98           1.00          -0.02  (VIOLATED)
   rg_sin_table_0[6]            0.98           1.00          -0.02  (VIOLATED)
       PIN :   dot/U400/B       0.98           1.00          -0.02  (VIOLATED)
   rg_sin_table_0[7]            0.98           1.00          -0.02  (VIOLATED)
       PIN :   dot/U431/B       0.98           1.00          -0.02  (VIOLATED)
   rg_sin_table_1[0]            0.98           1.00          -0.02  (VIOLATED)
       PIN :   dot/U340/B       0.98           1.00          -0.02  (VIOLATED)
   rg_sin_table_1[1]            0.98           1.00          -0.02  (VIOLATED)
       PIN :   dot/U330/B       0.98           1.00          -0.02  (VIOLATED)
   rg_sin_table_1[2]            0.98           1.00          -0.02  (VIOLATED)
       PIN :   dot/U189/B       0.98           1.00          -0.02  (VIOLATED)
   rg_sin_table_1[3]            0.98           1.00          -0.02  (VIOLATED)
       PIN :   dot/U299/B       0.98           1.00          -0.02  (VIOLATED)
   rg_sin_table_1[4]            0.98           1.00          -0.02  (VIOLATED)
       PIN :   dot/U258/B       0.98           1.00          -0.02  (VIOLATED)
   rg_sin_table_1[5]            0.98           1.00          -0.02  (VIOLATED)
       PIN :   dot/U267/B       0.98           1.00          -0.02  (VIOLATED)
   rg_sin_table_1[6]            0.98           1.00          -0.02  (VIOLATED)
       PIN :   dot/U401/B       0.98           1.00          -0.02  (VIOLATED)
   rg_sin_table_1[7]            0.98           1.00          -0.02  (VIOLATED)
       PIN :   dot/U432/B       0.98           1.00          -0.02  (VIOLATED)
   rg_sin_table_2[0]            0.98           1.00          -0.02  (VIOLATED)
       PIN :   dot/U340/C       0.98           1.00          -0.02  (VIOLATED)
   rg_sin_table_2[1]            0.98           1.00          -0.02  (VIOLATED)
       PIN :   dot/U330/C       0.98           1.00          -0.02  (VIOLATED)
   rg_sin_table_2[2]            0.98           1.00          -0.02  (VIOLATED)
       PIN :   dot/U189/C       0.98           1.00          -0.02  (VIOLATED)
   rg_sin_table_2[3]            0.98           1.00          -0.02  (VIOLATED)
       PIN :   dot/U299/C       0.98           1.00          -0.02  (VIOLATED)
   rg_sin_table_2[4]            0.98           1.00          -0.02  (VIOLATED)
       PIN :   dot/U258/C       0.98           1.00          -0.02  (VIOLATED)
   rg_sin_table_2[5]            0.98           1.00          -0.02  (VIOLATED)
       PIN :   dot/U267/C       0.98           1.00          -0.02  (VIOLATED)
   rg_sin_table_2[6]            0.98           1.00          -0.02  (VIOLATED)
       PIN :   dot/U401/C       0.98           1.00          -0.02  (VIOLATED)
   rg_sin_table_2[7]            0.98           1.00          -0.02  (VIOLATED)
       PIN :   dot/U432/C       0.98           1.00          -0.02  (VIOLATED)
   rg_sin_table_3[0]            0.98           1.00          -0.02  (VIOLATED)
       PIN :   dot/U339/C       0.98           1.00          -0.02  (VIOLATED)
   rg_sin_table_3[1]            0.98           1.00          -0.02  (VIOLATED)
       PIN :   dot/U329/C       0.98           1.00          -0.02  (VIOLATED)
   rg_sin_table_3[2]            0.98           1.00          -0.02  (VIOLATED)
       PIN :   dot/U289/C       0.98           1.00          -0.02  (VIOLATED)
   rg_sin_table_3[3]            0.98           1.00          -0.02  (VIOLATED)
       PIN :   dot/U298/C       0.98           1.00          -0.02  (VIOLATED)
   rg_sin_table_3[4]            0.98           1.00          -0.02  (VIOLATED)
       PIN :   dot/U256/C       0.98           1.00          -0.02  (VIOLATED)
   rg_sin_table_3[5]            0.98           1.00          -0.02  (VIOLATED)
       PIN :   dot/U266/C       0.98           1.00          -0.02  (VIOLATED)
   rg_sin_table_3[6]            0.98           1.00          -0.02  (VIOLATED)
       PIN :   dot/U400/C       0.98           1.00          -0.02  (VIOLATED)
   rg_sin_table_3[7]            0.98           1.00          -0.02  (VIOLATED)
       PIN :   dot/U431/C       0.98           1.00          -0.02  (VIOLATED)
   rg_sin_table_4[0]            0.98           1.00          -0.02  (VIOLATED)
       PIN :   dot/U336/C       0.98           1.00          -0.02  (VIOLATED)
   rg_sin_table_4[1]            0.98           1.00          -0.02  (VIOLATED)
       PIN :   dot/U326/C       0.98           1.00          -0.02  (VIOLATED)
   rg_sin_table_4[2]            0.98           1.00          -0.02  (VIOLATED)
       PIN :   dot/U285/C       0.98           1.00          -0.02  (VIOLATED)
   rg_sin_table_4[3]            0.98           1.00          -0.02  (VIOLATED)
       PIN :   dot/U295/C       0.98           1.00          -0.02  (VIOLATED)
   rg_sin_table_4[4]            0.98           1.00          -0.02  (VIOLATED)
       PIN :   dot/U252/C       0.98           1.00          -0.02  (VIOLATED)
   rg_sin_table_4[5]            0.98           1.00          -0.02  (VIOLATED)
       PIN :   dot/U263/C       0.98           1.00          -0.02  (VIOLATED)
   rg_sin_table_4[6]            0.98           1.00          -0.02  (VIOLATED)
       PIN :   dot/U397/C       0.98           1.00          -0.02  (VIOLATED)
   rg_sin_table_4[7]            0.98           1.00          -0.02  (VIOLATED)
       PIN :   dot/U428/C       0.98           1.00          -0.02  (VIOLATED)
   rg_sin_table_5[0]            0.98           1.00          -0.02  (VIOLATED)
       PIN :   dot/U337/C       0.98           1.00          -0.02  (VIOLATED)
   rg_sin_table_5[1]            0.98           1.00          -0.02  (VIOLATED)
       PIN :   dot/U327/C       0.98           1.00          -0.02  (VIOLATED)
   rg_sin_table_5[2]            0.98           1.00          -0.02  (VIOLATED)
       PIN :   dot/U286/C       0.98           1.00          -0.02  (VIOLATED)
   rg_sin_table_5[3]            0.98           1.00          -0.02  (VIOLATED)
       PIN :   dot/U296/C       0.98           1.00          -0.02  (VIOLATED)
   rg_sin_table_5[4]            0.98           1.00          -0.02  (VIOLATED)
       PIN :   dot/U254/C       0.98           1.00          -0.02  (VIOLATED)
   rg_sin_table_5[5]            0.98           1.00          -0.02  (VIOLATED)
       PIN :   dot/U264/C       0.98           1.00          -0.02  (VIOLATED)
   rg_sin_table_5[6]            0.98           1.00          -0.02  (VIOLATED)
       PIN :   dot/U398/C       0.98           1.00          -0.02  (VIOLATED)
   rg_sin_table_5[7]            0.98           1.00          -0.02  (VIOLATED)
       PIN :   dot/U429/C       0.98           1.00          -0.02  (VIOLATED)
   rg_sin_table_6[0]            0.98           1.00          -0.02  (VIOLATED)
       PIN :   dot/U336/A       0.98           1.00          -0.02  (VIOLATED)
   rg_sin_table_6[1]            0.98           1.00          -0.02  (VIOLATED)
       PIN :   dot/U326/B       0.98           1.00          -0.02  (VIOLATED)
   rg_sin_table_6[2]            0.98           1.00          -0.02  (VIOLATED)
       PIN :   dot/U285/B       0.98           1.00          -0.02  (VIOLATED)
   rg_sin_table_6[3]            0.98           1.00          -0.02  (VIOLATED)
       PIN :   dot/U295/B       0.98           1.00          -0.02  (VIOLATED)
   rg_sin_table_6[4]            0.98           1.00          -0.02  (VIOLATED)
       PIN :   dot/U252/B       0.98           1.00          -0.02  (VIOLATED)
   rg_sin_table_6[5]            0.98           1.00          -0.02  (VIOLATED)
       PIN :   dot/U263/B       0.98           1.00          -0.02  (VIOLATED)
   rg_sin_table_6[6]            0.98           1.00          -0.02  (VIOLATED)
       PIN :   dot/U397/B       0.98           1.00          -0.02  (VIOLATED)
   rg_sin_table_6[7]            0.98           1.00          -0.02  (VIOLATED)
       PIN :   dot/U428/B       0.98           1.00          -0.02  (VIOLATED)
   rg_sin_table_7[0]            0.98           1.00          -0.02  (VIOLATED)
       PIN :   dot/U337/A       0.98           1.00          -0.02  (VIOLATED)
   rg_sin_table_7[1]            0.98           1.00          -0.02  (VIOLATED)
       PIN :   dot/U327/B       0.98           1.00          -0.02  (VIOLATED)
   rg_sin_table_7[2]            0.98           1.00          -0.02  (VIOLATED)
       PIN :   dot/U286/B       0.98           1.00          -0.02  (VIOLATED)
   rg_sin_table_7[3]            0.98           1.00          -0.02  (VIOLATED)
       PIN :   dot/U296/B       0.98           1.00          -0.02  (VIOLATED)
   rg_sin_table_7[4]            0.98           1.00          -0.02  (VIOLATED)
       PIN :   dot/U254/B       0.98           1.00          -0.02  (VIOLATED)
   rg_sin_table_7[5]            0.98           1.00          -0.02  (VIOLATED)
       PIN :   dot/U264/B       0.98           1.00          -0.02  (VIOLATED)
   rg_sin_table_7[6]            0.98           1.00          -0.02  (VIOLATED)
       PIN :   dot/U398/B       0.98           1.00          -0.02  (VIOLATED)
   rg_sin_table_7[7]            0.98           1.00          -0.02  (VIOLATED)
       PIN :   dot/U429/B       0.98           1.00          -0.02  (VIOLATED)
   valid_num[0]                 0.98           1.00          -0.02  (VIOLATED)
       PIN :   U44/A            0.98           1.00          -0.02  (VIOLATED)
   valid_num[1]                 0.98           1.00          -0.02  (VIOLATED)
       PIN :   U42/A            0.98           1.00          -0.02  (VIOLATED)
   valid_num[2]                 0.98           1.00          -0.02  (VIOLATED)
       PIN :   U29/A            0.98           1.00          -0.02  (VIOLATED)
   vin1[0]                      0.98           1.00          -0.02  (VIOLATED)
       PIN :   U20/A            0.98           1.00          -0.02  (VIOLATED)
   vin1[1]                      0.98           1.00          -0.02  (VIOLATED)
       PIN :   calvn/U89/A      0.98           1.00          -0.02  (VIOLATED)
       PIN :   calvn/U88/D1     0.98           1.00          -0.02  (VIOLATED)
       PIN :   calvn/U126/B     0.98           1.00          -0.02  (VIOLATED)
       PIN :   calvn/U160/D0
                                0.98           1.00          -0.02  (VIOLATED)
       PIN :   calvn/U288/A     0.98           1.00          -0.02  (VIOLATED)
   vin1[2]                      0.98           1.00          -0.02  (VIOLATED)
       PIN :   U27/A            0.98           1.00          -0.02  (VIOLATED)
   vin1[3]                      0.98           1.00          -0.02  (VIOLATED)
       PIN :   U4/A             0.98           1.00          -0.02  (VIOLATED)
   vin1[4]                      0.98           1.00          -0.02  (VIOLATED)
       PIN :   U28/A            0.98           1.00          -0.02  (VIOLATED)
   vin1[5]                      0.98           1.00          -0.02  (VIOLATED)
       PIN :   U5/A             0.98           1.00          -0.02  (VIOLATED)
   vin1[6]                      0.98           1.00          -0.02  (VIOLATED)
       PIN :   U40/A            0.98           1.00          -0.02  (VIOLATED)
   vin1[7]                      0.98           1.00          -0.02  (VIOLATED)
       PIN :   U7/A             0.98           1.00          -0.02  (VIOLATED)
   vin2[0]                      0.98           1.00          -0.02  (VIOLATED)
       PIN :   U23/A            0.98           1.00          -0.02  (VIOLATED)
   vin2[1]                      0.98           1.00          -0.02  (VIOLATED)
       PIN :   calvn/U120/B     0.98           1.00          -0.02  (VIOLATED)
       PIN :   calvn/U88/D0     0.98           1.00          -0.02  (VIOLATED)
       PIN :   calvn/U125/A     0.98           1.00          -0.02  (VIOLATED)
       PIN :   calvn/U160/D1
                                0.98           1.00          -0.02  (VIOLATED)
       PIN :   calvn/U290/A     0.98           1.00          -0.02  (VIOLATED)
   vin2[2]                      0.98           1.00          -0.02  (VIOLATED)
       PIN :   U32/A            0.98           1.00          -0.02  (VIOLATED)
   vin2[3]                      0.98           1.00          -0.02  (VIOLATED)
       PIN :   U24/A            0.98           1.00          -0.02  (VIOLATED)
   vin2[4]                      0.98           1.00          -0.02  (VIOLATED)
       PIN :   U35/A            0.98           1.00          -0.02  (VIOLATED)
   vin2[5]                      0.98           1.00          -0.02  (VIOLATED)
       PIN :   U25/A            0.98           1.00          -0.02  (VIOLATED)
   vin2[6]                      0.98           1.00          -0.02  (VIOLATED)
       PIN :   U26/A            0.98           1.00          -0.02  (VIOLATED)
   vin2[7]                      0.98           1.00          -0.02  (VIOLATED)
       PIN :   U21/A            0.98           1.00          -0.02  (VIOLATED)
   vin_vld                      0.98           1.00          -0.02  (VIOLATED)
       PIN :   calvn/U173/B     0.98           1.00          -0.02  (VIOLATED)

   -----------------------------------------------------------------
   Total                      218                -4.80  

1
